10-10 17:50:08.762 22538 22538 W Finsky  : [2] shm.run(5): SCH: No real network when expected
10-10 17:50:08.763 22538 22538 I Finsky  : [2] sdg.a(59): SCH: ConstraintMapping: 1-1337, 12-1,  -> L: 0ms, D: 57001423ms, C: false, I: false, N: 1
10-10 17:50:08.763 22538 22538 I Finsky  : [2] sdg.a(59): SCH: ConstraintMapping: 26-1414141414,  -> L: 41359679ms, D: 42259679ms, C: false, I: false, N: 0
10-10 17:50:08.766 22538 22538 I Finsky  : [2] sfy.a(37): Cancelling existing jobscheduler jobs: 9003 
10-10 17:50:08.766 22538 22538 I Finsky  : [2] sfy.a(13): Throttling wakeup for job 9000 (expected to run in 0 ms) due to recent wakeup
10-10 17:50:08.767 22538 22538 I Finsky  : [2] sfy.a(18): No real network when expected for job 9000. Delaying: 1800000
10-10 17:50:08.767 22538 22538 I Finsky  : [2] sfy.a(30): Scheduling job Id: 9000, L: 1800000, D: 57001423, C: false, I: false, N: 1
10-10 17:50:08.770 22538 22538 I Finsky  : [2] sfy.a(30): Scheduling job Id: 9001, L: 41359679, D: 42259679, C: false, I: false, N: 0
10-10 17:50:10.214  3490 31665 I chatty  : uid=1000(system) com.coloros.persist.system expire 2 lines
10-10 17:50:34.880  5027  5028 E rutils  : releaseProcess gCount = 2
10-10 17:50:41.839   857   857 I chatty  : uid=1000(system) thermal@1.0-ser expire 23 lines
10-10 17:50:43.291   908  3455 I chatty  : uid=1000(system) ScreenShotThrea expire 24 lines
10-10 17:50:53.707  1659  2188 I chatty  : uid=1000(system) WifiStateMachin expire 14 lines
10-10 17:50:55.350  9667  9700 I d       : checkActiveCard() 
10-10 17:50:55.361  9667  9700 I b       : getCards()
10-10 17:51:04.882  5027  5028 E rutils  : releaseProcess gCount = 2
10-10 17:51:05.113   908  3455 I chatty  : uid=1000(system) ScreenShotThrea expire 13 lines
10-10 17:51:09.697 22538 22577 I PlayCommon: [2726] ahoc.c(28): Preparing logs for uploading
10-10 17:51:09.701 22538 22577 W PlayCommon: [2726] ahoc.a(1): No account for auth token provided
10-10 17:51:09.702 22538 22577 I PlayCommon: [2726] ahoc.c(180): Connecting to server: https://play.googleapis.com/play/log?format=raw&proto_v2=true
10-10 17:51:09.788 22538 22577 I RM_POWER_NET: com.android.vending(22538) Sucess to connect  to play.googleapis.com/216.58.199.106 (port 443) from /10.102.177.43 (port 39202)
10-10 17:51:09.906 22538 22577 I PlayCommon: [2726] ahoc.c(210): Successfully uploaded logs.
10-10 17:51:34.883  5027  5028 E rutils  : releaseProcess gCount = 2
10-10 17:51:34.999   908  3455 I chatty  : uid=1000(system) ScreenShotThrea expire 12 lines
10-10 17:51:44.038 31933 27747 V xiaomi  : [Thread:2546] [Slim] RCV ping id=0
10-10 17:51:44.046 31933 31950 V xiaomi  : [Thread:2499] [Slim] SND ping id=1
10-10 17:51:44.048 31933 31950 V xiaomi  : stats key not found
10-10 17:51:44.049 31933 31950 V xiaomi  : [Thread:2499] TinyData TinyDataCacheProcessor.pingFollowUpAction ts:1570701104049
10-10 17:51:44.052 31933 31950 V xiaomi  : [Thread:2499] TinyData TinyDataCacheProcessor.pingFollowUpAction !canUpload(uploader) ts:1570701104052
10-10 17:51:44.142 31933 27747 V xiaomi  : [Thread:2546] [Slim] RCV ping id=0
10-10 17:51:44.143 31933 31950 V xiaomi  : stats key not found
10-10 17:51:44.144 31933 31950 V xiaomi  : [Thread:2499] TinyData TinyDataCacheProcessor.pingFollowUpAction ts:1570701104144
10-10 17:51:44.146 31933 31950 V xiaomi  : [Thread:2499] TinyData TinyDataCacheProcessor.pingFollowUpAction !canUpload(uploader) ts:1570701104146
10-10 17:51:55.362  9667  9700 I d       : checkActiveCard() 
10-10 17:51:55.375  9667  9700 I b       : getCards()
10-10 17:51:55.531   908  3455 I chatty  : uid=1000(system) ScreenShotThrea expire 20 lines
10-10 17:52:03.777  1659  2188 I chatty  : uid=1000(system) WifiStateMachin expire 10 lines
10-10 17:52:04.884  5027  5028 E rutils  : releaseProcess gCount = 2
10-10 17:52:07.862 22538 22554 I Finsky  : [2707] jmy.run(3): Stats for Executor: BlockingExecutor joq@d83acf7[Running, pool size = 0, active threads = 0, queued tasks = 0, completed tasks = 62]
10-10 17:52:07.863 22538 22554 I Finsky  : [2707] jmy.run(3): Stats for Executor: LightweightExecutor joq@dce1764[Running, pool size = 4, active threads = 0, queued tasks = 0, completed tasks = 71]
10-10 17:52:07.863 22538 22554 I Finsky  : [2707] jmy.run(3): Stats for Executor: bgExecutor joq@7389dcd[Running, pool size = 4, active threads = 0, queued tasks = 0, completed tasks = 270]
10-10 17:52:21.433   908  3455 I chatty  : uid=1000(system) ScreenShotThrea expire 33 lines
10-10 17:52:29.164  1659 31675 I chatty  : uid=1000 system_server expire 1 line
10-10 17:52:29.176  1659 31673 I chatty  : uid=1000 system_server expire 1 line
10-10 17:52:29.210  1659 31674 I chatty  : uid=1000 system_server expire 1 line
10-10 17:52:29.762  1659  2206 I chatty  : uid=1000(system) Thread-16 expire 10 lines
10-10 17:52:34.884  5027  5028 E rutils  : releaseProcess gCount = 2
10-10 17:52:37.695 10640 31363 V NativeCrypto: Read error: ssl=0x7da96eb908: I/O error during system call, Connection reset by peer
10-10 17:52:37.704 10640 31363 V NativeCrypto: SSL shutdown failed: ssl=0x7da96eb908: I/O error during system call, Broken pipe
10-10 17:52:37.707 10640 31363 E WakeLock: GCM_HB_ALARM release without a matched acquire!
10-10 17:52:37.707 10640 31363 W WakeLock: GCM_HB_ALARM counter does not exist
10-10 17:52:37.715 10640 31363 E WakeLock: GCM_CONN_ALARM release without a matched acquire!
10-10 17:52:37.715 10640 31363 W WakeLock: GCM_CONN_ALARM counter does not exist
10-10 17:52:41.849   857   857 I chatty  : uid=1000(system) thermal@1.0-ser expire 26 lines
10-10 17:52:42.733 27451 27462 I elsa    : addToCgroupProcs, success add pid:28931 to mCgroupProcsFd = 8, path:/dev/freezer/cgroup.procs!
10-10 17:52:42.735 27451 27462 I elsa    : addToCgroupProcs, success add pid:26936 to mCgroupProcsFd = 8, path:/dev/freezer/cgroup.procs!
10-10 17:52:42.741 27451 27462 I elsa    : addToCgroupProcs, success add pid:28318 to mCgroupProcsFd = 8, path:/dev/freezer/cgroup.procs!
10-10 17:52:42.741 27451 27462 I elsa    : addToCgroupProcs, success add pid:28987 to mCgroupProcsFd = 8, path:/dev/freezer/cgroup.procs!
10-10 17:52:42.744 27451 27462 I elsa    : addToCgroupProcs, success add pid:22930 to mCgroupProcsFd = 8, path:/dev/freezer/cgroup.procs!
10-10 17:52:42.747 27451 27462 I elsa    : addToCgroupProcs, success add pid:28892 to mCgroupProcsFd = 8, path:/dev/freezer/cgroup.procs!
10-10 17:52:42.749 27451 27462 I elsa    : addToCgroupProcs, success add pid:20047 to mCgroupProcsFd = 8, path:/dev/freezer/cgroup.procs!
10-10 17:52:42.749 27451 27462 I elsa    : addToCgroupProcs, success add pid:28839 to mCgroupProcsFd = 8, path:/dev/freezer/cgroup.procs!
10-10 17:52:42.756   905 26128 D AudioPolicyService: UidPolicy::notifyService() uid=10161 active=1
10-10 17:52:42.757 31933 31950 V xiaomi  : [Thread:2499] JOB: Handle intent action = com.xiaomi.push.timer
10-10 17:52:42.757 31933 31950 V xiaomi  : [Thread:2499] Service called on timer
10-10 17:52:42.771 31933 31950 V xiaomi  : [Thread:2499] [Slim] SND ping id=0
10-10 17:52:42.775   542   542 I chatty  : uid=1000(system) hwservicemanage expire 12 lines
10-10 17:52:42.786 31774 31774 I WeatherS_AutoUpdateWeatherService: onStartJob JobId:-1257800919
10-10 17:52:42.788 31774 31774 I WeatherS_AutoUpdateWeatherService: doUpdateNow = true
10-10 17:52:42.797 31774 31774 I WeatherS_AutoUpdateWeatherService: jobFinished JobId:-1257800919
10-10 17:52:42.799 31774 31774 I WeatherS_AutoUpdateWeatherService: finishCurrentJob mCurrentJob = null
10-10 17:52:42.800 31774 31774 I WeatherS_ServiceAutoUpdateWeather: launchUpdateWeatherServiceInDelayTime list size = 0
10-10 17:52:42.808 31774 31774 I WeatherS_AutoUpdateWeatherService: onStopJob JobId:-1257800919
10-10 17:52:42.808 31774 31774 I WeatherS_AutoUpdateWeatherService: onStopJob mCurrentJob = null
10-10 17:52:42.809   769   769 I Zygote  : Process 28318 exited due to signal (9)
10-10 17:52:42.820  1659  8418 I chatty  : uid=1000(system) Binder:1659_20 expire 3 lines
10-10 17:52:42.821   770   770 I Zygote  : Process 20047 exited due to signal (9)
10-10 17:52:42.850   769   769 I Zygote  : Process 28987 exited due to signal (9)
10-10 17:52:42.861   769   769 I Zygote  : Process 28892 exited due to signal (9)
10-10 17:52:42.864   770   770 I Zygote  : Process 28839 exited due to signal (9)
10-10 17:52:42.870   769   769 I Zygote  : Process 28931 exited due to signal (9)
10-10 17:52:42.870  1659  1773 I chatty  : uid=1000(system) ActivityManager expire 31 lines
10-10 17:52:42.881 31933 27747 V xiaomi  : [Thread:2546] [Slim] RCV ping id=0
10-10 17:52:42.883 31933 31950 V xiaomi  : [Thread:2499] TinyData TinyDataCacheProcessor.pingFollowUpAction ts:1570701162883
10-10 17:52:42.884 31933 31950 V xiaomi  : [Thread:2499] TinyData TinyDataCacheProcessor.pingFollowUpAction !canUpload(uploader) ts:1570701162884
10-10 17:52:42.893   769   769 I Zygote  : Process 22930 exited due to signal (9)
10-10 17:52:42.915   769   769 I Zygote  : Process 26936 exited due to signal (9)
10-10 17:52:45.895 31698 31698 E .android.chrom: Not starting debugger since process cannot load the jdwp agent.
10-10 17:52:45.920 31698 31710 I .android.chrom: The ClassLoaderContext is a special shared library.
10-10 17:52:45.920 31711 31711 E ogle.android.g: Not starting debugger since process cannot load the jdwp agent.
10-10 17:52:45.948 31711 31723 I ogle.android.g: The ClassLoaderContext is a special shared library.
10-10 17:52:45.953 31698 31710 W .android.chrom: JIT profile information will not be recorded: profile file does not exits.
10-10 17:52:45.953 31698 31710 W .android.chrom: JIT profile information will not be recorded: profile file does not exits.
10-10 17:52:45.967 31724 31724 E ndroid.calenda: Not starting debugger since process cannot load the jdwp agent.
10-10 17:52:45.969 31711 31723 I ogle.android.g: The ClassLoaderContext is a special shared library.
10-10 17:52:45.976 31698 31698 D Embryo  : preload com.android.chrome, 10ms, hwui=true, layout=false, decor=false
10-10 17:52:45.984 31698 31736 D OpenGLRenderer: Skia GL Pipeline
10-10 17:52:45.984 31698 31736 D MMListParser: onlineVersion -1 defaultVersion 20190831
10-10 17:52:45.988 31739 31739 E android.youtub: Not starting debugger since process cannot load the jdwp agent.
10-10 17:52:45.990 31711 31711 D Embryo  : preload com.google.android.gm, 4ms, hwui=false, layout=false, decor=false
10-10 17:52:45.993 31724 31738 I ndroid.calenda: The ClassLoaderContext is a special shared library.
10-10 17:52:46.007 31724 31738 I ndroid.calenda: The ClassLoaderContext is a special shared library.
10-10 17:52:46.009 31739 31753 I android.youtub: The ClassLoaderContext is a special shared library.
10-10 17:52:46.022 31724 31724 D Embryo  : preload com.google.android.calendar, 2ms, hwui=false, layout=false, decor=false
10-10 17:52:46.023 31739 31753 I android.youtub: The ClassLoaderContext is a special shared library.
10-10 17:52:46.033 31739 31753 W android.youtub: JIT profile information will not be recorded: profile file does not exits.
10-10 17:52:46.033 31739 31753 I chatty  : uid=10138(com.google.android.youtube) Binder:31739_2 identical 1 line
10-10 17:52:46.033 31739 31753 W android.youtub: JIT profile information will not be recorded: profile file does not exits.
10-10 17:52:46.044 31739 31739 D Embryo  : preload com.google.android.youtube, 2ms, hwui=false, layout=false, decor=false
10-10 17:52:47.208  1659 31760 I chatty  : uid=1000 system_server expire 1 line
10-10 17:52:47.224  1659 31758 I chatty  : uid=1000 system_server expire 1 line
10-10 17:52:52.772 27451 27462 I elsa    : addToCgroupProcs, success add pid:32265 to mCgroupProcsFd = 8, path:/dev/freezer/cgroup.procs!
10-10 17:52:52.775 31933 31950 V xiaomi  : [Thread:2499] JOB: check the ping-pong.1570701162771
10-10 17:52:52.779 27451 27462 I elsa    : addToCgroupProcs, success add pid:27393 to mCgroupProcsFd = 8, path:/dev/freezer/cgroup.procs!
10-10 17:52:52.817   769   769 I Zygote  : Process 32265 exited due to signal (9)
10-10 17:52:52.818   542   542 I chatty  : uid=1000(system) hwservicemanage expire 10 lines
10-10 17:52:52.828   770   770 I Zygote  : Process 27393 exited due to signal (9)
10-10 17:52:53.731  1659  2188 I chatty  : uid=1000(system) WifiStateMachin expire 11 lines
10-10 17:52:54.901 10640 31695 E WakeLock: GCM_HB_ALARM release without a matched acquire!
10-10 17:52:54.902 10640 31695 W WakeLock: GCM_HB_ALARM counter does not exist
10-10 17:52:55.307 10640 31765 I RM_POWER_NET: com.google.android.gms.persistent(10640) Sucess to connect  to alt7-mtalk.google.com/209.85.202.188 (port 5228) from /10.102.177.43 (port 49840)
10-10 17:52:55.375  9667  9700 I d       : checkActiveCard() 
10-10 17:52:55.385  9667  9700 I b       : getCards()
10-10 17:52:55.753 10640 10832 E Parcel  : Reading a NULL string not supported here.
10-10 17:52:55.773 10640 10832 E Parcel  : Reading a NULL string not supported here.
10-10 17:52:55.853 10640 29146 I Funnel  : Init: funnel is disabled, skipping initialization.
10-10 17:52:56.013  1659  1763 I chatty  : uid=1000(system) EmbryoManager expire 13 lines
10-10 17:52:56.019 27451 27462 I elsa    : addToCgroupProcs, success add pid:5307 to mCgroupProcsFd = 8, path:/dev/freezer/cgroup.procs!
10-10 17:52:56.052   770   770 I Zygote  : Process 5307 exited due to signal (9)
10-10 17:52:56.564 10640 31767 E WakeLock: GCM_CONN_ALARM release without a matched acquire!
10-10 17:53:04.885  5027  5028 E rutils  : releaseProcess gCount = 2
10-10 17:53:07.792   908  3455 I chatty  : uid=1000(system) ScreenShotThrea expire 55 lines
10-10 17:53:14.993  1099  1120 D         : charger_monitor : RTC not feed_back yet
10-10 17:53:34.885  5027  5028 E rutils  : releaseProcess gCount = 2
10-10 17:53:36.061   875   942 E ANDR-PERF-MPCTL: Invalid profile no. 0, total profiles 0 only
10-10 17:53:36.116   908  3455 I chatty  : uid=1000(system) ScreenShotThrea expire 34 lines
10-10 17:53:36.148  7320  7320 I Launcher.Launcher: resetBackAnimationState mAppBackAnimationView = null
10-10 17:53:36.171  7320  7320 D Launcher.Launcher: finishCallback -- run! iconView = com.oppo.launcher.BubbleTextView{ed9c94e VFED..CL. ........ 437,1252-643,1552 #9ce90204}
10-10 17:53:36.171  7320  7320 I Launcher.Launcher: resetBackAnimationState mAppBackAnimationView = null
10-10 17:53:36.171  7320  7320 I Choreographer: Skipped 1 frames!  The application may be doing too much work on its main thread.
10-10 17:53:36.184 32045 32045 I chatty  : uid=1000(system) expire 14 lines
10-10 17:53:36.200 31788 31788 E com.oppo.music: Not starting debugger since process cannot load the jdwp agent.
10-10 17:53:36.208 31788 31806 I com.oppo.music: The ClassLoaderContext is a special shared library.
10-10 17:53:36.216   905  7891 D AudioPolicyService: UidPolicy::notifyService() uid=10046 active=1
10-10 17:53:36.222  3467  3514 D oiface  : forground package is com.oppo.music
10-10 17:53:36.223 32435 32435 I StatusBar: setNavigationBarColor() vis:0 color:0 expandNavBar:false mNavState:0
10-10 17:53:36.223 32435 32435 D BarTransitions.NavigationBarView: setForceOpaque forceOpaque:false color:0 @com.android.systemui.statusbar.phone.NavigationBarTransitions@4f7d510
10-10 17:53:36.226   857   857 I chatty  : uid=1000(system) thermal@1.0-ser expire 10 lines
10-10 17:53:36.226 31788 31788 I com.oppo.music: The ClassLoaderContext is a special shared library.
10-10 17:53:36.227 31788 31788 I com.oppo.music: The ClassLoaderContext is a special shared library.
10-10 17:53:36.235 31788 31788 I Perf    : Connecting to perf service.
10-10 17:53:36.243 31788 31788 D OppoUsbEnvironmentSys: getVolumes: sInternalSdDir=/storage/emulated/0
10-10 17:53:36.244 31788 31788 D OppoUsbEnvironmentSys: update: registerReceiver sVolumeStateReceiver
10-10 17:53:36.246 31788 31788 D Bard_Injector: isFlipFontUsed = false
10-10 17:53:36.259 31788 31810 V BreakpadManagerJNI: registerBreakpad10
10-10 17:53:36.294 31788 31788 W ColorViewPager: Requested offscreen page limit 0 too small; defaulting to 1
10-10 17:53:36.297 31788 31788 E ToolbarWidgetWrapper: ToolbarWidgetWrapper::current dpi is 480
10-10 17:53:36.307 31788 31788 D OpenGLRenderer: Skia GL Pipeline
10-10 17:53:36.308 31788 31788 D MMListParser: onlineVersion -1 defaultVersion 20190831
10-10 17:53:36.310  7320  7320 W Launcher.DragLayer: Launcherx Draglayer:dispatchTouchEvent - but has no focused window...
10-10 17:53:36.310   875   943 W ANDR-PERF-LM: FeatureState: readState() 149: warning: appName is NULL, returning default State
10-10 17:53:36.310   875   943 W ANDR-PERF-LM: FeatureState: readState() 149: warning: appName is NULL, returning default State
10-10 17:53:36.316 31788 31788 D WindowManager: Add to mViews: DecorView@352d2d0[MainListActivity], this = android.view.WindowManagerGlobal@35f52c9,pkg=com.oppo.music
10-10 17:53:36.320 31788 31788 V ViewRootImpl: The specified message queue synchronization  barrier token has not been posted or has already been removed
10-10 17:53:36.374 32435 32435 I StatusBar: setNavigationBarColor() vis:0 color:fffbfbfb expandNavBar:false mNavState:0
10-10 17:53:36.375 32435 32435 D BarTransitions.NavigationBarView: setForceOpaque forceOpaque:false color:0 @com.android.systemui.statusbar.phone.NavigationBarTransitions@4f7d510
10-10 17:53:36.375 31788 31821 I AdrenoGLES: QUALCOMM build                   : 7996a19, I3bfa226343
10-10 17:53:36.375 31788 31821 I AdrenoGLES: Build Date                       : 07/23/19
10-10 17:53:36.375 31788 31821 I AdrenoGLES: OpenGL ES Shader Compiler Version: EV031.26.14.00
10-10 17:53:36.375 31788 31821 I AdrenoGLES: Local Branch                     : 
10-10 17:53:36.375 31788 31821 I AdrenoGLES: Remote Branch                    : refs/tags/AU_LINUX_ANDROID_LA.UM.7.1.R1.09.00.00.461.147
10-10 17:53:36.375 31788 31821 I AdrenoGLES: Remote Branch                    : NONE
10-10 17:53:36.375 31788 31821 I AdrenoGLES: Reconstruct Branch               : NOTHING
10-10 17:53:36.375 31788 31821 I AdrenoGLES: Build Config                     : S P 6.0.9 AArch32
10-10 17:53:36.377 31788 31788 W Choreographer: Already have a pending vsync event.  There should only be one at a time.
10-10 17:53:36.377 31788 31821 I AdrenoGLES: PFP: 0x016ee187, ME: 0x00000000
10-10 17:53:36.383 31788 31821 I OpenGLRenderer: Initialized EGL, version 1.4
10-10 17:53:36.383 31788 31821 D OpenGLRenderer: Swap behavior 2
10-10 17:53:36.384 31788 31821 I OpenGLRenderer: processName com.oppo.music
10-10 17:53:36.385 31788 31821 I OpenGLRenderer: Need change to liner: 0x0
10-10 17:53:36.421 31788 31788 W Choreographer: Already have a pending vsync event.  There should only be one at a time.
10-10 17:53:36.423 31788 31788 I Choreographer: Skipped 2 frames!  The application may be doing too much work on its main thread.
10-10 17:53:36.429 31788 31788 I Choreographer: Skipped 3 frames!  The application may be doing too much work on its main thread.
10-10 17:53:36.499   908   908 I chatty  : uid=1000(system) /system/bin/surfaceflinger expire 14 lines
10-10 17:53:36.505  7320  7320 D Launcher.Workspace: changeState, newState = NORMAL, mState = NORMAL
10-10 17:53:36.505  7320  7320 I Launcher.Workspace: changeState RETURN !! -- mState = NORMAL, state = NORMAL, getChildCount() = 2
10-10 17:53:36.506  7320  7360 I Launcher.LauncherTraceUtil: writeLauncherStateToFile. The mStateTrace is null!
10-10 17:53:36.515   905  7891 D AudioFlinger: getActiveAudioPids pids = 
10-10 17:53:36.671 31788 31788 D liujianfeng: supportNavigationbar = true
10-10 17:53:36.674 31788 31788 D WindowManager: Add to mViews: DecorView@dd06fc0[MainListActivity], this = android.view.WindowManagerGlobal@35f52c9,pkg=com.oppo.music
10-10 17:53:36.677 32435 32435 D StatusBar: disable<E!i a s b h r c s > disable2<q i n >
10-10 17:53:36.677 32435 32435 V StatusBar: mStatusBarWindow: com.android.systemui.statusbar.phone.StatusBarWindowView{2aaa8b7 V.ED..... ........ 0,0-1080,84} canPanelBeCollapsed(): false
10-10 17:53:36.906 31788 31788 D liujianfeng: supportNavigationbar = true
10-10 17:53:36.908 31788 31788 D WindowManager: Add to mViews: DecorView@f3ace97[MainListActivity], this = android.view.WindowManagerGlobal@35f52c9,pkg=com.oppo.music
10-10 17:53:36.916   908  1562 I chatty  : uid=1000(system) Binder:908_3 expire 12 lines
10-10 17:53:36.955 31856 31856 E sic:MusicPlaye: Not starting debugger since process cannot load the jdwp agent.
10-10 17:53:36.960  2762 10701 E PhoneInterfaceManager: [PhoneIntfMgr] getCarrierPrivilegeStatus: No UICC
10-10 17:53:36.962  2762 10701 E PhoneInterfaceManager: [PhoneIntfMgr] getCarrierPrivilegeStatus: No UICC
10-10 17:53:36.963 31788 31788 E CheckPermission: _bluetooth code = 1 
10-10 17:53:36.963 31788 31788 E CheckPermission: _bluetooth code = 3 
10-10 17:53:36.964 31856 31882 I sic:MusicPlaye: The ClassLoaderContext is a special shared library.
10-10 17:53:36.965   542   542 I chatty  : uid=1000(system) hwservicemanage expire 10 lines
10-10 17:53:36.975 31856 31856 I sic:MusicPlaye: The ClassLoaderContext is a special shared library.
10-10 17:53:36.975 31788 31788 I Choreographer: Skipped 2 frames!  The application may be doing too much work on its main thread.
10-10 17:53:36.976 31856 31856 I sic:MusicPlaye: The ClassLoaderContext is a special shared library.
10-10 17:53:36.983 31856 31856 I Perf    : Connecting to perf service.
10-10 17:53:36.989 31856 31856 D Bard_Injector: isFlipFontUsed = false
10-10 17:53:36.996 31856 31856 I MediaPlayer: new mediaplayer ,packageName = com.oppo.music
10-10 17:53:36.996 31856 31856 I MediaPlayer: isPlaying() isOppoCreate=false
10-10 17:53:36.998 31856 31893 V BreakpadManagerJNI: registerBreakpad10
10-10 17:53:37.004 31856 31856 I MediaPlayer: setWakeMode() isOppoCreate=false mode=1
10-10 17:53:37.500  1179  1179 D IAtlas  : IAtlas::init CallingPid 31788
10-10 17:53:37.501  1179  1179 D IAtlas  : IAtlas::init this 0xec57b5c0
10-10 17:53:37.501 31788 31888 V MediaMetadataRetriever: closeFd()
10-10 17:53:37.502  1179  1179 V StagefrightMetadataRetriever: StagefrightMetadataRetriever()
10-10 17:53:37.502  1179  1179 V StagefrightMetadataRetriever: setDataSource(9, 0, 2029184)
10-10 17:53:37.502  1179  1179 I ExtendedUtils: printFileName fd(9) -> /storage/emulated/0/Music/It's realme.mp3
10-10 17:53:37.502  1148  4690 I OmaDrmEngine: OmaDrmEngine::onInitialize
10-10 17:53:37.502  1148  4690 I OmaDrmEngine: OmaDrmEngine::onInitialize -- OmaDrmGlue_InitializeKeyEncryption succeeded
10-10 17:53:37.502  1148  4690 I OmaDrmEngine: OmaDrmEngine::onSetOnInfoListener
10-10 17:53:37.502  1148  4690 V OmaDrmEngine: Found infoListenerClient
10-10 17:53:37.504  1148  4690 I OmaDrmEngine: OmaDrmEngine::onOpenDecryptSession! fd = 15
10-10 17:53:37.504  1148  4690 D OmaDrmFile: Coming into OmaDrmDcfFile_ParserDcf, fd =  17
10-10 17:53:37.504  1148  4690 E OmaDrmFile: Unable to open Temp media file : No such file or directory 
10-10 17:53:37.504  1148  4690 E OmaDrmFile: Invalid drm version
10-10 17:53:37.504  1148  4690 V OmaDrmFile: DCF releases
10-10 17:53:37.504  1148  4690 I OmaDrmEngine: OmaDrmEngine::onOpenDecryptSession Exit. result = -2006
10-10 17:53:37.505  1148  1398 I OmaDrmEngine: OmaDrmEngine::onTerminate
10-10 17:53:37.505  1179  1179 D StagefrightMetadataRetriever: FileSource remote
10-10 17:53:37.506  1179  1179 V StagefrightMetadataRetriever: IDataSource(FileSource): 0xebf5d040 9 0 2029184
10-10 17:53:37.508  1169  2311 I QComExtractorFactory:  Sniff MP3 success, adjust confidence to 0.3
10-10 17:53:37.509  1169  2311 I MMParserExtractor: Created(0x7b086dc380)
10-10 17:53:37.509  1169  2311 D IAtlas  : IAtlas::init CallingPid 1179
10-10 17:53:37.509  1169  2311 D IAtlas  : IAtlas::init this 0x7b086337d0
10-10 17:53:37.509  1169  2311 E MM_OSAL : FileSource::FileSource
10-10 17:53:37.509  1169  2311 E MM_OSAL : FileSource::FileSource m_bEveryThingOK 1
10-10 17:53:37.509  1169  2311 E MM_OSAL : MM_File_Create failed .Efs Error No -1 , File Name /data/mmosal_logmask.cfg , Mode 0
10-10 17:53:37.509  1169  2311 E MM_OSAL : Open or read fail on /data/mmosal_logmask.cfg. Possible permission denied issue. Looking for /data/misc/media/mmosal_logmask.cfg
10-10 17:53:37.509  1169  2311 E MM_OSAL : MM_File_Create failed .Efs Error No -1 , File Name /data/misc/media/mmosal_logmask.cfg , Mode 0
10-10 17:53:37.512  1169  2311 E MMParserExtractor:  get metadata failed for meta type 19, size 0
10-10 17:53:37.512  1169  2311 D MMParserExtractor: MMParserSource(): mime = audio/mpeg Timescale = 1000000
10-10 17:53:37.512  1169  2311 I OppoFfmpegPlugin: found audio mime = audio/mpeg
10-10 17:53:37.515 31788 31888 V MediaMetadataRetriever: closeFd()
10-10 17:53:37.516 31788 31888 V MediaMetadataRetriever: mFd is valid, close it.
10-10 17:53:37.516  1179  1179 V StagefrightMetadataRetriever: ~StagefrightMetadataRetriever()
10-10 17:53:37.516  1169  2311 W MediaAnalyticsItem: Unable to record: [1:extractor:0:-1::0:-1:1:0:3:android.media.mediaextractor.fmt=MMParserExtractor:android.media.mediaextractor.ntrk=1:android.media.mediaextractor.mime=audio/mpeg:] [forcenew=0]
10-10 17:53:37.547   905  7891 D AudioPolicyService: UidPolicy::notifyService() uid=10127 active=1
10-10 17:53:37.572 31788 31788 D OppoTouchSearchView: the mSections is[R]
10-10 17:53:44.125  1659  2143 I chatty  : uid=1000(system) SensorService expire 11 lines
10-10 17:53:48.757  1659  2188 I chatty  : uid=1000(system) WifiStateMachin expire 10 lines
10-10 17:53:52.801   905  7891 D AudioPolicyService: UidPolicy::notifyService() uid=10161 active=0
10-10 17:53:55.386  9667  9700 I d       : checkActiveCard() 
10-10 17:53:55.398  9667  9700 I b       : getCards()
10-10 17:54:02.501   908  3455 I chatty  : uid=1000(system) ScreenShotThrea expire 51 lines
10-10 17:54:04.886  5027  5028 E rutils  : releaseProcess gCount = 2
10-10 17:54:34.888  5027  5028 E rutils  : releaseProcess gCount = 2
10-10 17:54:35.647   908  3455 I chatty  : uid=1000(system) ScreenShotThrea expire 10 lines
10-10 17:54:37.604   905  7891 D AudioPolicyService: UidPolicy::notifyService() uid=10127 active=0
10-10 17:54:38.782  1659  2188 I chatty  : uid=1000(system) WifiStateMachin expire 17 lines
10-10 17:54:41.858   857   857 I chatty  : uid=1000(system) thermal@1.0-ser expire 20 lines
10-10 17:54:50.699 27451 27462 W elsa    : WARNING  Cgroup not support uid:-1, pid:31931, type:3
10-10 17:54:52.864 31944 31944 I studio.deploy: DeltaInstall found API level:28
10-10 17:54:52.865 31944 31944 I studio.deploy: -t
10-10 17:54:52.865 31944 31944 I studio.deploy: --full
10-10 17:54:52.865 31944 31944 I studio.deploy: -r
10-10 17:54:52.985 31944 31944 I studio.deploy: DeltaInstall created session: '6053377'
10-10 17:54:52.985 31944 31944 I studio.deploy: package
10-10 17:54:52.985 31944 31944 I studio.deploy: install-write
10-10 17:54:52.985 31944 31944 I studio.deploy: -S
10-10 17:54:52.985 31944 31944 I studio.deploy: 3405713
10-10 17:54:52.985 31944 31944 I studio.deploy: 6053377
10-10 17:54:52.985 31944 31944 I studio.deploy: base.apk
10-10 17:54:53.114 31944 31944 I studio.deploy: package
10-10 17:54:53.114 31944 31944 I studio.deploy: install-commit
10-10 17:54:53.114 31944 31944 I studio.deploy: 6053377
10-10 17:54:53.123  1659  2206 I chatty  : uid=1000(system) Thread-16 expire 16 lines
10-10 17:54:53.173  7320  7320 D Launcher.PackageUpdateHandler: onReceive intent = Intent { act=oppo.intent.action.OPPO_START_INSTALL flg=0x10 pkg=com.oppo.launcher (has extras) }
10-10 17:54:53.173  7320  7320 D Launcher.PackageUpdateHandler: onReceive userHandle = UserHandle{0}
10-10 17:54:53.184   905  7891 D AudioPolicyService: UidPolicy::notifyService() uid=10028 active=1
10-10 17:54:53.229   905  7891 D AudioPolicyService: UidPolicy::notifyService() uid=10067 active=1
10-10 17:54:53.232 22538 22538 I Finsky  : [2] xsp.a(5): Verification requested, id = 78
10-10 17:54:53.242 22538 22538 E Finsky  : [2] ygg.b(2): Package name pc is not an installed package
10-10 17:54:53.251 22538 22578 I Finsky  : [2725] xur.a(9): Single user settings service is not running, bind it now
10-10 17:54:53.257 22538 22538 I Finsky  : [2] xuq.onServiceConnected(1): Single user settings service is connected
10-10 17:54:53.261 22538 22578 W Settings: Setting install_non_market_apps has moved from android.provider.Settings.Global to android.provider.Settings.Secure, returning read-only value.
10-10 17:54:53.438 22538 22552 I android.vendin: Waiting for a blocking GC ProfileSaver
10-10 17:54:53.449 22538 22578 I Finsky  : [2725] kgm.a(3): Task 7 requested foreground
10-10 17:54:53.449 22538 22578 I Finsky  : [2725] kgm.a(17): Not entering foreground
10-10 17:54:53.500 22538 22552 I android.vendin: WaitForGcToComplete blocked ProfileSaver on HeapTrim for 62.028ms
10-10 17:54:55.399  9667  9700 I d       : checkActiveCard() 
10-10 17:54:55.403  9667  9700 I b       : getCards()
10-10 17:54:56.842   908  3455 I chatty  : uid=1000(system) ScreenShotThrea expire 11 lines
10-10 17:54:57.379  1659 31966 I chatty  : uid=1000 system_server expire 1 line
10-10 17:54:57.401  1659 31968 I chatty  : uid=1000 system_server expire 1 line
10-10 17:55:04.889  5027  5028 E rutils  : releaseProcess gCount = 2
10-10 17:55:05.563 22538 22578 I Finsky  : [2725] ygg.b(4): PSIC verification started with installer uid: 2000 package name: pc, originating uid: -1
10-10 17:55:05.566 22538 22538 I Finsky  : [2] yby.c(8): Verifying id=78, result=1
10-10 17:55:05.567 22538 22538 I Finsky  : [2] yby.h(6): Verification complete: id=78, package_name=com.example.filemanager
10-10 17:55:05.570   542   542 I chatty  : uid=1000(system) hwservicemanage expire 74 lines
10-10 17:55:05.571 22538 22562 E Parcel  : Reading a NULL string not supported here.
10-10 17:55:05.644 22538 22611 E Parcel  : Reading a NULL string not supported here.
10-10 17:55:05.693  1659  1668 I chatty  : uid=1000(system) HeapTaskDaemon expire 3 lines
10-10 17:55:05.694  1659  1665 I chatty  : uid=1000(system) ReferenceQueueD expire 4 lines
10-10 17:55:06.244  1156 26498 E         : Couldn't opendir /data/app/vmdl6053377.tmp: No such file or directory
10-10 17:55:06.244  1156 26498 E installd: Failed to delete /data/app/vmdl6053377.tmp: No such file or directory
10-10 17:55:06.245  7320  7368 W Launcher.LauncherModel: onNewUpdatedAppsStarted pkgNames is invalid 
10-10 17:55:06.264  3717  3717 D RegisteredNfcServicesCache: uninstall packageName:com.example.filemanager
10-10 17:55:06.269  7320  7320 D Launcher.PackageUpdateHandler: onReceive intent = Intent { act=android.intent.action.PACKAGE_REMOVED dat=package:com.example.filemanager flg=0x4000010 (has extras) }
10-10 17:55:06.269  7320  7320 D Launcher.PackageUpdateHandler: onReceive userHandle = UserHandle{0}
10-10 17:55:06.273 31892 31892 I AstScreen.ApplicationStateChangeMonitor: ApplicationStateChangeReceiver onReceive, Intent { act=android.intent.action.PACKAGE_REMOVED dat=package:com.example.filemanager flg=0x4000010 (has extras) }
10-10 17:55:06.273 31892 31892 I AstScreen.ApplicationStateChangeMonitor: ApplicationStateChangeReceiver onReceive, action = android.intent.action.PACKAGE_REMOVED packageName = com.example.filemanager
10-10 17:55:06.275 32156 32173 D DateUtils: country : CN
10-10 17:55:06.275 32435 32435 I EdgePanelDataUtil: onReceive update, return! pkg:com.example.filemanager
10-10 17:55:06.277 32156 32173 D DateUtils: country : CN
10-10 17:55:06.308  7320  7320 D Launcher.PackageUpdateHandler: onReceive intent = Intent { act=android.intent.action.PACKAGE_ADDED dat=package:com.example.filemanager flg=0x4000010 (has extras) }
10-10 17:55:06.308  7320  7320 D Launcher.PackageUpdateHandler: onReceive userHandle = UserHandle{0}
10-10 17:55:06.309 32435 32435 I StatusBar: ACTION_PACKAGE_ADDED received. mSystemBarMultiColorList:[]
10-10 17:55:06.309 31892 31892 I AstScreen.ApplicationStateChangeMonitor: ApplicationStateChangeReceiver onReceive, Intent { act=android.intent.action.PACKAGE_ADDED dat=package:com.example.filemanager flg=0x4000010 (has extras) }
10-10 17:55:06.309 31892 31892 I AstScreen.ApplicationStateChangeMonitor: ApplicationStateChangeReceiver onReceive, action = android.intent.action.PACKAGE_ADDED packageName = com.example.filemanager
10-10 17:55:06.310 32435 32435 I EdgePanelDataUtil: onReceive update, return! pkg:com.example.filemanager
10-10 17:55:06.312 22538 22538 I Finsky  : [2] prh.a(7): PackageMonitor received: android.intent.action.PACKAGE_ADDED
10-10 17:55:06.312 22538 22538 I Finsky  : [2] psj.d(11): Invalidating cached PackageState for com.example.filemanager
10-10 17:55:06.313 11723 11723 V PackageReceiver: (com.example.filemanager), at PackageReceiver.onReceive(PackageReceiver.java:31)
10-10 17:55:06.313  7320  7320 D Launcher.BadgeDataProviderCompatVP: onPackageUpdate, pkg = com.example.filemanager, userId = UserHandle{0}
10-10 17:55:06.315 32156 32173 D DateUtils: country : CN
10-10 17:55:06.317 32156 32173 D DateUtils: country : CN
10-10 17:55:06.317  7320  7359 D Launcher.AllAppsList: updatePackage ---> packageName = com.example.filemanager, matches.size() = 1
10-10 17:55:06.323 22538 22538 I Finsky  : [2] zci.a(10): Do not start WearSupportService due to Wear service optimization
10-10 17:55:06.331 22538 22538 I Finsky  : [2] pih.c(2): Frosting ID looked up on UI thread. Caller should move to a background thread.
10-10 17:55:06.335  7320  7320 D Launcher.Workspace: updateApps -- updated from open group = false
10-10 17:55:06.341  7320  7359 D Launcher.LauncherProvider: update uri content://com.oppo.launcher.settings/singledesktopitems/52?notify=false
10-10 17:55:06.341  7320  7320 D Launcher.Workspace: updateApps -- updated from page = true
10-10 17:55:06.342 22538 22538 I Finsky  : [2] jtr.run(7): Package state data is missing for com.example.filemanager
10-10 17:55:06.355   905 19104 D AudioPolicyService: UidPolicy::notifyService() uid=10161 active=1
10-10 17:55:06.356 22538 31984 I Finsky  : [2867] pid.run(16): Wrote row to frosting DB: 535
10-10 17:55:06.377 11723 11737 I .coolapk.marke: Background concurrent copying GC freed 4659(539KB) AllocSpace objects, 5(112KB) LOS objects, 49% free, 14MB/29MB, paused 248us total 125.890ms
10-10 17:55:06.391 11723 11723 I AppService: AppService on create, at AppService.onCreate(AppService.kt:45)
10-10 17:55:06.394 22538 22538 I Finsky  : [2] prh.a(7): PackageMonitor received: android.intent.action.PACKAGE_ADDED
10-10 17:55:06.395 22538 22538 I Finsky  : [2] psj.d(11): Invalidating cached PackageState for com.example.filemanager
10-10 17:55:06.400 22538 22538 I Finsky  : [2] zci.a(10): Do not start WearSupportService due to Wear service optimization
10-10 17:55:06.402 31911 31911 I --nc--DataReceiver: onReceive intent= Intent { act=oppo.intent.action.PACKAGE_REMOVED dat=package:com.example.filemanager flg=0x5000010 cmp=com.coloros.notificationmanager/.receiver.DataReceiver (has extras) }
10-10 17:55:06.403 31911 31928 I --nc--DataReceiver: isreplace = true
10-10 17:55:06.405 22538 22538 I Finsky  : [2] pih.c(2): Frosting ID looked up on UI thread. Caller should move to a background thread.
10-10 17:55:06.415 22538 22538 I Finsky  : [2] jtr.run(7): Package state data is missing for com.example.filemanager
10-10 17:55:06.421 11723 11723 V TaskService: Action: ACTION_UPDATE_MOBILE_APP_STATUSKey: ACTION_UPDATE_MOBILE_APP_STATUS:com.example.filemanager, at TaskService.onStartCommand(TaskService.kt:22)
10-10 17:55:06.421 11723 11723 I TaskService: (ACTION_UPDATE_MOBILE_APP_STATUS:com.example.filemanager), at TaskService.onStartCommand(TaskService.kt:26)
10-10 17:55:06.422 11723 32002 V TaskService: (ACTION_UPDATE_MOBILE_APP_STATUS:com.example.filemanager), at TaskService.onHandleIntent(TaskService.kt:46)
10-10 17:55:06.422 11723 11723 V TaskService: Action: ACTION_CHECK_FOR_UPGRADEKey: ACTION_CHECK_FOR_UPGRADE:com.example.filemanager, at TaskService.onStartCommand(TaskService.kt:22)
10-10 17:55:06.422 11723 11723 I TaskService: (ACTION_CHECK_FOR_UPGRADE:com.example.filemanager), at TaskService.onStartCommand(TaskService.kt:26)
10-10 17:55:06.428 11723 11723 V PackageService: PackageService create, at PackageService.onCreate(PackageService.kt:61)
10-10 17:55:06.447 11723 11723 V PackageAddedAction: [Packager added] Package Name: com.example.filemanager, key: 6576c4b3f035b78f34e77a020f77ec2b, at PackageAddedAction.getTaskKey(PackageAddedAction.kt:51)
10-10 17:55:06.447 11723 11723 V TaskService: Action: ACTION_PACKAGE_ADDEDKey: 6576c4b3f035b78f34e77a020f77ec2b, at TaskService.onStartCommand(TaskService.kt:22)
10-10 17:55:06.447 11723 11723 I TaskService: (6576c4b3f035b78f34e77a020f77ec2b), at TaskService.onStartCommand(TaskService.kt:26)
10-10 17:55:06.448 11723 32008 V PackageAddedAction: [Packager added] Package Name: com.example.filemanager, key: 6576c4b3f035b78f34e77a020f77ec2b, at PackageAddedAction.getTaskKey(PackageAddedAction.kt:51)
10-10 17:55:06.448 11723 32008 V TaskService: (6576c4b3f035b78f34e77a020f77ec2b), at TaskService.onHandleIntent(TaskService.kt:46)
10-10 17:55:06.448 11723 32008 V PackageAddedAction: We have 's install state, at PackageAddedAction.doPackageAddedAction(PackageAddedAction.kt:96)
10-10 17:55:06.448 11723 32008 V PackageAddedAction: We have 's install state, at PackageAddedAction.doPackageAddedAction(PackageAddedAction.kt:96)
10-10 17:55:06.448 11723 32008 V PackageAddedAction: We have 's install state, at PackageAddedAction.doPackageAddedAction(PackageAddedAction.kt:96)
10-10 17:55:06.449 11723 32008 V PackageAddedAction: We have 3 install state(s), at PackageAddedAction.doPackageAddedAction(PackageAddedAction.kt:103)
10-10 17:55:06.452 11723 32002 D UpdateAppStatusAction: Get FileManager's MD5: 03883b3349ca5cdd7174acc113bb3590, at UpdateAppStatusAction.onHandleAction(UpdateAppStatusAction.kt:77)
10-10 17:55:06.452 11723 32002 V UpdateAppStatusAction: Save FileManager's data, at UpdateAppStatusAction.onHandleAction(UpdateAppStatusAction.kt:93)
10-10 17:55:06.458 22538 31984 I Finsky  : [2867] pid.run(16): Wrote row to frosting DB: 536
10-10 17:55:06.492   905 19104 D AudioPolicyService: UidPolicy::notifyService() uid=10091 active=1
10-10 17:55:06.493  1659  1659 I chatty  : uid=1000 system_server expire 3 lines
10-10 17:55:06.512 11723 32002 V TaskService: (ACTION_CHECK_FOR_UPGRADE:com.example.filemanager), at TaskService.onHandleIntent(TaskService.kt:46)
10-10 17:55:06.512 11723 32002 V CheckForUpgradeAction: com.example.filemanager, at CheckForUpgradeAction.onHandleAction(CheckForUpgradeAction.kt:56)
10-10 17:55:06.514 11723 32002 D NATIVE-LIB: time 1570701306
10-10 17:55:06.514 11723 32002 D NATIVE-LIB: time 5d9efffa
10-10 17:55:06.514 11723 32046 D NATIVE-LIB: time 1570701306
10-10 17:55:06.514 11723 32046 D NATIVE-LIB: time 5d9efffa
10-10 17:55:06.515 32435 32435 I StatusBar: ACTION_PACKAGE_ADDED received. mSystemBarMultiColorList:[]
10-10 17:55:06.516 31892 31892 I AstScreen.ApplicationStateChangeMonitor: ApplicationStateChangeReceiver onReceive, Intent { act=android.intent.action.PACKAGE_REPLACED dat=package:com.example.filemanager flg=0x4000010 (has extras) }
10-10 17:55:06.516 31892 31892 I AstScreen.ApplicationStateChangeMonitor: ApplicationStateChangeReceiver onReceive, action = android.intent.action.PACKAGE_REPLACED packageName = com.example.filemanager
10-10 17:55:06.519 11723 11723 V PackageReceiver: (com.example.filemanager), at PackageReceiver.onReceive(PackageReceiver.java:61)
10-10 17:55:06.522 11723 32002 V HttpClientFactory$CoolMarketCookieJar: Add cookies, host: api.coolapk.com, at HttpClientFactory$CoolMarketCookieJar.loadForRequest(HttpClientFactory.java:266)
10-10 17:55:06.528  3717  3717 D RegisteredNfcFServicesCache: Service unchanged, not updating
10-10 17:55:06.537 11723 11723 V PackageService: PackageService destroy, at PackageService.onDestroy(PackageService.kt:89)
10-10 17:55:06.538  1659  1757 I chatty  : uid=1000(system) android.bg expire 11 lines
10-10 17:55:06.538 11723 32046 V HttpClientFactory$CoolMarketCookieJar: Add cookies, host: api.coolapk.com, at HttpClientFactory$CoolMarketCookieJar.loadForRequest(HttpClientFactory.java:266)
10-10 17:55:06.565 10624 10795 E Parcel  : Reading a NULL string not supported here.
10-10 17:55:06.583 11723 32062 I RM_POWER_NET: com.coolapk.market(11723) Sucess to connect  to /203.107.1.65 (port 80) from /10.102.177.43 (port 42728)
10-10 17:55:06.597 20815 20815 D SecurePay.SecurePayService: onDestroy
10-10 17:55:06.615  7320  7320 D Launcher.Workspace: updateApps -- updated from open group = false
10-10 17:55:06.619   875   942 E ANDR-PERF-MPCTL: Invalid profile no. 0, total profiles 0 only
10-10 17:55:06.624  7320  7359 D Launcher.LauncherProvider: update uri content://com.oppo.launcher.settings/singledesktopitems/52?notify=false
10-10 17:55:06.625  7320  7320 D Launcher.Workspace: updateApps -- updated from page = true
10-10 17:55:06.626  7320  7320 D Launcher.PackageUpdateHandler: onPackageChanged packageName = com.example.filemanager, user = UserHandle{0}
10-10 17:55:06.634 11723 32002 I RM_POWER_NET: com.coolapk.market(11723) Sucess to connect  to api.coolapk.com/182.118.81.254 (port 443) from /10.102.177.43 (port 42340)
10-10 17:55:06.641 10624 32005 I Auth    : [SupervisedAccountIntentOperation] onHandleIntent(): android.intent.action.PACKAGE_ADDED
10-10 17:55:06.642 10624 32005 I ChromeSync: [Sync,SyncIntentOperation] Handling the intent: Intent { act=android.intent.action.PACKAGE_ADDED dat=package:com.example.filemanager flg=0x4000010 cmp=com.google.android.gms/.chimera.GmsIntentOperationService (has extras) }.
10-10 17:55:06.649 10624 10795 E Parcel  : Reading a NULL string not supported here.
10-10 17:55:06.658 10624 11367 E Parcel  : Reading a NULL string not supported here.
10-10 17:55:06.660 10624 11367 E Parcel  : Reading a NULL string not supported here.
10-10 17:55:06.662 10624 11367 E Parcel  : Reading a NULL string not supported here.
10-10 17:55:06.664 10624 11367 E Parcel  : Reading a NULL string not supported here.
10-10 17:55:06.665 11723 32046 I RM_POWER_NET: com.coolapk.market(11723) Sucess to connect  to api.coolapk.com/182.118.81.254 (port 443) from /10.102.177.43 (port 42342)
10-10 17:55:06.665 10624 11367 E Parcel  : Reading a NULL string not supported here.
10-10 17:55:06.667 10624 11367 E Parcel  : Reading a NULL string not supported here.
10-10 17:55:06.668 10624 11367 E Parcel  : Reading a NULL string not supported here.
10-10 17:55:06.680 10624 24699 E Parcel  : Reading a NULL string not supported here.
10-10 17:55:06.686 10624 24699 E Parcel  : Reading a NULL string not supported here.
10-10 17:55:06.688 10624 24699 E Parcel  : Reading a NULL string not supported here.
10-10 17:55:06.697 10624 24699 E Parcel  : Reading a NULL string not supported here.
10-10 17:55:06.703 10624 24699 E Parcel  : Reading a NULL string not supported here.
10-10 17:55:06.707 10624 24699 E Parcel  : Reading a NULL string not supported here.
10-10 17:55:06.709 17384 32090 I PhoneManager.ScannerImpl: [Mode] filterScanTask(): mLastMode - SCAN_PACKAGE, now mode - SCAN_PACKAGE, where - 3, state - 3
10-10 17:55:06.710 17384 32091 I PhoneManager.ScannerImpl: [Mode] New scanning, set mLastMode -> SCAN_PACKAGE
10-10 17:55:06.711 17384 32091 W PhoneManager.VirusRomUpdateUtil: readCloudBlackList() VIRUS_CONFIG_LIST_FILE not exist.
10-10 17:55:06.711 32079 32079 I ple.filemanage: Late-enabling -Xcheck:jni
10-10 17:55:06.712 17384 17413 I PhoneManager.AvastScanManager: getVirusBaseVersion avast = 191009-02
10-10 17:55:06.723 31911 31911 I --nc--DataReceiver: onReceive intent= Intent { act=oppo.intent.action.PACKAGE_ADDED dat=package:com.example.filemanager flg=0x5000010 cmp=com.coloros.notificationmanager/.receiver.DataReceiver (has extras) }
10-10 17:55:06.723 31911 31928 I --nc--DataReceiver: isreplace = true,pkg=com.example.filemanager
10-10 17:55:06.744 10624 32006 I FontsPackageChangeOp: Package com.example.filemanager has no metadata
10-10 17:55:06.769 10624 24699 E Parcel  : Reading a NULL string not supported here.
10-10 17:55:06.776 10624 24699 E Parcel  : Reading a NULL string not supported here.
10-10 17:55:06.778 32435 32435 D StatusBar: disable<e!i a s b h r c s > disable2<q i n >
10-10 17:55:06.783 10624 24699 E Parcel  : Reading a NULL string not supported here.
10-10 17:55:06.785   905 19104 D AudioPolicyService: UidPolicy::notifyService() uid=10160 active=1
10-10 17:55:06.788   857   857 I chatty  : uid=1000(system) thermal@1.0-ser expire 53 lines
10-10 17:55:06.791 10624 11048 I Icing   : IndexChimeraService.getServiceInterface callingPackage=com.google.android.gms componentName=AppsCorpus serviceId=36
10-10 17:55:06.791 10624 24699 E Parcel  : Reading a NULL string not supported here.
10-10 17:55:06.794  3467  3514 D oiface  : forground package is com.example.filemanager
10-10 17:55:06.799 32079 32122 I ple.filemanage: The ClassLoaderContext is a special shared library.
10-10 17:55:06.803 32435 32435 I StatusBar: setNavigationBarColor() vis:0 color:0 expandNavBar:false mNavState:0
10-10 17:55:06.808 32435 32435 D BarTransitions.NavigationBarView: setForceOpaque forceOpaque:false color:0 @com.android.systemui.statusbar.phone.NavigationBarTransitions@4f7d510
10-10 17:55:06.811 10624 24699 E Parcel  : Reading a NULL string not supported here.
10-10 17:55:06.827 11723 11723 I AppService: AppService on destroy, at AppService.onDestroy(AppService.kt:70)
10-10 17:55:06.831 32490 32521 W ziparchive: Unable to open '/data/app/com.example.filemanager-GjmjD56q_2HhDM8hyTiBEw==/base.apk': No such file or directory
10-10 17:55:06.831 32490 32521 E coloros.recent: Failed to open APK '/data/app/com.example.filemanager-GjmjD56q_2HhDM8hyTiBEw==/base.apk' I/O error
10-10 17:55:06.831 32490 32521 E ResourcesManager: failed to add asset path /data/app/com.example.filemanager-GjmjD56q_2HhDM8hyTiBEw==/base.apk
10-10 17:55:06.832 32490 32521 W PackageManager: Failure retrieving text 0x7f0d001b in package com.example.filemanager
10-10 17:55:06.832 32490 32521 W PackageManager: java.lang.NullPointerException: Attempt to invoke virtual method 'java.lang.CharSequence android.content.res.Resources.getText(int)' on a null object reference
10-10 17:55:06.832 32490 32521 W PackageManager: 	at android.app.ApplicationPackageManager.getText(ApplicationPackageManager.java:1936)
10-10 17:55:06.832 32490 32521 W PackageManager: 	at android.content.pm.ComponentInfo.loadUnsafeLabel(ComponentInfo.java:116)
10-10 17:55:06.832 32490 32521 W PackageManager: 	at android.content.pm.PackageItemInfo.loadLabel(PackageItemInfo.java:194)
10-10 17:55:06.832 32490 32521 W PackageManager: 	at com.android.systemui.shared.system.b.a(ActivityManagerWrapper.java:229)
10-10 17:55:06.832 32490 32521 W PackageManager: 	at com.android.systemui.shared.recents.a.f.a(RecentsTaskLoader.java:279)
10-10 17:55:06.832 32490 32521 W PackageManager: 	at com.android.systemui.shared.recents.a.e.a(RecentsTaskLoadPlan.java:188)
10-10 17:55:06.832 32490 32521 W PackageManager: 	at com.android.quickstep.m.e(RecentsModel.java:273)
10-10 17:55:06.832 32490 32521 W PackageManager: 	at com.android.systemui.shared.system.TaskStackChangeListeners.onTaskStackChanged(TaskStackChangeListeners.java:91)
10-10 17:55:06.832 32490 32521 W PackageManager: 	at android.app.ITaskStackListener$Stub.onTransact(ITaskStackListener.java:50)
10-10 17:55:06.832 32490 32521 W PackageManager: 	at android.os.Binder.execTransact(Binder.java:731)
10-10 17:55:06.832 32490 32521 W ziparchive: Unable to open '/data/app/com.example.filemanager-GjmjD56q_2HhDM8hyTiBEw==/base.apk': No such file or directory
10-10 17:55:06.832 32490 32521 E coloros.recent: Failed to open APK '/data/app/com.example.filemanager-GjmjD56q_2HhDM8hyTiBEw==/base.apk' I/O error
10-10 17:55:06.832 32490 32521 E ResourcesManager: failed to add asset path /data/app/com.example.filemanager-GjmjD56q_2HhDM8hyTiBEw==/base.apk
10-10 17:55:06.833 32490 32521 W PackageManager: Failure retrieving text 0x7f0d001b in package com.example.filemanager
10-10 17:55:06.833 32490 32521 W PackageManager: java.lang.NullPointerException: Attempt to invoke virtual method 'java.lang.CharSequence android.content.res.Resources.getText(int)' on a null object reference
10-10 17:55:06.833 32490 32521 W PackageManager: 	at android.app.ApplicationPackageManager.getText(ApplicationPackageManager.java:1936)
10-10 17:55:06.833 32490 32521 W PackageManager: 	at android.content.pm.ComponentInfo.loadUnsafeLabel(ComponentInfo.java:116)
10-10 17:55:06.833 32490 32521 W PackageManager: 	at android.content.pm.PackageItemInfo.loadLabel(PackageItemInfo.java:194)
10-10 17:55:06.833 32490 32521 W PackageManager: 	at com.android.systemui.shared.system.b.a(ActivityManagerWrapper.java:249)
10-10 17:55:06.833 32490 32521 W PackageManager: 	at com.android.systemui.shared.recents.a.f.b(RecentsTaskLoader.java:303)
10-10 17:55:06.833 32490 32521 W PackageManager: 	at com.android.systemui.shared.recents.a.e.a(RecentsTaskLoadPlan.java:189)
10-10 17:55:06.833 32490 32521 W PackageManager: 	at com.android.quickstep.m.e(RecentsModel.java:273)
10-10 17:55:06.833 32490 32521 W PackageManager: 	at com.android.systemui.shared.system.TaskStackChangeListeners.onTaskStackChanged(TaskStackChangeListeners.java:91)
10-10 17:55:06.833 32490 32521 W PackageManager: 	at android.app.ITaskStackListener$Stub.onTransact(ITaskStackListener.java:50)
10-10 17:55:06.833 32490 32521 W PackageManager: 	at android.os.Binder.execTransact(Binder.java:731)
10-10 17:55:06.833 32490 32521 W ziparchive: Unable to open '/data/app/com.example.filemanager-GjmjD56q_2HhDM8hyTiBEw==/base.apk': No such file or directory
10-10 17:55:06.833 32490 32521 E coloros.recent: Failed to open APK '/data/app/com.example.filemanager-GjmjD56q_2HhDM8hyTiBEw==/base.apk' I/O error
10-10 17:55:06.833 20815 20815 D SecurePay.SecurePayService: onDestroy
10-10 17:55:06.835 32490 32521 E ResourcesManager: failed to add asset path /data/app/com.example.filemanager-GjmjD56q_2HhDM8hyTiBEw==/base.apk
