--------- beginning of main
10-10 17:47:32.256 32435 32435 I StatusBar: setNavigationBarColor() vis:2000000 color:0 expandNavBar:false mNavState:0
10-10 17:47:32.257 32435 32435 D BarTransitions.NavigationBarView: setForceOpaque forceOpaque:false color:0 @com.android.systemui.statusbar.phone.NavigationBarTransitions@4f7d510
10-10 17:47:33.629 10624 11018 E Parcel  : Reading a NULL string not supported here.
10-10 17:47:33.635 10624 11018 E Parcel  : Reading a NULL string not supported here.
10-10 17:47:33.951   875   942 E ANDR-PERF-RESOURCEQS: Failed to reset optimization [3, 0]
10-10 17:47:34.693 10640 31145 E WakeLock: GCM_HB_ALARM release without a matched acquire!
10-10 17:47:34.694 10640 31145 W WakeLock: GCM_HB_ALARM counter does not exist
10-10 17:47:34.875  5027  5028 E rutils  : releaseProcess gCount = 2
10-10 17:47:35.101 10640 31361 I RM_POWER_NET: com.google.android.gms.persistent(10640) Sucess to connect  to alt8-mtalk.google.com/64.233.184.188 (port 5228) from /10.102.177.43 (port 41098)
10-10 17:47:35.969 10640 10832 E Parcel  : Reading a NULL string not supported here.
10-10 17:47:35.996 10640 10832 E Parcel  : Reading a NULL string not supported here.
10-10 17:47:36.004   542   542 I chatty  : uid=1000(system) hwservicemanage expire 31 lines
10-10 17:47:36.006 10640 10832 E Parcel  : Reading a NULL string not supported here.
10-10 17:47:36.009 10640 10832 E Parcel  : Reading a NULL string not supported here.
10-10 17:47:36.024 10640 10832 E Parcel  : Reading a NULL string not supported here.
10-10 17:47:36.040 10640 27689 E Parcel  : Reading a NULL string not supported here.
10-10 17:47:36.051 10624 11018 E Parcel  : Reading a NULL string not supported here.
10-10 17:47:36.058 10624 11018 E Parcel  : Reading a NULL string not supported here.
10-10 17:47:36.073 10624 10795 E Parcel  : Reading a NULL string not supported here.
10-10 17:47:36.127 10624 11367 E Parcel  : Attempt to read from protected data in Parcel 0x7da413e6a0
10-10 17:47:36.127 10624 11367 E Parcel  : Attempt to read from protected data in Parcel 0x7da413e6a0
10-10 17:47:36.127 10624 11367 E Parcel  : Reading a NULL string not supported here.
10-10 17:47:36.193  1659  2371 I chatty  : uid=1000(system) Binder:1659_4 expire 13 lines
10-10 17:47:36.274 10640 31363 E WakeLock: GCM_CONN_ALARM release without a matched acquire!
10-10 17:47:36.307 10640 28024 I RM_POWER_NET: com.google.android.gms.persistent(10640) Sucess to connect  to play.googleapis.com/172.217.161.170 (port 443) from /10.102.177.43 (port 41632)
10-10 17:47:36.308 10640 28024 W Conscrypt: Could not set socket write timeout: java.net.SocketException: Socket closed
10-10 17:47:36.308 10640 28024 W Conscrypt: 	at com.google.android.gms.org.conscrypt.Platform.setSocketWriteTimeout(:com.google.android.gms@19420039@19.4.20 (100408-271418971):2)
10-10 17:47:36.308 10640 28024 W Conscrypt: 	at com.google.android.gms.org.conscrypt.ConscryptFileDescriptorSocket.setSoWriteTimeout(:com.google.android.gms@19420039@19.4.20 (100408-271418971):2)
10-10 17:47:36.339  1659  1666 I chatty  : uid=1000(system) FinalizerDaemon expire 11 lines
10-10 17:47:36.364 10640 28024 W Conscrypt: Could not set socket write timeout: java.net.SocketException: Socket closed
10-10 17:47:36.364 10640 28024 W Conscrypt: 	at com.google.android.gms.org.conscrypt.Platform.setSocketWriteTimeout(:com.google.android.gms@19420039@19.4.20 (100408-271418971):2)
10-10 17:47:36.364 10640 28024 W Conscrypt: 	at com.google.android.gms.org.conscrypt.ConscryptFileDescriptorSocket.setSoWriteTimeout(:com.google.android.gms@19420039@19.4.20 (100408-271418971):2)
10-10 17:47:36.648 10640 28024 I RM_POWER_NET: com.google.android.gms.persistent(10640) Sucess to connect  to play.googleapis.com/172.217.161.170 (port 443) from /10.102.177.43 (port 41634)
10-10 17:47:36.652 10640 28024 W Conscrypt: Could not set socket write timeout: java.net.SocketException: Socket closed
10-10 17:47:36.653 10640 28024 W Conscrypt: 	at com.google.android.gms.org.conscrypt.Platform.setSocketWriteTimeout(:com.google.android.gms@19420039@19.4.20 (100408-271418971):2)
10-10 17:47:36.653 10640 28024 W Conscrypt: 	at com.google.android.gms.org.conscrypt.ConscryptFileDescriptorSocket.setSoWriteTimeout(:com.google.android.gms@19420039@19.4.20 (100408-271418971):2)
10-10 17:47:36.669 10640 28024 W Conscrypt: Could not set socket write timeout: java.net.SocketException: Socket closed
10-10 17:47:36.669 10640 28024 W Conscrypt: 	at com.google.android.gms.org.conscrypt.Platform.setSocketWriteTimeout(:com.google.android.gms@19420039@19.4.20 (100408-271418971):2)
10-10 17:47:36.670 10640 28024 W Conscrypt: 	at com.google.android.gms.org.conscrypt.ConscryptFileDescriptorSocket.setSoWriteTimeout(:com.google.android.gms@19420039@19.4.20 (100408-271418971):2)
10-10 17:47:36.777 10640 28024 I Funnel  : Init: funnel is disabled, skipping initialization.
10-10 17:47:37.364   908  3455 I chatty  : uid=1000(system) ScreenShotThrea expire 23 lines
10-10 17:47:38.820  1659  2449 I chatty  : uid=1000(system) SyncManager expire 1 line
10-10 17:47:40.917  1659  1844 I chatty  : uid=1000(system) Binder:1659_3 expire 4 lines
10-10 17:47:40.927  3490 31370 I chatty  : uid=1000(system) com.coloros.persist.system expire 2 lines
10-10 17:47:42.403 27451 27462 W elsa    : WARNING  Cgroup not support uid:-1, pid:31378, type:3
10-10 17:47:42.711  2762  2762 E PhoneInterfaceManager: [PhoneIntfMgr] getCarrierPackageNamesForIntent: No UICC
10-10 17:47:42.712  2762  2762 D CarrierSvcBindHelper: No carrier app for: 0
10-10 17:47:42.712  2762  2762 E PhoneInterfaceManager: [PhoneIntfMgr] getCarrierPackageNamesForIntent: No UICC
10-10 17:47:42.712  2762  2762 D CarrierSvcBindHelper: No carrier app for: 1
10-10 17:47:42.732  3717  3717 D RegisteredNfcFServicesCache: Service unchanged, not updating
10-10 17:47:42.894   875   942 E ANDR-PERF-MPCTL: Invalid profile no. 0, total profiles 0 only
10-10 17:47:42.896  1659  2928 I chatty  : uid=1000(system) Binder:1659_A expire 6 lines
10-10 17:47:42.915 32045 32045 I chatty  : uid=1000(system) expire 14 lines
10-10 17:47:42.932 31394 31394 I ple.filemanage: Late-enabling -Xcheck:jni
10-10 17:47:42.964 31394 31407 I ple.filemanage: The ClassLoaderContext is a special shared library.
10-10 17:47:42.969   857   857 I chatty  : uid=1000(system) thermal@1.0-ser expire 28 lines
10-10 17:47:42.969 32435 32435 I StatusBar: setNavigationBarColor() vis:0 color:0 expandNavBar:false mNavState:0
10-10 17:47:42.969 32435 32435 D BarTransitions.NavigationBarView: setForceOpaque forceOpaque:false color:0 @com.android.systemui.statusbar.phone.NavigationBarTransitions@4f7d510
10-10 17:47:42.970   905 26128 D AudioPolicyService: UidPolicy::notifyService() uid=10160 active=1
10-10 17:47:42.971  3467  3514 D oiface  : forground package is com.example.filemanager
10-10 17:47:42.984 31394 31394 I System.out: Sending WAIT chunk
10-10 17:47:42.993 32435 32435 D StatusBar: disable<E!i a s b h r c s > disable2<q i n >
10-10 17:47:42.993 32435 32435 V StatusBar: mStatusBarWindow: com.android.systemui.statusbar.phone.StatusBarWindowView{2aaa8b7 V.ED..... ........ 0,0-1080,84} canPanelBeCollapsed(): false
10-10 17:47:42.993 32435 32435 I StatusBar: setNavigationBarColor() vis:0 color:fffbfbfb expandNavBar:false mNavState:0
10-10 17:47:42.993 32435 32435 D BarTransitions.NavigationBarView: setForceOpaque forceOpaque:false color:0 @com.android.systemui.statusbar.phone.NavigationBarTransitions@4f7d510
10-10 17:47:43.186   908   908 I chatty  : uid=1000(system) /system/bin/surfaceflinger expire 17 lines
10-10 17:47:43.985 31394 31394 I System.out: Debugger has connected
10-10 17:47:43.985 31394 31394 I System.out: waiting for debugger to settle...
10-10 17:47:44.146 27451 27462 I elsa    : addToCgroupProcs, success add pid:31427 to mCgroupProcsFd = 8, path:/dev/freezer/cgroup.procs!
10-10 17:47:44.185 31394 31394 I System.out: waiting for debugger to settle...
10-10 17:47:45.791 31394 31394 I chatty  : uid=10160(com.example.filemanager) identical 8 lines
10-10 17:47:45.992 31394 31394 I System.out: waiting for debugger to settle...
10-10 17:47:46.195 31394 31394 I System.out: debugger has settled (1348)
10-10 17:47:46.214 32435 32435 D StatusBar: disable<e!i a s b h r c s > disable2<q i n >
10-10 17:47:46.215 32435 32435 I StatusBar: setNavigationBarColor() vis:0 color:0 expandNavBar:false mNavState:0
10-10 17:47:46.217 32435 32435 D BarTransitions.NavigationBarView: setForceOpaque forceOpaque:false color:0 @com.android.systemui.statusbar.phone.NavigationBarTransitions@4f7d510
10-10 17:47:46.331   908  1068 I chatty  : uid=1000(system) Binder:908_1 expire 14 lines
10-10 17:47:46.334   908  3282 I chatty  : uid=1000(system) Binder:908_5 expire 20 lines
10-10 17:47:46.379 31394 31394 I Perf    : Connecting to perf service.
10-10 17:47:46.401 31394 31394 D Bard_Injector: isFlipFontUsed = false
10-10 17:47:46.403 31394 31394 E ANR_LOG : >>> msg's executing time is too long
10-10 17:47:46.403 31394 31394 E ANR_LOG : Blocked msg = { when=-3s437ms what=110 target=android.app.ActivityThread$H obj=AppBindData{appInfo=ApplicationInfo{daaf4f com.example.filemanager}} } , cost  = 3431 ms
10-10 17:47:46.403 31394 31394 E ANR_LOG : >>>Current msg List is:
10-10 17:47:46.404 31394 31394 E ANR_LOG : Current msg <1>  = { when=-3s436ms what=159 target=android.app.ActivityThread$H obj=ClientTransaction hashCode, mActivityToken = android.os.BinderProxy@4a0e6dc }
10-10 17:47:46.404 31394 31394 E ANR_LOG : Current msg <2>  = { when=-3s160ms what=149 target=android.app.ActivityThread$H obj=android.os.BinderProxy@4a0e6dc }
10-10 17:47:46.405 31394 31394 E ANR_LOG : Current msg <3>  = { when=+9s998ms what=132 target=android.app.ActivityThread$H }
10-10 17:47:46.405 31394 31394 E ANR_LOG : >>>CURRENT MSG DUMP OVER<<<
10-10 17:47:46.404  3490  7700 I chatty  : uid=1000(system) Thread-44 expire 8 lines
10-10 17:47:46.527 31394 31394 D OpenGLRenderer: Skia GL Pipeline
10-10 17:47:46.527 31394 31394 D MMListParser: onlineVersion -1 defaultVersion 20190831
10-10 17:47:46.539 31394 31394 D WindowManager: Add to mViews: DecorView@a6c0a3f[MainActivity], this = android.view.WindowManagerGlobal@6d9bf0c,pkg=com.example.filemanager
10-10 17:47:46.545 31394 31394 V ViewRootImpl: The specified message queue synchronization  barrier token has not been posted or has already been removed
10-10 17:47:46.650 32435 32435 I StatusBar: setNavigationBarColor() vis:0 color:fffbfbfb expandNavBar:false mNavState:0
10-10 17:47:46.650 32435 32435 D BarTransitions.NavigationBarView: setForceOpaque forceOpaque:false color:0 @com.android.systemui.statusbar.phone.NavigationBarTransitions@4f7d510
10-10 17:47:46.656 31394 31432 I AdrenoGLES: QUALCOMM build                   : 7996a19, I3bfa226343
10-10 17:47:46.656 31394 31432 I AdrenoGLES: Build Date                       : 07/23/19
10-10 17:47:46.656 31394 31432 I AdrenoGLES: OpenGL ES Shader Compiler Version: EV031.26.14.00
10-10 17:47:46.656 31394 31432 I AdrenoGLES: Local Branch                     : 
10-10 17:47:46.656 31394 31432 I AdrenoGLES: Remote Branch                    : refs/tags/AU_LINUX_ANDROID_LA.UM.7.1.R1.09.00.00.461.147
10-10 17:47:46.656 31394 31432 I AdrenoGLES: Remote Branch                    : NONE
10-10 17:47:46.656 31394 31432 I AdrenoGLES: Reconstruct Branch               : NOTHING
10-10 17:47:46.656 31394 31432 I AdrenoGLES: Build Config                     : S P 6.0.9 AArch64
10-10 17:47:46.659 31394 31432 I AdrenoGLES: PFP: 0x016ee187, ME: 0x00000000
10-10 17:47:46.666 31394 31432 I OpenGLRenderer: Initialized EGL, version 1.4
10-10 17:47:46.666 31394 31432 D OpenGLRenderer: Swap behavior 2
10-10 17:47:46.667 31394 31432 I OpenGLRenderer: processName com.example.filemanager
10-10 17:47:46.668 31394 31432 I OpenGLRenderer: Need change to liner: 0x0
10-10 17:47:46.784 31394 31394 W Choreographer: Already have a pending vsync event.  There should only be one at a time.
10-10 17:47:46.849  7320  7320 D Launcher.Workspace: changeState, newState = NORMAL, mState = NORMAL
10-10 17:47:46.849  7320  7320 I Launcher.Workspace: changeState RETURN !! -- mState = NORMAL, state = NORMAL, getChildCount() = 2
10-10 17:47:46.850  7320  7360 I Launcher.LauncherTraceUtil: writeLauncherStateToFile. The mStateTrace is null!
10-10 17:47:46.859   905 26128 D AudioFlinger: getActiveAudioPids pids = 
10-10 17:47:47.067 32435 32435 I Choreographer: Skipped 1 frames!  The application may be doing too much work on its main thread.
10-10 17:47:48.498   875   942 E ANDR-PERF-UTIL: Failed to update node /proc/sys/kernel/sched_upmigrate with value 95	50
10-10 17:47:48.498   875   942 E ANDR-PERF-RESOURCEQS: Failed to reset optimization [3, 7]
10-10 17:47:48.498   875   942 E ANDR-PERF-UTIL: Failed to update node /proc/sys/kernel/sched_upmigrate with value 50
10-10 17:47:48.498   875   942 E ANDR-PERF-RESOURCEQS: Failed to reset optimization [3, 7]
10-10 17:47:48.499   875   942 E ANDR-PERF-RESOURCEQS: Failed to reset optimization [3, 0]
10-10 17:47:48.499   875   942 E ANDR-PERF-MPCTL: Invalid profile no. 0, total profiles 0 only
10-10 17:47:48.501   875   943 W ANDR-PERF-LM: FeatureState: readState() 149: warning: appName is NULL, returning default State
10-10 17:47:48.501   875   943 W ANDR-PERF-LM: FeatureState: readState() 149: warning: appName is NULL, returning default State
10-10 17:47:48.501   875   943 W ANDR-PERF-LM: MetaMeter: handleSecondaryAsync() 149: AdaptLaunch MetaMeterThread start(). No MeterMgr Available to handle this Secondary/Data Async. !!!! 
10-10 17:47:48.602 31394 31394 I Choreographer: Skipped 1 frames!  The application may be doing too much work on its main thread.
10-10 17:47:48.679   875   942 E ANDR-PERF-MPCTL: Invalid profile no. 0, total profiles 0 only
10-10 17:47:48.687 31394 31394 I Choreographer: Skipped 1 frames!  The application may be doing too much work on its main thread.
10-10 17:47:48.700 31394 31394 W ActivityThread: handleWindowVisibility: no activity for token android.os.BinderProxy@c909610
10-10 17:47:49.256 31394 31394 W ple.filemanage: Verification of void com.example.filemanager.ApkActivity.onCreate(android.os.Bundle) took 538.001ms
10-10 17:47:49.300 31394 31394 W ple.filemanage: create CommonDcsHelper
10-10 17:47:49.300 31394 31394 W ple.filemanage: cacheJniMembers success
10-10 17:47:49.300 31394 31394 W ple.filemanage: constructJavaHashMap: start
10-10 17:47:49.301 31394 31394 W ple.filemanage: constructJavaHashMap: end
10-10 17:47:49.301 31394 31394 W ple.filemanage: sendCommonDcs: start
10-10 17:47:49.301 31394 31394 W ple.filemanage: sendCommonDcs: end
10-10 17:47:49.301 31394 31394 W ple.filemanage: Accessing hidden method Landroid/graphics/drawable/Drawable;->getOpticalInsets()Landroid/graphics/Insets; (light greylist, linking)
10-10 17:47:49.301 31394 31394 W ple.filemanage: constructJavaHashMap: start
10-10 17:47:49.302 31394 31394 W ple.filemanage: constructJavaHashMap: end
10-10 17:47:49.302 31394 31394 W ple.filemanage: sendCommonDcs: start
10-10 17:47:49.302 31394 31394 W ple.filemanage: sendCommonDcs: end
10-10 17:47:49.302 31394 31394 W ple.filemanage: Accessing hidden field Landroid/graphics/Insets;->left:I (light greylist, linking)
10-10 17:47:49.302 31394 31394 W ple.filemanage: constructJavaHashMap: start
10-10 17:47:49.302 31394 31394 W ple.filemanage: constructJavaHashMap: end
10-10 17:47:49.302 31394 31394 W ple.filemanage: sendCommonDcs: start
10-10 17:47:49.303 31394 31394 W ple.filemanage: sendCommonDcs: end
10-10 17:47:49.303 31394 31394 W ple.filemanage: Accessing hidden field Landroid/graphics/Insets;->right:I (light greylist, linking)
10-10 17:47:49.303 31394 31394 W ple.filemanage: constructJavaHashMap: start
10-10 17:47:49.303 31394 31394 W ple.filemanage: constructJavaHashMap: end
10-10 17:47:49.303 31394 31394 W ple.filemanage: sendCommonDcs: start
10-10 17:47:49.304 31394 31394 W ple.filemanage: sendCommonDcs: end
10-10 17:47:49.304 31394 31394 W ple.filemanage: Accessing hidden field Landroid/graphics/Insets;->top:I (light greylist, linking)
10-10 17:47:49.304 31394 31394 W ple.filemanage: constructJavaHashMap: start
10-10 17:47:49.304 31394 31394 W ple.filemanage: constructJavaHashMap: end
10-10 17:47:49.304 31394 31394 W ple.filemanage: sendCommonDcs: start
10-10 17:47:49.304 31394 31394 W ple.filemanage: sendCommonDcs: end
10-10 17:47:49.304 31394 31394 W ple.filemanage: Accessing hidden field Landroid/graphics/Insets;->bottom:I (light greylist, linking)
10-10 17:47:49.342 31394 31394 W ple.filemanage: constructJavaHashMap: start
10-10 17:47:49.342 31394 31394 W ple.filemanage: constructJavaHashMap: end
10-10 17:47:49.342 31394 31394 W ple.filemanage: sendCommonDcs: start
10-10 17:47:49.342 31394 31394 W ple.filemanage: sendCommonDcs: end
10-10 17:47:49.342 31394 31394 W ple.filemanage: Accessing hidden method Landroid/view/View;->computeFitSystemWindows(Landroid/graphics/Rect;Landroid/graphics/Rect;)Z (light greylist, reflection)
10-10 17:47:49.343 31394 31394 W ple.filemanage: constructJavaHashMap: start
10-10 17:47:49.343 31394 31394 W ple.filemanage: constructJavaHashMap: end
10-10 17:47:49.343 31394 31394 W ple.filemanage: sendCommonDcs: start
10-10 17:47:49.344 31394 31394 W ple.filemanage: sendCommonDcs: end
10-10 17:47:49.344 31394 31394 W ple.filemanage: Accessing hidden method Landroid/view/ViewGroup;->makeOptionalFitsSystemWindows()V (light greylist, reflection)
10-10 17:47:49.365 31394 31394 W ple.filemanage: constructJavaHashMap: start
10-10 17:47:49.365 31394 31394 W ple.filemanage: constructJavaHashMap: end
10-10 17:47:49.365 31394 31394 W ple.filemanage: sendCommonDcs: start
10-10 17:47:49.366 31394 31394 W ple.filemanage: sendCommonDcs: end
10-10 17:47:49.366 31394 31394 W ple.filemanage: Accessing hidden method Landroid/widget/TextView;->getTextDirectionHeuristic()Landroid/text/TextDirectionHeuristic; (light greylist, linking)
10-10 17:47:49.409  1659  2371 I chatty  : uid=1000(system) Binder:1659_4 expire 4 lines
10-10 17:47:49.418 31394 31443 E Parcel  : Reading a NULL string not supported here.
10-10 17:47:49.420 31394 31394 D WindowManager: Add to mViews: DecorView@486cf9c[ApkActivity], this = android.view.WindowManagerGlobal@6d9bf0c,pkg=com.example.filemanager
10-10 17:47:49.424 31394 31443 E Parcel  : Reading a NULL string not supported here.
10-10 17:47:49.428 31394 31394 I Choreographer: Skipped 64 frames!  The application may be doing too much work on its main thread.
10-10 17:47:49.428 31394 31443 E Parcel  : Reading a NULL string not supported here.
10-10 17:47:49.433 31394 31443 E Parcel  : Reading a NULL string not supported here.
10-10 17:47:49.442 31394 31443 I chatty  : uid=10160(com.example.filemanager) identical 2 lines
10-10 17:47:49.447 31394 31443 E Parcel  : Reading a NULL string not supported here.
10-10 17:47:49.495 31394 31432 I OpenGLRenderer: Davey! duration=784ms; Flags=1, IntendedVsync=311144036657383, Vsync=311144747768487, OldestInputEvent=9223372036854775807, NewestInputEvent=0, HandleInputStart=311144753764274, AnimationStart=311144753854065, PerformTraversalsStart=311144755575524, DrawStart=311144818626826, SyncQueued=311144819964326, SyncStart=311144819998023, IssueDrawCommandsStart=311144820069690, SwapBuffers=311144820686930, FrameCompleted=311144821193596, DequeueBufferDuration=142000, QueueBufferDuration=277000, 
10-10 17:47:49.495 31394 31394 I Choreographer: Skipped 6 frames!  The application may be doing too much work on its main thread.
10-10 17:47:49.531   875   942 E ANDR-PERF-MPCTL: Invalid profile no. 0, total profiles 0 only
10-10 17:47:49.610  3490  4452 I chatty  : uid=1000(system) frameThread expire 2 lines
10-10 17:47:49.612  1659  4227 I chatty  : uid=1000(system) Binder:1659_14 expire 2 lines
10-10 17:47:51.120   542   542 I chatty  : uid=1000(system) hwservicemanage expire 10 lines
10-10 17:47:53.651  1659  2188 I chatty  : uid=1000(system) WifiStateMachin expire 14 lines
10-10 17:47:55.311  9667  9700 I d       : checkActiveCard() 
10-10 17:47:55.323  9667  9700 I b       : getCards()
10-10 17:47:56.608 11723 11759 I RM_POWER_NET: com.coolapk.market(11723) Sucess to connect  to adashbc.ut.taobao.com/140.205.252.4 (port 443) from /10.102.177.43 (port 48760)
10-10 17:48:04.097   908  3455 I chatty  : uid=1000(system) ScreenShotThrea expire 13 lines
10-10 17:48:04.875  5027  5028 E rutils  : releaseProcess gCount = 2
10-10 17:48:18.363   875   942 E ANDR-PERF-MPCTL: Invalid profile no. 0, total profiles 0 only
10-10 17:48:18.715   908  3455 I chatty  : uid=1000(system) ScreenShotThrea expire 19 lines
10-10 17:48:21.101   875   942 E ANDR-PERF-MPCTL: Invalid profile no. 0, total profiles 0 only
10-10 17:48:24.087   875   942 E ANDR-PERF-MPCTL: Invalid profile no. 0, total profiles 0 only
10-10 17:48:24.179 32156 32156 I ColorStatusBarResponseUtil: onStatusBarClicked is called at time :1570700904179
10-10 17:48:24.216   905 26128 D AudioPolicyService: UidPolicy::notifyService() uid=10028 active=0
10-10 17:48:25.364   905 26128 D AudioPolicyService: UidPolicy::notifyService() uid=10091 active=0
10-10 17:48:25.512   905 26128 D AudioPolicyService: UidPolicy::notifyService() uid=10161 active=0
10-10 17:48:28.697   905 26128 D AudioPolicyService: UidPolicy::notifyService() uid=10067 active=0
10-10 17:48:34.220  1659  2143 I chatty  : uid=1000(system) SensorService expire 10 lines
10-10 17:48:34.876  5027  5028 E rutils  : releaseProcess gCount = 2
10-10 17:48:41.830   857   857 I chatty  : uid=1000(system) thermal@1.0-ser expire 32 lines
10-10 17:48:44.347   908  3455 I chatty  : uid=1000(system) ScreenShotThrea expire 13 lines
10-10 17:48:55.324  9667  9700 I d       : checkActiveCard() 
10-10 17:48:55.335  9667  9700 I b       : getCards()
10-10 17:48:59.983   908  3455 I chatty  : uid=1000(system) ScreenShotThrea expire 11 lines
10-10 17:49:03.722  1659  2188 I chatty  : uid=1000(system) WifiStateMachin expire 11 lines
10-10 17:49:04.877  5027  5028 E rutils  : releaseProcess gCount = 2
10-10 17:49:20.067  1659  2363 I chatty  : uid=1000(system) PermissionThrea expire 18 lines
10-10 17:49:20.067 11723 31461 W ServiceManager: Permission failure: android.permission.ACCESS_FINE_LOCATION from uid=10161 pid=11723
10-10 17:49:20.068 11723 31461 E CheckPermission: Permission Denial: can't access location pid=11723, uid=10161, des=android.location.ILocationManager code=1
10-10 17:49:20.083 11723 31459 W ServiceManager: Permission failure: android.permission.ACCESS_FINE_LOCATION from uid=10161 pid=11723
10-10 17:49:20.084 11723 31459 E CheckPermission: Permission Denial: can't access location pid=11723, uid=10161, des=com.android.internal.telephony.ITelephony code=82
10-10 17:49:20.098 11723 31459 W ServiceManager: Permission failure: android.permission.ACCESS_FINE_LOCATION from uid=10161 pid=11723
10-10 17:49:20.098 11723 31459 E CheckPermission: Permission Denial: can't access location pid=11723, uid=10161, des=com.android.internal.telephony.ITelephony code=41
10-10 17:49:20.123 11723 31459 W ServiceManager: Permission failure: android.permission.ACCESS_FINE_LOCATION from uid=10161 pid=11723
10-10 17:49:20.123 11723 31459 E CheckPermission: Permission Denial: can't access location pid=11723, uid=10161, des=android.net.wifi.IWifiManager code=20
10-10 17:49:20.140 11723 31459 W ServiceManager: Permission failure: android.permission.ACCESS_FINE_LOCATION from uid=10161 pid=11723
10-10 17:49:20.140 11723 31459 E CheckPermission: Permission Denial: can't access location pid=11723, uid=10161, des=com.android.internal.telephony.ITelephony code=82
10-10 17:49:20.151 11723 31459 W ServiceManager: Permission failure: android.permission.ACCESS_FINE_LOCATION from uid=10161 pid=11723
10-10 17:49:20.151 11723 31459 E CheckPermission: Permission Denial: can't access location pid=11723, uid=10161, des=android.net.wifi.IWifiManager code=20
10-10 17:49:20.310 11723 31460 I RM_POWER_NET: com.coolapk.market(11723) Sucess to connect  to lbs.map.qq.com/183.3.225.20 (port 443) from /10.102.177.43 (port 45734)
10-10 17:49:20.445 11723 31459 W ServiceManager: Permission failure: android.permission.ACCESS_FINE_LOCATION from uid=10161 pid=11723
10-10 17:49:20.445 11723 31459 E CheckPermission: Permission Denial: can't access location pid=11723, uid=10161, des=android.location.ILocationManager code=5
10-10 17:49:21.237 11723 31459 W ServiceManager: Permission failure: android.permission.ACCESS_FINE_LOCATION from uid=10161 pid=11723
10-10 17:49:21.237 11723 31459 E CheckPermission: Permission Denial: can't access location pid=11723, uid=10161, des=android.location.ILocationManager code=5
10-10 17:49:26.226   908  3455 I chatty  : uid=1000(system) ScreenShotThrea expire 15 lines
10-10 17:49:32.300 31268 31268 I Process : Sending signal. PID: 31268 SIG: 9
10-10 17:49:32.303 27451 27462 I elsa    : addToCgroupProcs, success add pid:31268 to mCgroupProcsFd = 8, path:/dev/freezer/cgroup.procs!
10-10 17:49:32.355  1659  1773 I chatty  : uid=1000(system) ActivityManager expire 14 lines
10-10 17:49:32.357   770   770 I Zygote  : Process 31268 exited due to signal (9)
10-10 17:49:34.879  5027  5028 E rutils  : releaseProcess gCount = 2
10-10 17:49:46.243 31394 31443 I Process : Sending signal. PID: 31394 SIG: 9
10-10 17:49:46.244 27451 27462 I elsa    : addToCgroupProcs, success add pid:31394 to mCgroupProcsFd = 8, path:/dev/freezer/cgroup.procs!
10-10 17:49:46.266  3490 31481 I chatty  : uid=1000(system) com.coloros.persist.system expire 2 lines
10-10 17:49:46.296  1659  2162 I chatty  : uid=1000(system) InputDispatcher expire 10 lines
10-10 17:49:46.298  1659 31480 I chatty  : uid=1000 system_server expire 9 lines
10-10 17:49:46.319   769   769 I Zygote  : Process 31394 exited due to signal (9)
10-10 17:49:46.323   908   908 I chatty  : uid=1000(system) /system/bin/surfaceflinger expire 17 lines
10-10 17:49:46.357 32045 32045 I chatty  : uid=1000(system) expire 42 lines
10-10 17:49:46.358   905 26128 D AudioPolicyService: UidPolicy::notifyService() uid=10160 active=0
10-10 17:49:46.393 31486 31486 I ple.filemanage: Late-enabling -Xcheck:jni
10-10 17:49:46.472   905 26128 D AudioPolicyService: UidPolicy::notifyService() uid=10160 active=1
10-10 17:49:46.483 32435 32435 I StatusBar: setNavigationBarColor() vis:0 color:0 expandNavBar:false mNavState:0
10-10 17:49:46.484 32435 32435 D BarTransitions.NavigationBarView: setForceOpaque forceOpaque:false color:0 @com.android.systemui.statusbar.phone.NavigationBarTransitions@4f7d510
10-10 17:49:46.484 31486 31503 I ple.filemanage: The ClassLoaderContext is a special shared library.
10-10 17:49:46.631 31486 31486 I Perf    : Connecting to perf service.
10-10 17:49:46.673 31486 31486 D Bard_Injector: isFlipFontUsed = false
10-10 17:49:46.725 31486 31486 D OpenGLRenderer: Skia GL Pipeline
10-10 17:49:46.725 31486 31486 D MMListParser: onlineVersion -1 defaultVersion 20190831
10-10 17:49:46.734 31486 31486 D WindowManager: Add to mViews: DecorView@a6c0a3f[MainActivity], this = android.view.WindowManagerGlobal@6d9bf0c,pkg=com.example.filemanager
10-10 17:49:46.741 31486 31486 V ViewRootImpl: The specified message queue synchronization  barrier token has not been posted or has already been removed
10-10 17:49:46.774 32435 32435 I StatusBar: setNavigationBarColor() vis:0 color:fffbfbfb expandNavBar:false mNavState:0
10-10 17:49:46.774 32435 32435 D BarTransitions.NavigationBarView: setForceOpaque forceOpaque:false color:0 @com.android.systemui.statusbar.phone.NavigationBarTransitions@4f7d510
10-10 17:49:46.776 31486 31522 I AdrenoGLES: QUALCOMM build                   : 7996a19, I3bfa226343
10-10 17:49:46.776 31486 31522 I AdrenoGLES: Build Date                       : 07/23/19
10-10 17:49:46.776 31486 31522 I AdrenoGLES: OpenGL ES Shader Compiler Version: EV031.26.14.00
10-10 17:49:46.776 31486 31522 I AdrenoGLES: Local Branch                     : 
10-10 17:49:46.776 31486 31522 I AdrenoGLES: Remote Branch                    : refs/tags/AU_LINUX_ANDROID_LA.UM.7.1.R1.09.00.00.461.147
10-10 17:49:46.776 31486 31522 I AdrenoGLES: Remote Branch                    : NONE
10-10 17:49:46.776 31486 31522 I AdrenoGLES: Reconstruct Branch               : NOTHING
10-10 17:49:46.776 31486 31522 I AdrenoGLES: Build Config                     : S P 6.0.9 AArch64
10-10 17:49:46.778 31486 31522 I AdrenoGLES: PFP: 0x016ee187, ME: 0x00000000
10-10 17:49:46.785 31486 31522 I OpenGLRenderer: Initialized EGL, version 1.4
10-10 17:49:46.785 31486 31522 D OpenGLRenderer: Swap behavior 2
10-10 17:49:46.787 31486 31522 I OpenGLRenderer: processName com.example.filemanager
10-10 17:49:46.787 31486 31522 I OpenGLRenderer: Need change to liner: 0x0
10-10 17:49:46.803 31486 31486 W Choreographer: Already have a pending vsync event.  There should only be one at a time.
10-10 17:49:46.826   875   942 E ANDR-PERF-MPCTL: Invalid profile no. 0, total profiles 0 only
10-10 17:49:47.278 27451 27462 W elsa    : WARNING  addToCgroupProcs, /proc/31529 is not exsit!
10-10 17:49:47.741   542   542 I chatty  : uid=1000(system) hwservicemanage expire 21 lines
10-10 17:49:47.824 10624 10795 E Parcel  : Reading a NULL string not supported here.
10-10 17:49:47.824 10624 11048 E Parcel  : Reading a NULL string not supported here.
10-10 17:49:47.829 10624 11048 I chatty  : uid=10032(com.google.android.gms) highpool[2] identical 6 lines
10-10 17:49:47.831 10624 11048 E Parcel  : Reading a NULL string not supported here.
10-10 17:49:47.835 10624 10795 E Parcel  : Reading a NULL string not supported here.
10-10 17:49:51.602   908  3455 I chatty  : uid=1000(system) ScreenShotThrea expire 16 lines
10-10 17:49:53.093  1659  2206 I chatty  : uid=1000(system) Thread-16 expire 12 lines
10-10 17:49:55.119 27451 27462 W elsa    : WARNING  Cgroup not support uid:-1, pid:31548, type:3
10-10 17:49:55.336  9667  9700 I d       : checkActiveCard() 
10-10 17:49:55.349  9667  9700 I b       : getCards()
10-10 17:49:55.447 27451 27462 I elsa    : addToCgroupProcs, success add pid:31486 to mCgroupProcsFd = 8, path:/dev/freezer/cgroup.procs!
10-10 17:49:55.483   769   769 I Zygote  : Process 31486 exited due to signal (9)
10-10 17:49:55.517   905 26128 D AudioPolicyService: UidPolicy::notifyService() uid=10160 active=0
10-10 17:49:55.523 32045 32085 I chatty  : uid=1000(system) expire 12 lines
10-10 17:49:55.529  2762  2762 E PhoneInterfaceManager: [PhoneIntfMgr] getCarrierPackageNamesForIntent: No UICC
10-10 17:49:55.529  2762  2762 D CarrierSvcBindHelper: No carrier app for: 0
10-10 17:49:55.529  2762  2762 E PhoneInterfaceManager: [PhoneIntfMgr] getCarrierPackageNamesForIntent: No UICC
10-10 17:49:55.529  2762  2762 D CarrierSvcBindHelper: No carrier app for: 1
10-10 17:49:55.535   857   857 I chatty  : uid=1000(system) thermal@1.0-ser expire 66 lines
10-10 17:49:55.537  7320  7320 D Launcher.Launcher:  onResume restoring = false, loading = false :ScreenState, visible = false, pause = true, screenOn = true, kgdLocked = false
10-10 17:49:55.538  3467  3514 D oiface  : forground package is com.oppo.launcher
10-10 17:49:55.542  7320  7320 D Launcher.Launcher: findLocation -- appInfo = App{T=FileManager U=true UN=0 CN=ComponentInfo{com.example.filemanager/com.example.filemanager.MainActivity} IS=-1 DP = 0 TP = 0 S=1001 C=-100 cell=2/4 span=1/1 rank=0 Limit = false uid=10160 isn=false, matchPC=false}
10-10 17:49:55.545  7320  7320 D Launcher.Workspace: onResume -- mCurrentPage = 1
10-10 17:49:55.546  7320  7320 D Launcher.Launcher: onResume end, this = com.oppo.launcher.Launcher@ebb8fab
10-10 17:49:55.549  3717  3717 D RegisteredNfcFServicesCache: Service unchanged, not updating
10-10 17:49:55.550  7320  7361 W Launcher.NotificationCenterServiceClient: getBadgeOption invalid value = -1000, key = PUKey:1903802288[com.android.vending/UserHandle{0}/10067]
10-10 17:49:55.550 32435 32435 I StatusBar: setNavigationBarColor() vis:2000000 color:ff000000 expandNavBar:false mNavState:0
10-10 17:49:55.551 32435 32435 D BarTransitions.NavigationBarView: setForceOpaque forceOpaque:false color:0 @com.android.systemui.statusbar.phone.NavigationBarTransitions@4f7d510
10-10 17:49:55.571   875   942 E ANDR-PERF-MPCTL: Invalid profile no. 0, total profiles 0 only
10-10 17:49:55.574 32435 32435 I StatusBar: setNavigationBarColor() vis:2000000 color:0 expandNavBar:false mNavState:0
10-10 17:49:55.574 32435 32435 D BarTransitions.NavigationBarView: setForceOpaque forceOpaque:false color:0 @com.android.systemui.statusbar.phone.NavigationBarTransitions@4f7d510
10-10 17:49:55.681 32045 32061 I chatty  : uid=1000(system) expire 9 lines
10-10 17:49:55.710 31571 31571 I ple.filemanage: Late-enabling -Xcheck:jni
10-10 17:49:55.741 31571 31584 I ple.filemanage: The ClassLoaderContext is a special shared library.
10-10 17:49:55.744   905  7891 D AudioPolicyService: UidPolicy::notifyService() uid=10160 active=1
10-10 17:49:55.749 32435 32435 I StatusBar: setNavigationBarColor() vis:0 color:0 expandNavBar:false mNavState:0
10-10 17:49:55.749 32435 32435 D BarTransitions.NavigationBarView: setForceOpaque forceOpaque:false color:0 @com.android.systemui.statusbar.phone.NavigationBarTransitions@4f7d510
10-10 17:49:55.751  3467  3514 D oiface  : forground package is com.example.filemanager
10-10 17:49:55.761 31571 31571 I System.out: Sending WAIT chunk
10-10 17:49:55.770 32435 32435 D StatusBar: disable<E!i a s b h r c s > disable2<q i n >
10-10 17:49:55.770 32435 32435 V StatusBar: mStatusBarWindow: com.android.systemui.statusbar.phone.StatusBarWindowView{2aaa8b7 V.ED..... ........ 0,0-1080,84} canPanelBeCollapsed(): false
10-10 17:49:55.770 32435 32435 I StatusBar: setNavigationBarColor() vis:0 color:fffbfbfb expandNavBar:false mNavState:0
10-10 17:49:55.770 32435 32435 D BarTransitions.NavigationBarView: setForceOpaque forceOpaque:false color:0 @com.android.systemui.statusbar.phone.NavigationBarTransitions@4f7d510
10-10 17:49:55.785   908  1069 I chatty  : uid=1000(system) Binder:908_2 expire 15 lines
10-10 17:49:56.175 27451 27462 I elsa    : addToCgroupProcs, success add pid:31599 to mCgroupProcsFd = 8, path:/dev/freezer/cgroup.procs!
10-10 17:49:56.961 31571 31571 I System.out: Debugger has connected
10-10 17:49:56.962 31571 31571 I System.out: waiting for debugger to settle...
10-10 17:49:58.368 31571 31571 I chatty  : uid=10160(com.example.filemanager) identical 7 lines
10-10 17:49:58.569 31571 31571 I System.out: waiting for debugger to settle...
10-10 17:49:58.684  1659  2188 I chatty  : uid=1000(system) WifiStateMachin expire 11 lines
10-10 17:49:58.771 31571 31571 I System.out: waiting for debugger to settle...
10-10 17:49:58.974 31571 31571 I System.out: debugger has settled (1396)
10-10 17:49:59.004 32435 32435 D StatusBar: disable<e!i a s b h r c s > disable2<q i n >
10-10 17:49:59.005 32435 32435 I StatusBar: setNavigationBarColor() vis:0 color:0 expandNavBar:false mNavState:0
10-10 17:49:59.010 32435 32435 D BarTransitions.NavigationBarView: setForceOpaque forceOpaque:false color:0 @com.android.systemui.statusbar.phone.NavigationBarTransitions@4f7d510
10-10 17:49:59.130   908   908 I chatty  : uid=1000(system) /system/bin/surfaceflinger expire 16 lines
10-10 17:49:59.162 31571 31571 I Perf    : Connecting to perf service.
10-10 17:49:59.184 31571 31571 D Bard_Injector: isFlipFontUsed = false
10-10 17:49:59.186 31571 31571 E ANR_LOG : >>> msg's executing time is too long
10-10 17:49:59.186 31571 31571 E ANR_LOG : Blocked msg = { when=-3s443ms what=110 target=android.app.ActivityThread$H obj=AppBindData{appInfo=ApplicationInfo{daaf4f com.example.filemanager}} } , cost  = 3439 ms
10-10 17:49:59.186 31571 31571 E ANR_LOG : >>>Current msg List is:
10-10 17:49:59.187 31571 31571 E ANR_LOG : Current msg <1>  = { when=-3s441ms what=159 target=android.app.ActivityThread$H obj=ClientTransaction hashCode, mActivityToken = android.os.BinderProxy@4a0e6dc }
10-10 17:49:59.188 31571 31571 E ANR_LOG : Current msg <2>  = { when=-3s165ms what=149 target=android.app.ActivityThread$H obj=android.os.BinderProxy@4a0e6dc }
10-10 17:49:59.188 31571 31571 E ANR_LOG : Current msg <3>  = { when=+9s998ms what=132 target=android.app.ActivityThread$H }
10-10 17:49:59.188 31571 31571 E ANR_LOG : >>>CURRENT MSG DUMP OVER<<<
10-10 17:49:59.310 31571 31571 D OpenGLRenderer: Skia GL Pipeline
10-10 17:49:59.310 31571 31571 D MMListParser: onlineVersion -1 defaultVersion 20190831
10-10 17:49:59.321 31571 31571 D WindowManager: Add to mViews: DecorView@a6c0a3f[MainActivity], this = android.view.WindowManagerGlobal@6d9bf0c,pkg=com.example.filemanager
10-10 17:49:59.327 31571 31571 V ViewRootImpl: The specified message queue synchronization  barrier token has not been posted or has already been removed
10-10 17:49:59.434 32435 32435 I StatusBar: setNavigationBarColor() vis:0 color:fffbfbfb expandNavBar:false mNavState:0
10-10 17:49:59.434 32435 32435 D BarTransitions.NavigationBarView: setForceOpaque forceOpaque:false color:0 @com.android.systemui.statusbar.phone.NavigationBarTransitions@4f7d510
10-10 17:49:59.440 31571 31607 I AdrenoGLES: QUALCOMM build                   : 7996a19, I3bfa226343
10-10 17:49:59.440 31571 31607 I AdrenoGLES: Build Date                       : 07/23/19
10-10 17:49:59.440 31571 31607 I AdrenoGLES: OpenGL ES Shader Compiler Version: EV031.26.14.00
10-10 17:49:59.440 31571 31607 I AdrenoGLES: Local Branch                     : 
10-10 17:49:59.440 31571 31607 I AdrenoGLES: Remote Branch                    : refs/tags/AU_LINUX_ANDROID_LA.UM.7.1.R1.09.00.00.461.147
10-10 17:49:59.440 31571 31607 I AdrenoGLES: Remote Branch                    : NONE
10-10 17:49:59.440 31571 31607 I AdrenoGLES: Reconstruct Branch               : NOTHING
10-10 17:49:59.440 31571 31607 I AdrenoGLES: Build Config                     : S P 6.0.9 AArch64
10-10 17:49:59.441 31571 31607 I AdrenoGLES: PFP: 0x016ee187, ME: 0x00000000
10-10 17:49:59.447 31571 31607 I OpenGLRenderer: Initialized EGL, version 1.4
10-10 17:49:59.447 31571 31607 D OpenGLRenderer: Swap behavior 2
10-10 17:49:59.448 31571 31607 I OpenGLRenderer: processName com.example.filemanager
10-10 17:49:59.449 31571 31607 I OpenGLRenderer: Need change to liner: 0x0
10-10 17:49:59.570 31571 31571 W Choreographer: Already have a pending vsync event.  There should only be one at a time.
10-10 17:49:59.611  7320  7320 D Launcher.Workspace: changeState, newState = NORMAL, mState = NORMAL
10-10 17:49:59.611  7320  7320 I Launcher.Workspace: changeState RETURN !! -- mState = NORMAL, state = NORMAL, getChildCount() = 2
10-10 17:49:59.612  7320  7360 I Launcher.LauncherTraceUtil: writeLauncherStateToFile. The mStateTrace is null!
10-10 17:49:59.626   905  7891 D AudioFlinger: getActiveAudioPids pids = 
10-10 17:50:01.008   875   942 E ANDR-PERF-UTIL: Failed to update node /proc/sys/kernel/sched_upmigrate with value 95	60
10-10 17:50:01.008   875   942 E ANDR-PERF-RESOURCEQS: Failed to reset optimization [3, 7]
10-10 17:50:01.008   875   942 E ANDR-PERF-UTIL: Failed to update node /proc/sys/kernel/sched_upmigrate with value 60
10-10 17:50:01.008   875   942 E ANDR-PERF-RESOURCEQS: Failed to reset optimization [3, 7]
10-10 17:50:01.009   875   942 E ANDR-PERF-RESOURCEQS: Failed to reset optimization [3, 0]
10-10 17:50:01.009   875   943 W ANDR-PERF-LM: FeatureState: readState() 149: warning: appName is NULL, returning default State
10-10 17:50:01.009   875   943 W ANDR-PERF-LM: FeatureState: readState() 149: warning: appName is NULL, returning default State
10-10 17:50:01.009   875   943 W ANDR-PERF-LM: MetaMeter: handleSecondaryAsync() 149: AdaptLaunch MetaMeterThread start(). No MeterMgr Available to handle this Secondary/Data Async. !!!! 
10-10 17:50:01.117   875   942 E ANDR-PERF-MPCTL: Invalid profile no. 0, total profiles 0 only
10-10 17:50:01.133 31571 31571 I Choreographer: Skipped 1 frames!  The application may be doing too much work on its main thread.
10-10 17:50:01.222 31571 31571 I Choreographer: Skipped 2 frames!  The application may be doing too much work on its main thread.
10-10 17:50:01.235 31571 31571 W ActivityThread: handleWindowVisibility: no activity for token android.os.BinderProxy@c909610
10-10 17:50:01.770 31571 31571 W ple.filemanage: Verification of void com.example.filemanager.ApkActivity.onCreate(android.os.Bundle) took 511.811ms
10-10 17:50:01.818 31571 31571 W ple.filemanage: create CommonDcsHelper
10-10 17:50:01.818 31571 31571 W ple.filemanage: cacheJniMembers success
10-10 17:50:01.818 31571 31571 W ple.filemanage: constructJavaHashMap: start
10-10 17:50:01.818 31571 31571 W ple.filemanage: constructJavaHashMap: end
10-10 17:50:01.818 31571 31571 W ple.filemanage: sendCommonDcs: start
10-10 17:50:01.819 31571 31571 W ple.filemanage: sendCommonDcs: end
10-10 17:50:01.819 31571 31571 W ple.filemanage: Accessing hidden method Landroid/graphics/drawable/Drawable;->getOpticalInsets()Landroid/graphics/Insets; (light greylist, linking)
10-10 17:50:01.819 31571 31571 W ple.filemanage: constructJavaHashMap: start
10-10 17:50:01.819 31571 31571 W ple.filemanage: constructJavaHashMap: end
10-10 17:50:01.819 31571 31571 W ple.filemanage: sendCommonDcs: start
10-10 17:50:01.820 31571 31571 W ple.filemanage: sendCommonDcs: end
10-10 17:50:01.820 31571 31571 W ple.filemanage: Accessing hidden field Landroid/graphics/Insets;->left:I (light greylist, linking)
10-10 17:50:01.820 31571 31571 W ple.filemanage: constructJavaHashMap: start
10-10 17:50:01.820 31571 31571 W ple.filemanage: constructJavaHashMap: end
10-10 17:50:01.820 31571 31571 W ple.filemanage: sendCommonDcs: start
10-10 17:50:01.821 31571 31571 W ple.filemanage: sendCommonDcs: end
10-10 17:50:01.821 31571 31571 W ple.filemanage: Accessing hidden field Landroid/graphics/Insets;->right:I (light greylist, linking)
10-10 17:50:01.821 31571 31571 W ple.filemanage: constructJavaHashMap: start
10-10 17:50:01.821 31571 31571 W ple.filemanage: constructJavaHashMap: end
10-10 17:50:01.821 31571 31571 W ple.filemanage: sendCommonDcs: start
10-10 17:50:01.821 31571 31571 W ple.filemanage: sendCommonDcs: end
10-10 17:50:01.821 31571 31571 W ple.filemanage: Accessing hidden field Landroid/graphics/Insets;->top:I (light greylist, linking)
10-10 17:50:01.821 31571 31571 W ple.filemanage: constructJavaHashMap: start
10-10 17:50:01.821 31571 31571 W ple.filemanage: constructJavaHashMap: end
10-10 17:50:01.821 31571 31571 W ple.filemanage: sendCommonDcs: start
10-10 17:50:01.822 31571 31571 W ple.filemanage: sendCommonDcs: end
10-10 17:50:01.822 31571 31571 W ple.filemanage: Accessing hidden field Landroid/graphics/Insets;->bottom:I (light greylist, linking)
10-10 17:50:01.867 31571 31571 W ple.filemanage: constructJavaHashMap: start
10-10 17:50:01.867 31571 31571 W ple.filemanage: constructJavaHashMap: end
10-10 17:50:01.867 31571 31571 W ple.filemanage: sendCommonDcs: start
10-10 17:50:01.868 31571 31571 W ple.filemanage: sendCommonDcs: end
10-10 17:50:01.868 31571 31571 W ple.filemanage: Accessing hidden method Landroid/view/View;->computeFitSystemWindows(Landroid/graphics/Rect;Landroid/graphics/Rect;)Z (light greylist, reflection)
10-10 17:50:01.868 31571 31571 W ple.filemanage: constructJavaHashMap: start
10-10 17:50:01.868 31571 31571 W ple.filemanage: constructJavaHashMap: end
10-10 17:50:01.868 31571 31571 W ple.filemanage: sendCommonDcs: start
10-10 17:50:01.869 31571 31571 W ple.filemanage: sendCommonDcs: end
10-10 17:50:01.869 31571 31571 W ple.filemanage: Accessing hidden method Landroid/view/ViewGroup;->makeOptionalFitsSystemWindows()V (light greylist, reflection)
10-10 17:50:01.895 31571 31571 W ple.filemanage: constructJavaHashMap: start
10-10 17:50:01.895 31571 31571 W ple.filemanage: constructJavaHashMap: end
10-10 17:50:01.895 31571 31571 W ple.filemanage: sendCommonDcs: start
10-10 17:50:01.896 31571 31571 W ple.filemanage: sendCommonDcs: end
10-10 17:50:01.896 31571 31571 W ple.filemanage: Accessing hidden method Landroid/widget/TextView;->getTextDirectionHeuristic()Landroid/text/TextDirectionHeuristic; (light greylist, linking)
10-10 17:50:01.955 31571 31625 E Parcel  : Reading a NULL string not supported here.
10-10 17:50:01.958 31571 31571 D WindowManager: Add to mViews: DecorView@486cf9c[ApkActivity], this = android.view.WindowManagerGlobal@6d9bf0c,pkg=com.example.filemanager
10-10 17:50:01.961 31571 31625 E Parcel  : Reading a NULL string not supported here.
10-10 17:50:01.965 31571 31625 E Parcel  : Reading a NULL string not supported here.
10-10 17:50:01.966 31571 31571 I Choreographer: Skipped 65 frames!  The application may be doing too much work on its main thread.
10-10 17:50:01.970 31571 31625 E Parcel  : Reading a NULL string not supported here.
10-10 17:50:01.971 31571 31607 I OpenGLRenderer: Davey! duration=729ms; Flags=0, IntendedVsync=311276566928363, Vsync=311277289150578, OldestInputEvent=9223372036854775807, NewestInputEvent=0, HandleInputStart=311277291786879, AnimationStart=311277291893963, PerformTraversalsStart=311277293360785, DrawStart=311277293967088, SyncQueued=311277295665890, SyncStart=311277295693442, IssueDrawCommandsStart=311277295737608, SwapBuffers=311277296333858, FrameCompleted=311277296759431, DequeueBufferDuration=122000, QueueBufferDuration=220000, 
10-10 17:50:01.974 31571 31625 E Parcel  : Reading a NULL string not supported here.
10-10 17:50:01.979 31571 31625 I chatty  : uid=10160(com.example.filemanager) identical 1 line
10-10 17:50:01.983 31571 31625 E Parcel  : Reading a NULL string not supported here.
10-10 17:50:02.026 31571 31625 I Process : Sending signal. PID: 31571 SIG: 9
10-10 17:50:02.026 27451 27462 I elsa    : addToCgroupProcs, success add pid:31571 to mCgroupProcsFd = 8, path:/dev/freezer/cgroup.procs!
10-10 17:50:02.039  1659 31628 I chatty  : uid=1000 system_server expire 9 lines
10-10 17:50:02.043  1659  1773 I chatty  : uid=1000(system) ActivityManager expire 18 lines
10-10 17:50:02.044   542   542 I chatty  : uid=1000(system) hwservicemanage expire 19 lines
10-10 17:50:02.045   769   769 I Zygote  : Process 31571 exited due to signal (9)
10-10 17:50:02.072 32045 32045 I chatty  : uid=1000(system) expire 14 lines
10-10 17:50:02.072   905  7891 D AudioPolicyService: UidPolicy::notifyService() uid=10160 active=0
10-10 17:50:02.075  7320  7320 D Launcher.Launcher:  onResume restoring = false, loading = false :ScreenState, visible = false, pause = true, screenOn = true, kgdLocked = false
10-10 17:50:02.076  7320  7320 D Launcher.Launcher: findLocation -- appInfo = App{T=FileManager U=true UN=0 CN=ComponentInfo{com.example.filemanager/com.example.filemanager.MainActivity} IS=-1 DP = 0 TP = 0 S=1001 C=-100 cell=2/4 span=1/1 rank=0 Limit = false uid=10160 isn=false, matchPC=false}
10-10 17:50:02.076  1659  5787 I chatty  : uid=1000(system) Binder:1659_18 expire 2 lines
10-10 17:50:02.079  7320  7320 D Launcher.Workspace: onResume -- mCurrentPage = 1
10-10 17:50:02.079  7320  7320 D Launcher.Launcher: onResume end, this = com.oppo.launcher.Launcher@ebb8fab
10-10 17:50:02.081  3467  3514 D oiface  : forground package is com.oppo.launcher
10-10 17:50:02.084 32435 32435 I StatusBar: setNavigationBarColor() vis:2000000 color:ff000000 expandNavBar:false mNavState:0
10-10 17:50:02.086 32435 32435 D BarTransitions.NavigationBarView: setForceOpaque forceOpaque:false color:0 @com.android.systemui.statusbar.phone.NavigationBarTransitions@4f7d510
10-10 17:50:02.089  7320  7361 W Launcher.NotificationCenterServiceClient: getBadgeOption invalid value = -1000, key = PUKey:1903802288[com.android.vending/UserHandle{0}/10067]
10-10 17:50:02.098   908  1594 I chatty  : uid=1000(system) Binder:908_4 expire 2 lines
10-10 17:50:02.105 32435 32435 I StatusBar: setNavigationBarColor() vis:2000000 color:0 expandNavBar:false mNavState:0
10-10 17:50:02.105 32435 32435 D BarTransitions.NavigationBarView: setForceOpaque forceOpaque:false color:0 @com.android.systemui.statusbar.phone.NavigationBarTransitions@4f7d510
10-10 17:50:02.234  1659  2143 I chatty  : uid=1000(system) SensorService expire 19 lines
10-10 17:50:03.222   875   942 E ANDR-PERF-RESOURCEQS: Failed to reset optimization [3, 0]
10-10 17:50:03.546 10624 10795 E Parcel  : Reading a NULL string not supported here.
10-10 17:50:03.559 10624 11048 E Parcel  : Reading a NULL string not supported here.
10-10 17:50:03.566 10624 11048 E Parcel  : Reading a NULL string not supported here.
10-10 17:50:03.569 10624 10795 E Parcel  : Reading a NULL string not supported here.
10-10 17:50:03.649 22538 22538 I Finsky  : [2] com.google.android.finsky.scheduler.JobSchedulerEngine$PhoneskyJobSchedulerJobService.onStartJob(5): SCH: onJobSchedulerWakeup with jobId 9002
10-10 17:50:03.653 22538 22538 I Finsky  : [2] seo.a(24): Scheduling fallback job with id: 9034, and delay: 43200000 ms
10-10 17:50:03.655 10640 31651 E WorkSourceUtil: Could not find package: com.google.android.gms.stats.eastworld
10-10 17:50:03.658 22538 22538 I Finsky  : [2] seo.a(5): Scheduling fallback in 64799997 (absolute: 1966684310)
10-10 17:50:04.879  5027  5028 E rutils  : releaseProcess gCount = 2
10-10 17:50:06.763  1659  3456 I chatty  : uid=1000(system) top_process_tra expire 10 lines
10-10 17:50:06.866  1659 31658 I chatty  : uid=1000 system_server expire 1 line
10-10 17:50:06.874  1659 31660 I chatty  : uid=1000 system_server expire 1 line
10-10 17:50:07.055   908  3455 I chatty  : uid=1000(system) ScreenShotThrea expire 10 lines
10-10 17:50:08.731 22538 22538 I Finsky  : [2] sfa.handleMessage(10): SCH: DeviceState: DeviceState{currentTime=1570701008720, isCharging=true, isIdle=false, netAny=false, netNotRoaming=false, netUnmetered=false, batteryPercent=100.0}
10-10 17:50:08.739 22538 31664 I Finsky  : [2862] sho.a(8): SCH: Jobs in database: 1-1337 12-1 26-1414141414 
10-10 17:50:08.741 22538 22538 I Finsky  : [2] sfa.handleMessage(65): SCH: RunningQueue size: 0, PendingQueue size: 0
10-10 17:50:08.741 22538 22538 I Finsky  : [2] sfa.handleMessage(29): Executor finished
10-10 17:50:08.761 22538 22538 I Finsky  : [2] sho.a(8): SCH: Jobs in database: 1-1337 12-1 26-1414141414 
