10-10 17:55:06.835 32490 32521 W PackageManager: Failure retrieving text 0x7f0d001b in package com.example.filemanager
10-10 17:55:06.835 32490 32521 W PackageManager: java.lang.NullPointerException: Attempt to invoke virtual method 'java.lang.CharSequence android.content.res.Resources.getText(int)' on a null object reference
10-10 17:55:06.835 32490 32521 W PackageManager: 	at android.app.ApplicationPackageManager.getText(ApplicationPackageManager.java:1936)
10-10 17:55:06.835 32490 32521 W PackageManager: 	at android.content.pm.PackageItemInfo.loadUnsafeLabel(PackageItemInfo.java:204)
10-10 17:55:06.835 32490 32521 W PackageManager: 	at android.content.pm.PackageItemInfo.loadLabel(PackageItemInfo.java:194)
10-10 17:55:06.835 32490 32521 W PackageManager: 	at com.android.systemui.shared.system.b.a(ActivityManagerWrapper.java:251)
10-10 17:55:06.835 32490 32521 W PackageManager: 	at com.android.systemui.shared.recents.a.f.b(RecentsTaskLoader.java:303)
10-10 17:55:06.835 32490 32521 W PackageManager: 	at com.android.systemui.shared.recents.a.e.a(RecentsTaskLoadPlan.java:189)
10-10 17:55:06.835 32490 32521 W PackageManager: 	at com.android.quickstep.m.e(RecentsModel.java:273)
10-10 17:55:06.835 32490 32521 W PackageManager: 	at com.android.systemui.shared.system.TaskStackChangeListeners.onTaskStackChanged(TaskStackChangeListeners.java:91)
10-10 17:55:06.835 32490 32521 W PackageManager: 	at android.app.ITaskStackListener$Stub.onTransact(ITaskStackListener.java:50)
10-10 17:55:06.835 32490 32521 W PackageManager: 	at android.os.Binder.execTransact(Binder.java:731)
10-10 17:55:06.835  9028 32139 W cdo_md5 : refreshAllAppMd5: start
10-10 17:55:06.836  9028  9117 W System.err: java.lang.IllegalArgumentException: Invalid path: /storage/emulated/0/ColorOS/Gamecenter/.dog
10-10 17:55:06.836  9028  9117 W System.err: 	at android.os.StatFs.doStat(StatFs.java:51)
10-10 17:55:06.836  9028  9117 W System.err: 	at android.os.StatFs.<init>(StatFs.java:41)
10-10 17:55:06.836  9028  9117 W System.err: 	at com.nearme.log.core.g.(LoganThread.java:317)
10-10 17:55:06.836  9028  9117 W System.err: 	at com.nearme.log.core.g.(LoganThread.java:191)
10-10 17:55:06.836  9028  9117 W System.err: 	at com.nearme.log.core.g.(LoganThread.java:122)
10-10 17:55:06.836  9028  9117 W System.err: 	at com.nearme.log.core.g.run(LoganThread.java:94)
10-10 17:55:06.836  9028  9117 W System.err: Caused by: android.system.ErrnoException: statvfs failed: ENOENT (No such file or directory)
10-10 17:55:06.836  9028  9117 W System.err: 	at libcore.io.Linux.statvfs(Native Method)
10-10 17:55:06.836  9028  9117 W System.err: 	at libcore.io.BlockGuardOs.statvfs(BlockGuardOs.java:333)
10-10 17:55:06.836  9028  9117 W System.err: 	at android.system.Os.statvfs(Os.java:570)
10-10 17:55:06.836  9028  9117 W System.err: 	at android.os.StatFs.doStat(StatFs.java:49)
10-10 17:55:06.836  9028  9117 W System.err: 	... 5 more
10-10 17:55:06.837  9028 32137 E route   : try findMethod[market://PackageReceiverRouter/Void_onReceive_Context_Intent], result = null!!
10-10 17:55:06.838 22538 22538 I Finsky  : [2] prh.a(7): PackageMonitor received: android.intent.action.PACKAGE_ADDED
10-10 17:55:06.838 22538 22538 I Finsky  : [2] psj.d(11): Invalidating cached PackageState for com.example.filemanager
10-10 17:55:06.838 32079 32079 I System.out: Sending WAIT chunk
10-10 17:55:06.840 22538 22538 I Finsky  : [2] zci.a(10): Do not start WearSupportService due to Wear service optimization
10-10 17:55:06.846 22538 22538 I Finsky  : [2] pih.c(2): Frosting ID looked up on UI thread. Caller should move to a background thread.
10-10 17:55:06.859 22538 22538 I Finsky  : [2] jtr.run(7): Package state data is missing for com.example.filemanager
10-10 17:55:06.865 22538 31984 I Finsky  : [2867] pid.run(16): Wrote row to frosting DB: 537
10-10 17:55:06.872 32435 32435 D StatusBar: disable<E!i a s b h r c s > disable2<q i n >
10-10 17:55:06.872 32435 32435 V StatusBar: mStatusBarWindow: com.android.systemui.statusbar.phone.StatusBarWindowView{2aaa8b7 V.ED..... ........ 0,0-1080,84} canPanelBeCollapsed(): false
10-10 17:55:06.872 32435 32435 I StatusBar: setNavigationBarColor() vis:0 color:fffbfbfb expandNavBar:false mNavState:0
10-10 17:55:06.876 32435 32435 D BarTransitions.NavigationBarView: setForceOpaque forceOpaque:false color:0 @com.android.systemui.statusbar.phone.NavigationBarTransitions@4f7d510
10-10 17:55:06.886 32757 32143 W cdo_md5 : refreshAllAppMd5: start
10-10 17:55:06.891  1659  5908 I chatty  : uid=1000(system) Binder:1659_1B expire 1 line
10-10 17:55:06.896  9028 32139 E Parcel  : Reading a NULL string not supported here.
10-10 17:55:06.900  2762  2762 E PhoneInterfaceManager: [PhoneIntfMgr] getCarrierPackageNamesForIntent: No UICC
10-10 17:55:06.900  2762  2762 D CarrierSvcBindHelper: No carrier app for: 0
10-10 17:55:06.901  9028 32139 E Parcel  : Reading a NULL string not supported here.
10-10 17:55:06.902  2762  2762 E PhoneInterfaceManager: [PhoneIntfMgr] getCarrierPackageNamesForIntent: No UICC
10-10 17:55:06.902  2762  2762 D CarrierSvcBindHelper: No carrier app for: 1
10-10 17:55:06.903  2762  2762 E PhoneInterfaceManager: [PhoneIntfMgr] getCarrierPackageNamesForIntent: No UICC
10-10 17:55:06.903  2762  2762 D CarrierSvcBindHelper: No carrier app for: 0
10-10 17:55:06.904 10624 10668 I gle.android.gm: Waiting for a blocking GC ProfileSaver
10-10 17:55:06.906  2762  2762 E PhoneInterfaceManager: [PhoneIntfMgr] getCarrierPackageNamesForIntent: No UICC
10-10 17:55:06.906  2762  2762 D CarrierSvcBindHelper: No carrier app for: 1
10-10 17:55:06.912 10624 10636 I gle.android.gm: ThreadFlipBegin blocked for 14.108ms
10-10 17:55:06.914 10624 10795 I gle.android.gm: IncrementDisableThreadFlip blocked for 15.056ms
10-10 17:55:06.917  9028 32139 E Parcel  : Reading a NULL string not supported here.
10-10 17:55:06.923  2762  2762 D ImsResolver: maybeAddedImsService, packageName: com.example.filemanager
10-10 17:55:06.924  2762  2762 D CarrierConfigLoader: mHandler: 9 phoneId: 0
10-10 17:55:06.926 32045 32045 I chatty  : uid=1000(system) expire 14 lines
10-10 17:55:06.927  7320  7320 W Launcher.NotificationListener: handleMessage MSG_NOTIFICATION_POSTED -- but sNotificationsChangedListener is null!
10-10 17:55:06.929  9028 32139 E Parcel  : Reading a NULL string not supported here.
10-10 17:55:06.929 10624 10795 E Parcel  : Reading a NULL string not supported here.
10-10 17:55:06.931  9028 32139 E Parcel  : Reading a NULL string not supported here.
10-10 17:55:06.940  9028 32139 I chatty  : uid=10099(com.nearme.gamecenter) identical 1 line
10-10 17:55:06.947  9028 32139 E Parcel  : Reading a NULL string not supported here.
10-10 17:55:06.954 32757 32143 E Parcel  : Reading a NULL string not supported here.
10-10 17:55:06.957 32757 32143 E Parcel  : Reading a NULL string not supported here.
10-10 17:55:06.962  7320  7320 W Launcher.NotificationListener: handleMessage MSG_NOTIFICATION_POSTED -- but sNotificationsChangedListener is null!
10-10 17:55:06.962  7320  7320 W Launcher.NotificationListener: handleMessage MSG_NOTIFICATION_REMOVED -- but sNotificationsChangedListener is null!
10-10 17:55:06.964  7320  7320 W Launcher.NotificationListener: handleMessage MSG_NOTIFICATION_REMOVED -- but sNotificationsChangedListener is null!
10-10 17:55:06.965 32757 32143 E Parcel  : Reading a NULL string not supported here.
10-10 17:55:06.969 32757 32143 E Parcel  : Reading a NULL string not supported here.
10-10 17:55:06.977 32757 32143 E Parcel  : Reading a NULL string not supported here.
10-10 17:55:06.987  9028 32141 W cdo_md5 : refreshAppMd5compute: com.example.filemanager ,md5: 03883b3349ca5cdd7174acc113bb3590 ,status: 1_1570701305644_1570701293000 ,cost: 146
10-10 17:55:06.987  9028 32141 W gamecenter_check_upgrade: startCheckUpgrade: part app: [com.example.filemanager] ,isCtaPass: false
10-10 17:55:06.987 32435 32435 W NotificationEntryMgr: removeNotification for unknown key: 0|com.coolapk.market|6|null|10161
10-10 17:55:06.988 32757 32143 E Parcel  : Reading a NULL string not supported here.
10-10 17:55:06.993 32757 32143 E Parcel  : Reading a NULL string not supported here.
10-10 17:55:06.997 32757 32140 E route   : try findMethod[gamecenter://PackageReceiverRouter/Void_onReceive_Context_Intent], result = null!!
10-10 17:55:07.002 32435 32435 D OppoStatusBarIconCtrl: updateNotificationIcons-- not update notification icon
10-10 17:55:07.003 32435 32435 W NotificationEntryMgr: removeNotification for unknown key: 0|com.coolapk.market|8|null|10161
10-10 17:55:07.004 10624 26872 W Icing   : No valid account for uploading user actions: adgi: Not signed in
10-10 17:55:07.009 32435 32435 D OppoStatusBarIconCtrl: updateNotificationIcons-- not update notification icon
10-10 17:55:07.011  9028 32139 W cdo_md5 : refreshAllAppMd5: cost: 176 ,installed count: 293 ,white app count: 33 ,update count: 1 ,delete count: 0 ,checkUpgradeAfterMd5: false
10-10 17:55:07.029 10624 10795 E Parcel  : Reading a NULL string not supported here.
10-10 17:55:07.034 32435 32435 I Choreographer: Skipped 1 frames!  The application may be doing too much work on its main thread.
10-10 17:55:07.066 10640 10775 E Parcel  : Reading a NULL string not supported here.
10-10 17:55:07.071 32757 32159 W cdo_md5 : refreshAppMd5compute: com.example.filemanager ,md5: 03883b3349ca5cdd7174acc113bb3590 ,status: 1_1570701305644_1570701293000 ,cost: 62
10-10 17:55:07.071 32757 32159 W market_check_upgrade: startCheckUpgrade: part app: [com.example.filemanager] ,isCtaPass: true
10-10 17:55:07.071 10624 10636 I gle.android.gm: Background concurrent copying GC freed 48013(2MB) AllocSpace objects, 7(204KB) LOS objects, 49% free, 9MB/19MB, paused 1.996ms total 173.744ms
10-10 17:55:07.071 10624 10668 I gle.android.gm: WaitForGcToComplete blocked ProfileSaver on HeapTrim for 168.005ms
10-10 17:55:07.076 10624 26872 E Parcel  : Reading a NULL string not supported here.
10-10 17:55:07.077 32757 32143 W cdo_md5 : refreshAllAppMd5: cost: 188 ,installed count: 293 ,white app count: 33 ,update count: 1 ,delete count: 0 ,checkUpgradeAfterMd5: false
10-10 17:55:07.078 10624 26872 E Parcel  : Reading a NULL string not supported here.
10-10 17:55:07.080 10624 11018 I Icing   : IndexChimeraService.getServiceInterface callingPackage=com.google.android.gms componentName=null serviceId=30
10-10 17:55:07.081 10640 11234 E Parcel  : Reading a NULL string not supported here.
10-10 17:55:07.081 10640 10777 E Parcel  : Reading a NULL string not supported here.
10-10 17:55:07.081 10624 26872 E Parcel  : Reading a NULL string not supported here.
10-10 17:55:07.083 10624 26872 E Parcel  : Reading a NULL string not supported here.
10-10 17:55:07.083 32757 32140 W market_check_upgrade: type: 3 , checkUpgrade : old no ignore: 0
10-10 17:55:07.090 10624 26872 E Parcel  : Reading a NULL string not supported here.
10-10 17:55:07.092 10624 26872 E Parcel  : Reading a NULL string not supported here.
10-10 17:55:07.093 32757 32140 W market_check_upgrade: type: 3 , createRequest: installed count: 1 ,white count: 1 ,request md5 count: 1 ,no md5 count: 0 ,cost: 5
10-10 17:55:07.094 10624 26872 E Parcel  : Reading a NULL string not supported here.
10-10 17:55:07.116  1659  5909 I chatty  : uid=1000(system) Binder:1659_1C expire 3 lines
10-10 17:55:07.120 10624 26872 E Parcel  : Reading a NULL string not supported here.
10-10 17:55:07.121 10624 26872 E Parcel  : Reading a NULL string not supported here.
10-10 17:55:07.125 10624 26872 I chatty  : uid=10032(com.google.android.gms) lowpool[29] identical 12 lines
10-10 17:55:07.128 10624 26872 E Parcel  : Reading a NULL string not supported here.
10-10 17:55:07.131 10624 26872 E Parcel  : Reading a NULL string not supported here.
10-10 17:55:07.133 10624 26872 E Parcel  : Reading a NULL string not supported here.
10-10 17:55:07.133  3490 32066 I chatty  : uid=1000(system) com.coloros.persist.system expire 96 lines
10-10 17:55:07.136 10624 26872 I Icing   : Usage reports ok 2, Failed Usage reports 0, indexed 0, rejected 0
10-10 17:55:07.143 10624 26872 W Icing   : No valid account for uploading user actions: adgi: Not signed in
10-10 17:55:07.148 10624 11367 E Parcel  : Reading a NULL string not supported here.
10-10 17:55:07.149 10624 11367 E Parcel  : Reading a NULL string not supported here.
10-10 17:55:07.151 10624 26872 I Icing   : Usage reports ok 0, Failed Usage reports 0, indexed 0, rejected 0
10-10 17:55:07.151 10624 11367 E Parcel  : Reading a NULL string not supported here.
10-10 17:55:07.154 10624 11367 E Parcel  : Reading a NULL string not supported here.
10-10 17:55:07.158 10624 11367 I chatty  : uid=10032(com.google.android.gms) identical 2 lines
10-10 17:55:07.161 10624 11367 E Parcel  : Reading a NULL string not supported here.
10-10 17:55:07.167  3490 32176 I chatty  : uid=1000(system) com.coloros.persist.system expire 3 lines
10-10 17:55:07.202 32757 32158 I RM_POWER_NET: com.oppo.market(32757) Sucess to connect  to in-store.realmemobile.com/149.129.169.4 (port 443) from /10.102.177.43 (port 47672)
10-10 17:55:07.265 32757 32140 I RM_POWER_NET: com.oppo.market(32757) Sucess to connect  to in-store.realmemobile.com/149.129.169.4 (port 443) from /10.102.177.43 (port 47674)
10-10 17:55:07.673 32757 32140 W market_check_upgrade: type: 3 ,request: cost: 580
10-10 17:55:07.673 32757 32140 W market_check_upgrade: type: 3 ,dealWithResponce: 0 ,insert: 0 ,update: 0 ,filter: 0 ,invalid: 0 ,delList: 0 ,patchType: {} ,cost: 0
10-10 17:55:07.673 32757 32140 W market_check_upgrade: type: 3 ,checkUpgrade: cost: 590
10-10 17:55:07.689 32188 32188 E oppo.market:dc: Unknown bits set in runtime_flags: 0x8000
10-10 17:55:07.691 32188 32188 E oppo.market:dc: Not starting debugger since process cannot load the jdwp agent.
10-10 17:55:07.701 32188 32222 I oppo.market:dc: The ClassLoaderContext is a special shared library.
10-10 17:55:07.730 32188 32188 I oppo.market:dc: The ClassLoaderContext is a special shared library.
10-10 17:55:07.747 32188 32188 W oppo.market:dc: resources.arsc in APK '/system/app/KeKeMarket/KeKeMarket.apk' is compressed.
10-10 17:55:07.791 32188 32188 I Perf    : Connecting to perf service.
10-10 17:55:07.793 32757 32187 I RM_POWER_NET: com.oppo.market(32757) Sucess to connect  to /52.76.176.26 (port 80) from /10.102.177.43 (port 41884)
10-10 17:55:07.798 32188 32188 W SelfCure_CureLoader: tryLoadPatchFiles:patch dir not exist:/data/user/0/com.oppo.market/tinker
10-10 17:55:07.799 32188 32188 D Tinker.DefaultAppLike: onBaseContextAttached:
10-10 17:55:07.800 32188 32188 I MultiDex: VM with version 2.1.0 has multidex support
10-10 17:55:07.800 32188 32188 I MultiDex: Installing application
10-10 17:55:07.800 32188 32188 I MultiDex: VM has multidex support, MultiDex support library is disabled.
10-10 17:55:07.801 32188 32188 D Bard_Injector: isFlipFontUsed = false
10-10 17:55:07.801 32188 32188 I Tinker.ComponentHotplug: method install() is not invoked, ignore ensuring operations.
10-10 17:55:07.801 32188 32188 D Tinker.DefaultAppLike: onCreate
10-10 17:55:07.839 32079 32079 I System.out: Debugger has connected
10-10 17:55:07.839 32079 32079 I System.out: waiting for debugger to settle...
10-10 17:55:08.040 32079 32079 I System.out: waiting for debugger to settle...
10-10 17:55:08.140 10624 26872 I Icing   : Indexing com.google.android.gms-apps from com.google.android.gms
10-10 17:55:08.148 10624 26872 E Parcel  : Reading a NULL string not supported here.
10-10 17:55:08.154 10624 26872 E Parcel  : Reading a NULL string not supported here.
10-10 17:55:08.160 10624 26872 E Parcel  : Reading a NULL string not supported here.
10-10 17:55:08.166 10624 26872 E Parcel  : Reading a NULL string not supported here.
10-10 17:55:08.169 10624 26872 I Icing   : Indexing com.google.android.gms-internal.3p:MobileApplication from com.google.android.gms
10-10 17:55:08.174 10624 26872 I Icing   : Indexing done com.google.android.gms-apps
10-10 17:55:08.175 10624 26872 I Icing   : Indexing done com.google.android.gms-internal.3p:MobileApplication
10-10 17:55:08.175 10624 26872 I Icing   : Indexing com.google.android.gms-apps from com.google.android.gms
10-10 17:55:08.176 10624 26872 I Icing   : Indexing done com.google.android.gms-apps
10-10 17:55:08.240 32079 32079 I System.out: waiting for debugger to settle...
10-10 17:55:08.310 27451 27462 I chatty  : uid=1000(system) elsa expire 10 lines
10-10 17:55:08.440 32079 32079 I System.out: waiting for debugger to settle...
10-10 17:55:08.641 32079 32079 I System.out: waiting for debugger to settle...
10-10 17:55:08.841 32079 32079 I System.out: waiting for debugger to settle...
10-10 17:55:09.648 32079 32079 I chatty  : uid=10160(com.example.filemanager) identical 4 lines
10-10 17:55:09.850 32079 32079 I System.out: waiting for debugger to settle...
10-10 17:55:10.052 32079 32079 I System.out: debugger has settled (1367)
10-10 17:55:10.077 32435 32435 D StatusBar: disable<e!i a s b h r c s > disable2<q i n >
10-10 17:55:10.078 32435 32435 I StatusBar: setNavigationBarColor() vis:0 color:0 expandNavBar:false mNavState:0
10-10 17:55:10.079 32435 32435 D BarTransitions.NavigationBarView: setForceOpaque forceOpaque:false color:0 @com.android.systemui.statusbar.phone.NavigationBarTransitions@4f7d510
10-10 17:55:10.206   908   908 I chatty  : uid=1000(system) /system/bin/surfaceflinger expire 15 lines
10-10 17:55:10.247 32079 32079 I Perf    : Connecting to perf service.
10-10 17:55:10.269 32079 32079 D Bard_Injector: isFlipFontUsed = false
10-10 17:55:10.271 32079 32079 E ANR_LOG : >>> msg's executing time is too long
10-10 17:55:10.271 32079 32079 E ANR_LOG : Blocked msg = { when=-3s470ms what=110 target=android.app.ActivityThread$H obj=AppBindData{appInfo=ApplicationInfo{daaf4f com.example.filemanager}} } , cost  = 3469 ms
10-10 17:55:10.271 32079 32079 E ANR_LOG : >>>Current msg List is:
10-10 17:55:10.272 32079 32079 E ANR_LOG : Current msg <1>  = { when=-3s451ms what=159 target=android.app.ActivityThread$H obj=ClientTransaction hashCode, mActivityToken = android.os.BinderProxy@4a0e6dc }
10-10 17:55:10.272 32079 32079 E ANR_LOG : Current msg <2>  = { when=-2s882ms what=149 target=android.app.ActivityThread$H obj=android.os.BinderProxy@4a0e6dc }
10-10 17:55:10.272  3490  7700 I chatty  : uid=1000(system) Thread-44 expire 10 lines
10-10 17:55:10.272 32079 32079 E ANR_LOG : Current msg <3>  = { when=+9s997ms what=132 target=android.app.ActivityThread$H }
10-10 17:55:10.272 32079 32079 E ANR_LOG : >>>CURRENT MSG DUMP OVER<<<
10-10 17:55:10.393 32079 32079 D OpenGLRenderer: Skia GL Pipeline
10-10 17:55:10.393 32079 32079 D MMListParser: onlineVersion -1 defaultVersion 20190831
10-10 17:55:10.405 32079 32079 D WindowManager: Add to mViews: DecorView@a6c0a3f[MainActivity], this = android.view.WindowManagerGlobal@6d9bf0c,pkg=com.example.filemanager
10-10 17:55:10.411 32079 32079 V ViewRootImpl: The specified message queue synchronization  barrier token has not been posted or has already been removed
10-10 17:55:10.523 32435 32435 I StatusBar: setNavigationBarColor() vis:0 color:fffbfbfb expandNavBar:false mNavState:0
10-10 17:55:10.523 32435 32435 D BarTransitions.NavigationBarView: setForceOpaque forceOpaque:false color:0 @com.android.systemui.statusbar.phone.NavigationBarTransitions@4f7d510
10-10 17:55:10.529 32079 32241 I AdrenoGLES: QUALCOMM build                   : 7996a19, I3bfa226343
10-10 17:55:10.529 32079 32241 I AdrenoGLES: Build Date                       : 07/23/19
10-10 17:55:10.529 32079 32241 I AdrenoGLES: OpenGL ES Shader Compiler Version: EV031.26.14.00
10-10 17:55:10.529 32079 32241 I AdrenoGLES: Local Branch                     : 
10-10 17:55:10.529 32079 32241 I AdrenoGLES: Remote Branch                    : refs/tags/AU_LINUX_ANDROID_LA.UM.7.1.R1.09.00.00.461.147
10-10 17:55:10.529 32079 32241 I AdrenoGLES: Remote Branch                    : NONE
10-10 17:55:10.529 32079 32241 I AdrenoGLES: Reconstruct Branch               : NOTHING
10-10 17:55:10.529 32079 32241 I AdrenoGLES: Build Config                     : S P 6.0.9 AArch64
10-10 17:55:10.531 32079 32241 I AdrenoGLES: PFP: 0x016ee187, ME: 0x00000000
10-10 17:55:10.537 32079 32241 I OpenGLRenderer: Initialized EGL, version 1.4
10-10 17:55:10.537 32079 32241 D OpenGLRenderer: Swap behavior 2
10-10 17:55:10.538 32079 32241 I OpenGLRenderer: processName com.example.filemanager
10-10 17:55:10.539 32079 32241 I OpenGLRenderer: Need change to liner: 0x0
10-10 17:55:10.655 32079 32079 W Choreographer: Already have a pending vsync event.  There should only be one at a time.
10-10 17:55:10.734   905 19104 D AudioFlinger: getActiveAudioPids pids = 
10-10 17:55:10.953 32435 32435 I Choreographer: Skipped 2 frames!  The application may be doing too much work on its main thread.
10-10 17:55:11.888   908  3455 I chatty  : uid=1000(system) ScreenShotThrea expire 12 lines
10-10 17:55:12.430   875   942 E ANDR-PERF-UTIL: Failed to update node /proc/sys/kernel/sched_upmigrate with value 95	50
10-10 17:55:12.430   875   942 E ANDR-PERF-RESOURCEQS: Failed to reset optimization [3, 7]
10-10 17:55:12.431   875   942 E ANDR-PERF-UTIL: Failed to update node /proc/sys/kernel/sched_upmigrate with value 50
10-10 17:55:12.431   875   942 E ANDR-PERF-RESOURCEQS: Failed to reset optimization [3, 7]
10-10 17:55:12.431   875   942 E ANDR-PERF-RESOURCEQS: Failed to reset optimization [3, 0]
10-10 17:55:12.432   875   943 W ANDR-PERF-LM: FeatureState: readState() 149: warning: appName is NULL, returning default State
10-10 17:55:12.432   875   943 W ANDR-PERF-LM: FeatureState: readState() 149: warning: appName is NULL, returning default State
10-10 17:55:12.432   875   943 W ANDR-PERF-LM: MetaMeter: handleSecondaryAsync() 149: AdaptLaunch MetaMeterThread start(). No MeterMgr Available to handle this Secondary/Data Async. !!!! 
10-10 17:55:12.512 32079 32079 I Choreographer: Skipped 1 frames!  The application may be doing too much work on its main thread.
10-10 17:55:12.594   875   942 E ANDR-PERF-MPCTL: Invalid profile no. 0, total profiles 0 only
10-10 17:55:12.601 32079 32079 I Choreographer: Skipped 1 frames!  The application may be doing too much work on its main thread.
10-10 17:55:12.618 32079 32079 W ActivityThread: handleWindowVisibility: no activity for token android.os.BinderProxy@c909610
10-10 17:55:13.099 32079 32079 W ple.filemanage: Verification of void com.example.filemanager.ApkActivity.onCreate(android.os.Bundle) took 469.123ms
10-10 17:55:13.133 32079 32079 W ple.filemanage: create CommonDcsHelper
10-10 17:55:13.133 32079 32079 W ple.filemanage: cacheJniMembers success
10-10 17:55:13.133 32079 32079 W ple.filemanage: constructJavaHashMap: start
10-10 17:55:13.133 32079 32079 W ple.filemanage: constructJavaHashMap: end
10-10 17:55:13.133 32079 32079 W ple.filemanage: sendCommonDcs: start
10-10 17:55:13.134 32079 32079 W ple.filemanage: sendCommonDcs: end
10-10 17:55:13.134 32079 32079 W ple.filemanage: Accessing hidden method Landroid/graphics/drawable/Drawable;->getOpticalInsets()Landroid/graphics/Insets; (light greylist, linking)
10-10 17:55:13.134 32079 32079 W ple.filemanage: constructJavaHashMap: start
10-10 17:55:13.134 32079 32079 W ple.filemanage: constructJavaHashMap: end
10-10 17:55:13.134 32079 32079 W ple.filemanage: sendCommonDcs: start
10-10 17:55:13.135 32079 32079 W ple.filemanage: sendCommonDcs: end
10-10 17:55:13.135 32079 32079 W ple.filemanage: Accessing hidden field Landroid/graphics/Insets;->left:I (light greylist, linking)
10-10 17:55:13.135 32079 32079 W ple.filemanage: constructJavaHashMap: start
10-10 17:55:13.135 32079 32079 W ple.filemanage: constructJavaHashMap: end
10-10 17:55:13.135 32079 32079 W ple.filemanage: sendCommonDcs: start
10-10 17:55:13.135 32079 32079 W ple.filemanage: sendCommonDcs: end
10-10 17:55:13.135 32079 32079 W ple.filemanage: Accessing hidden field Landroid/graphics/Insets;->right:I (light greylist, linking)
10-10 17:55:13.135 32079 32079 W ple.filemanage: constructJavaHashMap: start
10-10 17:55:13.136 32079 32079 W ple.filemanage: constructJavaHashMap: end
10-10 17:55:13.136 32079 32079 W ple.filemanage: sendCommonDcs: start
10-10 17:55:13.136 32079 32079 W ple.filemanage: sendCommonDcs: end
10-10 17:55:13.136 32079 32079 W ple.filemanage: Accessing hidden field Landroid/graphics/Insets;->top:I (light greylist, linking)
10-10 17:55:13.136 32079 32079 W ple.filemanage: constructJavaHashMap: start
10-10 17:55:13.136 32079 32079 W ple.filemanage: constructJavaHashMap: end
10-10 17:55:13.136 32079 32079 W ple.filemanage: sendCommonDcs: start
10-10 17:55:13.137 32079 32079 W ple.filemanage: sendCommonDcs: end
10-10 17:55:13.137 32079 32079 W ple.filemanage: Accessing hidden field Landroid/graphics/Insets;->bottom:I (light greylist, linking)
10-10 17:55:13.182 32079 32079 W ple.filemanage: constructJavaHashMap: start
10-10 17:55:13.182 32079 32079 W ple.filemanage: constructJavaHashMap: end
10-10 17:55:13.182 32079 32079 W ple.filemanage: sendCommonDcs: start
10-10 17:55:13.183 32079 32079 W ple.filemanage: sendCommonDcs: end
10-10 17:55:13.183 32079 32079 W ple.filemanage: Accessing hidden method Landroid/view/View;->computeFitSystemWindows(Landroid/graphics/Rect;Landroid/graphics/Rect;)Z (light greylist, reflection)
10-10 17:55:13.183 32079 32079 W ple.filemanage: constructJavaHashMap: start
10-10 17:55:13.183 32079 32079 W ple.filemanage: constructJavaHashMap: end
10-10 17:55:13.183 32079 32079 W ple.filemanage: sendCommonDcs: start
10-10 17:55:13.184 32079 32079 W ple.filemanage: sendCommonDcs: end
10-10 17:55:13.184 32079 32079 W ple.filemanage: Accessing hidden method Landroid/view/ViewGroup;->makeOptionalFitsSystemWindows()V (light greylist, reflection)
10-10 17:55:13.210 32079 32079 W ple.filemanage: constructJavaHashMap: start
10-10 17:55:13.210 32079 32079 W ple.filemanage: constructJavaHashMap: end
10-10 17:55:13.210 32079 32079 W ple.filemanage: sendCommonDcs: start
10-10 17:55:13.210 32079 32079 W ple.filemanage: sendCommonDcs: end
10-10 17:55:13.210 32079 32079 W ple.filemanage: Accessing hidden method Landroid/widget/TextView;->getTextDirectionHeuristic()Landroid/text/TextDirectionHeuristic; (light greylist, linking)
10-10 17:55:13.268 32079 32253 E Parcel  : Reading a NULL string not supported here.
10-10 17:55:13.272 32079 32079 D WindowManager: Add to mViews: DecorView@5f7c30f[ApkActivity], this = android.view.WindowManagerGlobal@6d9bf0c,pkg=com.example.filemanager
10-10 17:55:13.273 32079 32253 E Parcel  : Reading a NULL string not supported here.
10-10 17:55:13.281 32079 32253 I chatty  : uid=10160(com.example.filemanager) identical 4 lines
10-10 17:55:13.285 32079 32253 E Parcel  : Reading a NULL string not supported here.
10-10 17:55:13.289 32079 32079 I Choreographer: Skipped 60 frames!  The application may be doing too much work on its main thread.
10-10 17:55:13.290 32079 32253 E Parcel  : Reading a NULL string not supported here.
10-10 17:55:13.294 32079 32253 E Parcel  : Reading a NULL string not supported here.
10-10 17:55:13.391 32079 32079 I Choreographer: Skipped 6 frames!  The application may be doing too much work on its main thread.
10-10 17:55:13.426   875   942 E ANDR-PERF-MPCTL: Invalid profile no. 0, total profiles 0 only
10-10 17:55:13.463 32079 32253 W ple.filemanage: resources.arsc in APK '/storage/emulated/0/Android/data/com.coolapk.market/files/Download/tv.danmaku.bili-5.48.2-5482000-5189.apk' is compressed.
10-10 17:55:13.492 32079 32253 W ple.filemanage: resources.arsc in APK '/storage/emulated/0/Android/data/com.coolapk.market/files/Download/tv.danmaku.bili-5.48.2-5482000-5189.apk' is compressed.
10-10 17:55:13.516  3490  4452 I chatty  : uid=1000(system) frameThread expire 3 lines
10-10 17:55:13.711 32079 32253 W ple.filemanage: resources.arsc in APK '/storage/emulated/0/Android/data/com.coolapk.market/files/Download/tv.danmaku.bili-5.48.2-5482000-5189.apk' is compressed.
10-10 17:55:13.885 32079 32253 W ple.filemanage: resources.arsc in APK '/storage/emulated/0/Market/app/11849759.apk' is compressed.
10-10 17:55:13.906 32079 32253 W ple.filemanage: resources.arsc in APK '/storage/emulated/0/Market/app/11849759.apk' is compressed.
10-10 17:55:13.915 32079 32253 W ple.filemanage: resources.arsc in APK '/storage/emulated/0/Market/app/11841502.apk' is compressed.
10-10 17:55:14.145 32079 32253 W ple.filemanage: resources.arsc in APK '/storage/emulated/0/Market/app/11841502.apk' is compressed.
10-10 17:55:20.064 11723 32259 W ServiceManager: Permission failure: android.permission.ACCESS_FINE_LOCATION from uid=10161 pid=11723
10-10 17:55:20.065 11723 32259 E CheckPermission: Permission Denial: can't access location pid=11723, uid=10161, des=android.location.ILocationManager code=1
10-10 17:55:20.078 11723 32257 W ServiceManager: Permission failure: android.permission.ACCESS_FINE_LOCATION from uid=10161 pid=11723
10-10 17:55:20.078 11723 32257 E CheckPermission: Permission Denial: can't access location pid=11723, uid=10161, des=com.android.internal.telephony.ITelephony code=82
10-10 17:55:20.092 11723 32257 W ServiceManager: Permission failure: android.permission.ACCESS_FINE_LOCATION from uid=10161 pid=11723
10-10 17:55:20.092 11723 32257 E CheckPermission: Permission Denial: can't access location pid=11723, uid=10161, des=com.android.internal.telephony.ITelephony code=41
10-10 17:55:20.116 11723 32257 W ServiceManager: Permission failure: android.permission.ACCESS_FINE_LOCATION from uid=10161 pid=11723
10-10 17:55:20.116 11723 32257 E CheckPermission: Permission Denial: can't access location pid=11723, uid=10161, des=android.net.wifi.IWifiManager code=20
10-10 17:55:20.135 11723 32257 W ServiceManager: Permission failure: android.permission.ACCESS_FINE_LOCATION from uid=10161 pid=11723
10-10 17:55:20.135 11723 32257 E CheckPermission: Permission Denial: can't access location pid=11723, uid=10161, des=com.android.internal.telephony.ITelephony code=82
10-10 17:55:20.148 11723 32257 W ServiceManager: Permission failure: android.permission.ACCESS_FINE_LOCATION from uid=10161 pid=11723
10-10 17:55:20.148 11723 32257 E CheckPermission: Permission Denial: can't access location pid=11723, uid=10161, des=android.net.wifi.IWifiManager code=20
10-10 17:55:20.262 11723 32258 I RM_POWER_NET: com.coolapk.market(11723) Sucess to connect  to lbs.map.qq.com/183.3.225.20 (port 443) from /10.102.177.43 (port 45780)
10-10 17:55:20.417 11723 32257 W ServiceManager: Permission failure: android.permission.ACCESS_FINE_LOCATION from uid=10161 pid=11723
10-10 17:55:20.417 11723 32257 E CheckPermission: Permission Denial: can't access location pid=11723, uid=10161, des=android.location.ILocationManager code=5
10-10 17:55:20.691   542   542 I chatty  : uid=1000(system) hwservicemanage expire 16 lines
10-10 17:55:21.218 11723 32257 W ServiceManager: Permission failure: android.permission.ACCESS_FINE_LOCATION from uid=10161 pid=11723
10-10 17:55:21.218 11723 32257 E CheckPermission: Permission Denial: can't access location pid=11723, uid=10161, des=android.location.ILocationManager code=5
10-10 17:55:34.889  5027  5028 E rutils  : releaseProcess gCount = 2
10-10 17:55:42.732   908  3455 I chatty  : uid=1000(system) ScreenShotThrea expire 30 lines
10-10 17:55:50.085 11723 32257 W ServiceManager: Permission failure: android.permission.ACCESS_FINE_LOCATION from uid=10161 pid=11723
10-10 17:55:50.085 11723 32257 E CheckPermission: Permission Denial: can't access location pid=11723, uid=10161, des=com.android.internal.telephony.ITelephony code=82
10-10 17:55:50.103 11723 32257 W ServiceManager: Permission failure: android.permission.ACCESS_FINE_LOCATION from uid=10161 pid=11723
10-10 17:55:50.103 11723 32257 E CheckPermission: Permission Denial: can't access location pid=11723, uid=10161, des=com.android.internal.telephony.ITelephony code=41
10-10 17:55:55.404  9667  9700 I d       : checkActiveCard() 
10-10 17:55:55.415  9667  9700 I b       : getCards()
10-10 17:55:59.809 32079 32226 I ple.filemanage: destroy CommonDcsHelper
10-10 17:55:59.919  1659  1773 I chatty  : uid=1000(system) ActivityManager expire 14 lines
10-10 17:55:59.920   542   542 I chatty  : uid=1000(system) hwservicemanage expire 10 lines
10-10 17:55:59.937   908   908 I chatty  : uid=1000(system) /system/bin/surfaceflinger expire 22 lines
10-10 17:55:59.976 32435 32435 D StatusBar: disable<E!i a s b h r c s > disable2<q i n >
10-10 17:55:59.976 32435 32435 V StatusBar: mStatusBarWindow: com.android.systemui.statusbar.phone.StatusBarWindowView{2aaa8b7 V.ED..... ........ 0,0-1080,84} canPanelBeCollapsed(): false
10-10 17:55:59.976 32435 32435 I StatusBar: setNavigationBarColor() vis:0 color:ff000000 expandNavBar:false mNavState:0
10-10 17:55:59.977 32435 32435 D BarTransitions.NavigationBarView: setForceOpaque forceOpaque:false color:0 @com.android.systemui.statusbar.phone.NavigationBarTransitions@4f7d510
10-10 17:55:59.981   769   769 I Zygote  : Process 32079 exited cleanly (255)
10-10 17:55:59.988   857   857 I chatty  : uid=1000(system) thermal@1.0-ser expire 22 lines
10-10 17:55:59.992  3467  3514 D oiface  : forground package is com.oppo.music
10-10 17:56:00.012   905 19104 D AudioPolicyService: UidPolicy::notifyService() uid=10160 active=0
10-10 17:56:00.032 32045 32085 I chatty  : uid=1000(system) expire 22 lines
10-10 17:56:00.038  2762  2762 E PhoneInterfaceManager: [PhoneIntfMgr] getCarrierPackageNamesForIntent: No UICC
10-10 17:56:00.038  2762  2762 D CarrierSvcBindHelper: No carrier app for: 0
10-10 17:56:00.039  2762  2762 E PhoneInterfaceManager: [PhoneIntfMgr] getCarrierPackageNamesForIntent: No UICC
10-10 17:56:00.039  2762  2762 D CarrierSvcBindHelper: No carrier app for: 1
10-10 17:56:00.046 32045 32045 I chatty  : uid=1000(system) expire 42 lines
10-10 17:56:00.058  3717  3717 D RegisteredNfcFServicesCache: Service unchanged, not updating
10-10 17:56:00.065 31788 31788 I Choreographer: Skipped 7 frames!  The application may be doing too much work on its main thread.
10-10 17:56:00.082   908  1068 I chatty  : uid=1000(system) Binder:908_1 expire 14 lines
10-10 17:56:00.090 32299 32299 I ple.filemanage: Late-enabling -Xcheck:jni
10-10 17:56:00.110 32435 32435 I StatusBar: setNavigationBarColor() vis:0 color:fffbfbfb expandNavBar:false mNavState:0
10-10 17:56:00.110 32435 32435 D BarTransitions.NavigationBarView: setForceOpaque forceOpaque:false color:0 @com.android.systemui.statusbar.phone.NavigationBarTransitions@4f7d510
10-10 17:56:00.117   875   942 E ANDR-PERF-MPCTL: Invalid profile no. 0, total profiles 0 only
10-10 17:56:00.144 32299 32312 I ple.filemanage: The ClassLoaderContext is a special shared library.
10-10 17:56:00.146   769   769 I Zygote  : Process 26908 exited due to signal (9)
10-10 17:56:00.489 32299 32299 I Perf    : Connecting to perf service.
10-10 17:56:00.523 32299 32299 D Bard_Injector: isFlipFontUsed = false
10-10 17:56:02.161   905  7526 D AudioPolicyService: UidPolicy::notifyService() uid=10127 active=1
10-10 17:56:03.541   908  3455 I chatty  : uid=1000(system) ScreenShotThrea expire 22 lines
10-10 17:56:03.804  1659  2188 I chatty  : uid=1000(system) WifiStateMachin expire 12 lines
10-10 17:56:04.890  5027  5028 E rutils  : releaseProcess gCount = 2
10-10 17:56:05.736   905  7526 D AudioPolicyService: UidPolicy::notifyService() uid=10028 active=0
10-10 17:56:06.888   905  7526 D AudioPolicyService: UidPolicy::notifyService() uid=10161 active=0
10-10 17:56:06.925   905  7526 D AudioPolicyService: UidPolicy::notifyService() uid=10091 active=0
10-10 17:56:07.015  1659  3456 I chatty  : uid=1000(system) top_process_tra expire 10 lines
10-10 17:56:08.316   875   942 E ANDR-PERF-MPCTL: Invalid profile no. 0, total profiles 0 only
10-10 17:56:08.444 31788 31788 I Choreographer: Skipped 1 frames!  The application may be doing too much work on its main thread.
10-10 17:56:09.100   875   942 E ANDR-PERF-MPCTL: Invalid profile no. 0, total profiles 0 only
10-10 17:56:09.187 32435 32435 D StatusBar: disable<e!i a s b h r c s > disable2<q i n >
10-10 17:56:09.196 31788 31788 I Choreographer: Skipped 1 frames!  The application may be doing too much work on its main thread.
10-10 17:56:09.814   875   942 E ANDR-PERF-MPCTL: Invalid profile no. 0, total profiles 0 only
10-10 17:56:09.949 32045 32061 I chatty  : uid=1000(system) expire 8 lines
10-10 17:56:09.954  3467  3514 D oiface  : forground package is com.oppo.launcher
10-10 17:56:09.955  7320  7320 D Launcher.Launcher:  onResume restoring = false, loading = false :ScreenState, visible = false, pause = true, screenOn = true, kgdLocked = false
10-10 17:56:09.956  7320  7320 D Launcher.Launcher: findLocation -- appInfo = App{T= U=false UN=0 CN=ComponentInfo{com.oppo.music/com.oppo.music.MainListActivity} IS=-1 DP = 0 TP = 0 S=1001 C=-100 cell=3/0 span=1/1 rank=0 Limit = false uid=10046 isn=false, matchPC=false}
10-10 17:56:09.960  7320  7320 D Launcher.Workspace: onResume -- mCurrentPage = 1
10-10 17:56:09.961  7320  7320 D Launcher.Launcher: onResume end, this = com.oppo.launcher.Launcher@ebb8fab
10-10 17:56:09.963  1659  3020 I chatty  : uid=1000(system) Binder:1659_B expire 10 lines
10-10 17:56:09.969  7320  7361 W Launcher.NotificationCenterServiceClient: getBadgeOption invalid value = -1000, key = PUKey:1903802288[com.android.vending/UserHandle{0}/10067]
10-10 17:56:09.971 32435 32435 I StatusBar: setNavigationBarColor() vis:2000000 color:0 expandNavBar:false mNavState:0
10-10 17:56:09.972 32435 32435 D BarTransitions.NavigationBarView: setForceOpaque forceOpaque:false color:0 @com.android.systemui.statusbar.phone.NavigationBarTransitions@4f7d510
10-10 17:56:09.997  1659  2143 I chatty  : uid=1000(system) SensorService expire 12 lines
10-10 17:56:10.000   875   942 E ANDR-PERF-MPCTL: Invalid profile no. 0, total profiles 0 only
10-10 17:56:10.007  7320  7320 I Launcher.Launcher: resetBackAnimationState mAppBackAnimationView = null
10-10 17:56:10.232   905  7526 D AudioPolicyService: UidPolicy::notifyService() uid=10067 active=0
10-10 17:56:10.276  7320  7320 D Launcher.Launcher: finishCallback -- run! iconView = com.oppo.launcher.BubbleTextView{85abdc8 VFED..CL. ........ 644,52-850,352 #9ce90300}
10-10 17:56:10.277  7320  7320 I Launcher.Launcher: resetBackAnimationState mAppBackAnimationView = com.oppo.launcher.BubbleTextView{85abdc8 VFED..CL. ........ 644,52-850,352 #9ce90300}
10-10 17:56:10.300   905  7526 D AudioFlinger: getActiveAudioPids pids = 
10-10 17:56:10.307 31788 31788 W System.err: java.lang.IllegalStateException: activity is already destroyed
10-10 17:56:10.307 31788 31788 W System.err: 	at android.nfc.NfcActivityManager$NfcActivityState.<init>(NfcActivityManager.java:125)
10-10 17:56:10.307 31788 31788 W System.err: 	at android.nfc.NfcActivityManager.getActivityState(NfcActivityManager.java:175)
10-10 17:56:10.307 31788 31788 W System.err: 	at android.nfc.NfcActivityManager.setNdefPushContentUriCallback(NfcActivityManager.java:268)
10-10 17:56:10.307 31788 31788 W System.err: 	at android.nfc.NfcAdapter.setBeamPushUrisCallback(NfcAdapter.java:1008)
10-10 17:56:10.307 31788 31788 W System.err: 	at com.oppo.music.a.registerNFC(AbsActivity.java:610)
10-10 17:56:10.307 31788 31788 W System.err: 	at com.oppo.music.a.onDestroy(AbsActivity.java:429)
10-10 17:56:10.307 31788 31788 W System.err: 	at com.oppo.music.MainListActivity.onDestroy(MainListActivity.java:225)
10-10 17:56:10.307 31788 31788 W System.err: 	at android.app.Activity.performDestroy(Activity.java:7651)
10-10 17:56:10.307 31788 31788 W System.err: 	at android.app.Instrumentation.callActivityOnDestroy(Instrumentation.java:1307)
10-10 17:56:10.307 31788 31788 W System.err: 	at android.app.ActivityThread.performDestroyActivity(ActivityThread.java:4837)
10-10 17:56:10.307 31788 31788 W System.err: 	at android.app.ActivityThread.handleDestroyActivity(ActivityThread.java:4871)
10-10 17:56:10.307 31788 31788 W System.err: 	at android.app.servertransaction.DestroyActivityItem.execute(DestroyActivityItem.java:39)
10-10 17:56:10.307 31788 31788 W System.err: 	at android.app.servertransaction.TransactionExecutor.executeLifecycleState(TransactionExecutor.java:151)
10-10 17:56:10.307 31788 31788 W System.err: 	at android.app.servertransaction.TransactionExecutor.execute(TransactionExecutor.java:76)
10-10 17:56:10.307 31788 31788 W System.err: 	at android.app.ActivityThread$H.handleMessage(ActivityThread.java:2037)
10-10 17:56:10.307 31788 31788 W System.err: 	at android.os.Handler.dispatchMessage(Handler.java:106)
10-10 17:56:10.307 31788 31788 W System.err: 	at android.os.Looper.loop(Looper.java:216)
10-10 17:56:10.307 31788 31788 W System.err: 	at android.app.ActivityThread.main(ActivityThread.java:7290)
10-10 17:56:10.307 31788 31788 W System.err: 	at java.lang.reflect.Method.invoke(Native Method)
10-10 17:56:10.307 31788 31788 W System.err: 	at com.android.internal.os.RuntimeInit$MethodAndArgsCaller.run(RuntimeInit.java:575)
10-10 17:56:10.307 31788 31788 W System.err: 	at com.android.internal.os.ZygoteInit.main(ZygoteInit.java:914)
10-10 17:56:10.325   908   908 I chatty  : uid=1000(system) /system/bin/surfaceflinger expire 23 lines
10-10 17:56:12.792  1659  1773 I chatty  : uid=1000(system) ActivityManager expire 21 lines
10-10 17:56:12.808  2762  2762 E PhoneInterfaceManager: [PhoneIntfMgr] getCarrierPackageNamesForIntent: No UICC
10-10 17:56:12.808  2762  2762 D CarrierSvcBindHelper: No carrier app for: 0
10-10 17:56:12.809  2762  2762 E PhoneInterfaceManager: [PhoneIntfMgr] getCarrierPackageNamesForIntent: No UICC
10-10 17:56:12.809  2762  2762 D CarrierSvcBindHelper: No carrier app for: 1
10-10 17:56:12.822  3717  3717 D RegisteredNfcFServicesCache: Service unchanged, not updating
10-10 17:56:12.849   769   769 I Zygote  : Process 32299 exited due to signal (9)
10-10 17:56:13.053   875   942 E ANDR-PERF-MPCTL: Invalid profile no. 0, total profiles 0 only
10-10 17:56:13.080 32045 32045 I chatty  : uid=1000(system) expire 14 lines
10-10 17:56:13.095 32508 32508 I ple.filemanage: Late-enabling -Xcheck:jni
10-10 17:56:13.126 32508 32548 I ple.filemanage: The ClassLoaderContext is a special shared library.
10-10 17:56:13.131   857   857 I chatty  : uid=1000(system) thermal@1.0-ser expire 28 lines
10-10 17:56:13.131 32435 32435 I StatusBar: setNavigationBarColor() vis:0 color:0 expandNavBar:false mNavState:0
10-10 17:56:13.132 32435 32435 D BarTransitions.NavigationBarView: setForceOpaque forceOpaque:false color:0 @com.android.systemui.statusbar.phone.NavigationBarTransitions@4f7d510
10-10 17:56:13.132   905  7526 D AudioPolicyService: UidPolicy::notifyService() uid=10160 active=1
10-10 17:56:13.132  3467  3514 D oiface  : forground package is com.example.filemanager
10-10 17:56:13.152 32508 32508 I System.out: Sending WAIT chunk
10-10 17:56:13.157  1659  1770 I chatty  : uid=1000(system) android.ui expire 23 lines
10-10 17:56:13.162 32435 32435 D StatusBar: disable<E!i a s b h r c s > disable2<q i n >
10-10 17:56:13.162 32435 32435 V StatusBar: mStatusBarWindow: com.android.systemui.statusbar.phone.StatusBarWindowView{2aaa8b7 V.ED..... ........ 0,0-1080,84} canPanelBeCollapsed(): false
10-10 17:56:13.162 32435 32435 I StatusBar: setNavigationBarColor() vis:0 color:fffbfbfb expandNavBar:false mNavState:0
10-10 17:56:13.162 32435 32435 D BarTransitions.NavigationBarView: setForceOpaque forceOpaque:false color:0 @com.android.systemui.statusbar.phone.NavigationBarTransitions@4f7d510
10-10 17:56:13.471  1659  1769 I chatty  : uid=1000(system) ActivityManager expire 8 lines
10-10 17:56:15.355 32508 32508 I System.out: Debugger has connected
10-10 17:56:15.357 32508 32508 I System.out: waiting for debugger to settle...
10-10 17:56:17.172 32508 32508 I chatty  : uid=10160(com.example.filemanager) identical 9 lines
10-10 17:56:17.374 32508 32508 I System.out: waiting for debugger to settle...
10-10 17:56:17.579 32508 32508 I System.out: debugger has settled (1441)
10-10 17:56:17.612 32435 32435 D StatusBar: disable<e!i a s b h r c s > disable2<q i n >
10-10 17:56:17.613 32435 32435 I StatusBar: setNavigationBarColor() vis:0 color:0 expandNavBar:false mNavState:0
10-10 17:56:17.614 32435 32435 D BarTransitions.NavigationBarView: setForceOpaque forceOpaque:false color:0 @com.android.systemui.statusbar.phone.NavigationBarTransitions@4f7d510
10-10 17:56:17.765 32508 32508 I Perf    : Connecting to perf service.
10-10 17:56:17.788 32508 32508 D Bard_Injector: isFlipFontUsed = false
10-10 17:56:17.790 32508 32508 E ANR_LOG : >>> msg's executing time is too long
10-10 17:56:17.790 32508 32508 E ANR_LOG : Blocked msg = { when=-4s662ms what=110 target=android.app.ActivityThread$H obj=AppBindData{appInfo=ApplicationInfo{daaf4f com.example.filemanager}} } , cost  = 4650 ms
10-10 17:56:17.790 32508 32508 E ANR_LOG : >>>Current msg List is:
10-10 17:56:17.790 32508 32508 E ANR_LOG : Current msg <1>  = { when=-4s660ms what=159 target=android.app.ActivityThread$H obj=ClientTransaction hashCode, mActivityToken = android.os.BinderProxy@4a0e6dc }
10-10 17:56:17.791 32508 32508 E ANR_LOG : Current msg <2>  = { when=-4s377ms what=149 target=android.app.ActivityThread$H obj=android.os.BinderProxy@4a0e6dc }
10-10 17:56:17.791 32508 32508 E ANR_LOG : Current msg <3>  = { when=+9s998ms what=132 target=android.app.ActivityThread$H }
10-10 17:56:17.791 32508 32508 E ANR_LOG : >>>CURRENT MSG DUMP OVER<<<
10-10 17:56:17.923 32508 32508 D OpenGLRenderer: Skia GL Pipeline
10-10 17:56:17.923 32508 32508 D MMListParser: onlineVersion -1 defaultVersion 20190831
10-10 17:56:17.935 32508 32508 D WindowManager: Add to mViews: DecorView@a6c0a3f[MainActivity], this = android.view.WindowManagerGlobal@6d9bf0c,pkg=com.example.filemanager
10-10 17:56:17.942 32508 32508 V ViewRootImpl: The specified message queue synchronization  barrier token has not been posted or has already been removed
10-10 17:56:18.049 32435 32435 I StatusBar: setNavigationBarColor() vis:0 color:fffbfbfb expandNavBar:false mNavState:0
10-10 17:56:18.050 32435 32435 D BarTransitions.NavigationBarView: setForceOpaque forceOpaque:false color:0 @com.android.systemui.statusbar.phone.NavigationBarTransitions@4f7d510
10-10 17:56:18.055 32508 32581 I AdrenoGLES: QUALCOMM build                   : 7996a19, I3bfa226343
10-10 17:56:18.055 32508 32581 I AdrenoGLES: Build Date                       : 07/23/19
10-10 17:56:18.055 32508 32581 I AdrenoGLES: OpenGL ES Shader Compiler Version: EV031.26.14.00
10-10 17:56:18.055 32508 32581 I AdrenoGLES: Local Branch                     : 
10-10 17:56:18.055 32508 32581 I AdrenoGLES: Remote Branch                    : refs/tags/AU_LINUX_ANDROID_LA.UM.7.1.R1.09.00.00.461.147
10-10 17:56:18.055 32508 32581 I AdrenoGLES: Remote Branch                    : NONE
10-10 17:56:18.055 32508 32581 I AdrenoGLES: Reconstruct Branch               : NOTHING
10-10 17:56:18.055 32508 32581 I AdrenoGLES: Build Config                     : S P 6.0.9 AArch64
10-10 17:56:18.063 32508 32581 I AdrenoGLES: PFP: 0x016ee187, ME: 0x00000000
10-10 17:56:18.068 32508 32581 I OpenGLRenderer: Initialized EGL, version 1.4
10-10 17:56:18.068 32508 32581 D OpenGLRenderer: Swap behavior 2
10-10 17:56:18.070 32508 32581 I OpenGLRenderer: processName com.example.filemanager
10-10 17:56:18.070 32508 32581 I OpenGLRenderer: Need change to liner: 0x0
10-10 17:56:18.184 32508 32508 W Choreographer: Already have a pending vsync event.  There should only be one at a time.
10-10 17:56:18.214  1659  1757 I chatty  : uid=1000(system) android.bg expire 14 lines
10-10 17:56:18.224  7320  7320 D Launcher.Workspace: changeState, newState = NORMAL, mState = NORMAL
10-10 17:56:18.224  7320  7320 I Launcher.Workspace: changeState RETURN !! -- mState = NORMAL, state = NORMAL, getChildCount() = 2
10-10 17:56:18.235   905  7526 D AudioFlinger: getActiveAudioPids pids = 
10-10 17:56:18.887   908  3455 I chatty  : uid=1000(system) ScreenShotThrea expire 12 lines
10-10 17:56:19.980   875   943 W ANDR-PERF-LM: FeatureState: readState() 149: warning: appName is NULL, returning default State
10-10 17:56:19.980   875   943 W ANDR-PERF-LM: FeatureState: readState() 149: warning: appName is NULL, returning default State
10-10 17:56:19.980   875   943 W ANDR-PERF-LM: MetaMeter: handleSecondaryAsync() 149: AdaptLaunch MetaMeterThread start(). No MeterMgr Available to handle this Secondary/Data Async. !!!! 
10-10 17:56:19.980   875   942 E ANDR-PERF-MPCTL: Invalid profile no. 0, total profiles 0 only
10-10 17:56:20.139   875   942 E ANDR-PERF-MPCTL: Invalid profile no. 0, total profiles 0 only
10-10 17:56:20.147 32508 32508 I Choreographer: Skipped 1 frames!  The application may be doing too much work on its main thread.
10-10 17:56:20.161 32508 32508 W ActivityThread: handleWindowVisibility: no activity for token android.os.BinderProxy@c909610
10-10 17:56:20.708 32508 32508 W ple.filemanage: Verification of void com.example.filemanager.ApkActivity.onCreate(android.os.Bundle) took 531.849ms
10-10 17:56:20.757 32508 32508 W ple.filemanage: create CommonDcsHelper
10-10 17:56:20.757 32508 32508 W ple.filemanage: cacheJniMembers success
10-10 17:56:20.757 32508 32508 W ple.filemanage: constructJavaHashMap: start
10-10 17:56:20.757 32508 32508 W ple.filemanage: constructJavaHashMap: end
10-10 17:56:20.757 32508 32508 W ple.filemanage: sendCommonDcs: start
10-10 17:56:20.758 32508 32508 W ple.filemanage: sendCommonDcs: end
10-10 17:56:20.758 32508 32508 W ple.filemanage: Accessing hidden method Landroid/graphics/drawable/Drawable;->getOpticalInsets()Landroid/graphics/Insets; (light greylist, linking)
10-10 17:56:20.758 32508 32508 W ple.filemanage: constructJavaHashMap: start
10-10 17:56:20.758 32508 32508 W ple.filemanage: constructJavaHashMap: end
10-10 17:56:20.758 32508 32508 W ple.filemanage: sendCommonDcs: start
10-10 17:56:20.759 32508 32508 W ple.filemanage: sendCommonDcs: end
10-10 17:56:20.759 32508 32508 W ple.filemanage: Accessing hidden field Landroid/graphics/Insets;->left:I (light greylist, linking)
10-10 17:56:20.759 32508 32508 W ple.filemanage: constructJavaHashMap: start
