10-10 17:56:20.759 32508 32508 W ple.filemanage: constructJavaHashMap: end
10-10 17:56:20.759 32508 32508 W ple.filemanage: sendCommonDcs: start
10-10 17:56:20.759 32508 32508 W ple.filemanage: sendCommonDcs: end
10-10 17:56:20.759 32508 32508 W ple.filemanage: Accessing hidden field Landroid/graphics/Insets;->right:I (light greylist, linking)
10-10 17:56:20.759 32508 32508 W ple.filemanage: constructJavaHashMap: start
10-10 17:56:20.759 32508 32508 W ple.filemanage: constructJavaHashMap: end
10-10 17:56:20.759 32508 32508 W ple.filemanage: sendCommonDcs: start
10-10 17:56:20.760 32508 32508 W ple.filemanage: sendCommonDcs: end
10-10 17:56:20.760 32508 32508 W ple.filemanage: Accessing hidden field Landroid/graphics/Insets;->top:I (light greylist, linking)
10-10 17:56:20.760 32508 32508 W ple.filemanage: constructJavaHashMap: start
10-10 17:56:20.760 32508 32508 W ple.filemanage: constructJavaHashMap: end
10-10 17:56:20.760 32508 32508 W ple.filemanage: sendCommonDcs: start
10-10 17:56:20.761 32508 32508 W ple.filemanage: sendCommonDcs: end
10-10 17:56:20.761 32508 32508 W ple.filemanage: Accessing hidden field Landroid/graphics/Insets;->bottom:I (light greylist, linking)
10-10 17:56:20.803 32508 32508 W ple.filemanage: constructJavaHashMap: start
10-10 17:56:20.803 32508 32508 W ple.filemanage: constructJavaHashMap: end
10-10 17:56:20.803 32508 32508 W ple.filemanage: sendCommonDcs: start
10-10 17:56:20.804 32508 32508 W ple.filemanage: sendCommonDcs: end
10-10 17:56:20.804 32508 32508 W ple.filemanage: Accessing hidden method Landroid/view/View;->computeFitSystemWindows(Landroid/graphics/Rect;Landroid/graphics/Rect;)Z (light greylist, reflection)
10-10 17:56:20.804 32508 32508 W ple.filemanage: constructJavaHashMap: start
10-10 17:56:20.804 32508 32508 W ple.filemanage: constructJavaHashMap: end
10-10 17:56:20.804 32508 32508 W ple.filemanage: sendCommonDcs: start
10-10 17:56:20.805 32508 32508 W ple.filemanage: sendCommonDcs: end
10-10 17:56:20.805 32508 32508 W ple.filemanage: Accessing hidden method Landroid/view/ViewGroup;->makeOptionalFitsSystemWindows()V (light greylist, reflection)
10-10 17:56:20.825 32508 32508 W ple.filemanage: constructJavaHashMap: start
10-10 17:56:20.825 32508 32508 W ple.filemanage: constructJavaHashMap: end
10-10 17:56:20.825 32508 32508 W ple.filemanage: sendCommonDcs: start
10-10 17:56:20.826 32508 32508 W ple.filemanage: sendCommonDcs: end
10-10 17:56:20.826 32508 32508 W ple.filemanage: Accessing hidden method Landroid/widget/TextView;->getTextDirectionHeuristic()Landroid/text/TextDirectionHeuristic; (light greylist, linking)
10-10 17:56:21.274 32508 32508 W ple.filemanage: Verification of java.lang.Boolean com.example.filemanager.ApkActivity$LoadTask.doInBackground(java.lang.Void[]) took 416.145ms
10-10 17:56:21.293 32508 32587 E Parcel  : Reading a NULL string not supported here.
10-10 17:56:21.300 32508 32508 D WindowManager: Add to mViews: DecorView@5f7c30f[ApkActivity], this = android.view.WindowManagerGlobal@6d9bf0c,pkg=com.example.filemanager
10-10 17:56:21.301 32508 32587 E Parcel  : Reading a NULL string not supported here.
10-10 17:56:21.306 32508 32587 E Parcel  : Reading a NULL string not supported here.
10-10 17:56:21.309 32508 32508 I Choreographer: Skipped 103 frames!  The application may be doing too much work on its main thread.
10-10 17:56:21.311 32508 32587 E Parcel  : Reading a NULL string not supported here.
10-10 17:56:21.314 32508 32581 I OpenGLRenderer: Davey! duration=1150ms; Flags=0, IntendedVsync=311655490157356, Vsync=311656634601789, OldestInputEvent=9223372036854775807, NewestInputEvent=0, HandleInputStart=311656635085432, AnimationStart=311656635217880, PerformTraversalsStart=311656636792151, DrawStart=311656637272984, SyncQueued=311656638898766, SyncStart=311656638936787, IssueDrawCommandsStart=311656638987255, SwapBuffers=311656639591422, FrameCompleted=311656640438662, DequeueBufferDuration=130000, QueueBufferDuration=626000, 
10-10 17:56:21.315 32508 32587 E Parcel  : Reading a NULL string not supported here.
10-10 17:56:21.320 32508 32587 I chatty  : uid=10160(com.example.filemanager) identical 2 lines
10-10 17:56:21.325 32508 32587 E Parcel  : Reading a NULL string not supported here.
10-10 17:56:21.393 32508 32508 I Choreographer: Skipped 5 frames!  The application may be doing too much work on its main thread.
10-10 17:56:21.429   875   942 E ANDR-PERF-MPCTL: Invalid profile no. 0, total profiles 0 only
10-10 17:56:21.501 32508 32587 W ple.filemanage: resources.arsc in APK '/storage/emulated/0/Android/data/com.coolapk.market/files/Download/tv.danmaku.bili-5.48.2-5482000-5189.apk' is compressed.
10-10 17:56:21.742 32508 32587 W ple.filemanage: resources.arsc in APK '/storage/emulated/0/Android/data/com.coolapk.market/files/Download/tv.danmaku.bili-5.48.2-5482000-5189.apk' is compressed.
10-10 17:56:21.764   908   908 I chatty  : uid=1000(system) /system/bin/surfaceflinger expire 10 lines
10-10 17:56:34.892  5027  5028 E rutils  : releaseProcess gCount = 2
10-10 17:56:37.845 10624 10795 E Parcel  : Reading a NULL string not supported here.
10-10 17:56:41.866   857   857 I chatty  : uid=1000(system) thermal@1.0-ser expire 25 lines
10-10 17:56:55.416  9667  9700 I d       : checkActiveCard() 
10-10 17:56:55.427  9667  9700 I b       : getCards()
10-10 17:57:02.193   905  7526 D AudioPolicyService: UidPolicy::notifyService() uid=10127 active=0
10-10 17:57:03.810  1659  2188 I chatty  : uid=1000(system) WifiStateMachin expire 12 lines
10-10 17:57:04.893  5027  5028 E rutils  : releaseProcess gCount = 2
10-10 17:57:10.402 31856 31856 I MediaPlayer: reset() isOppoCreate =false
10-10 17:57:10.402 31856 31856 D MediaPlayer: closeFd()
10-10 17:57:10.403 31856 31856 V MediaPlayer: resetDrmState:  mDrmInfo=null mDrmProvisioningThread=null mPrepareDrmInProgress=false mActiveDrmScheme=false
10-10 17:57:10.403 31856 31856 V MediaPlayer: cleanDrmObj: mDrmObj=null mDrmSessionId=null
10-10 17:57:10.412 31856 31856 I MediaPlayer: release() isOppoCreate =false
10-10 17:57:10.412 31856 31856 D MediaPlayer: closeFd()
10-10 17:57:10.413 31856 31856 V MediaPlayer: resetDrmState:  mDrmInfo=null mDrmProvisioningThread=null mPrepareDrmInProgress=false mActiveDrmScheme=false
10-10 17:57:10.413 31856 31856 V MediaPlayer: cleanDrmObj: mDrmObj=null mDrmSessionId=null
10-10 17:57:10.943   908  3455 I chatty  : uid=1000(system) ScreenShotThrea expire 10 lines
10-10 17:57:22.982 31933 27747 V xiaomi  : [Thread:2546] [Slim] RCV ping id=0
10-10 17:57:22.983 31933 31950 V xiaomi  : stats key not found
10-10 17:57:22.983 31933 31950 V xiaomi  : [Thread:2499] TinyData TinyDataCacheProcessor.pingFollowUpAction ts:1570701442983
10-10 17:57:22.985 31933 31950 V xiaomi  : [Thread:2499] TinyData TinyDataCacheProcessor.pingFollowUpAction !canUpload(uploader) ts:1570701442985
10-10 17:57:26.617   908  3455 I chatty  : uid=1000(system) ScreenShotThrea expire 23 lines
10-10 17:57:34.895  5027  5028 E rutils  : releaseProcess gCount = 2
10-10 17:57:55.428  9667  9700 I d       : checkActiveCard() 
10-10 17:57:55.434  9667  9700 I b       : getCards()
10-10 17:57:56.672 10640 31767 V NativeCrypto: Read error: ssl=0x7da7a17788: I/O error during system call, Connection reset by peer
10-10 17:57:56.681 10640 31767 V NativeCrypto: SSL shutdown failed: ssl=0x7da7a17788: I/O error during system call, Broken pipe
10-10 17:57:56.684 10640 31767 E WakeLock: GCM_HB_ALARM release without a matched acquire!
10-10 17:57:56.684 10640 31767 W WakeLock: GCM_HB_ALARM counter does not exist
10-10 17:57:56.693 10640 31767 E WakeLock: GCM_CONN_ALARM release without a matched acquire!
10-10 17:57:56.693 10640 31767 W WakeLock: GCM_CONN_ALARM counter does not exist
10-10 17:57:57.158   908  3455 I chatty  : uid=1000(system) ScreenShotThrea expire 12 lines
10-10 17:57:59.370 11723 11759 I RM_POWER_NET: com.coolapk.market(11723) Sucess to connect  to adashbc.ut.taobao.com/140.205.252.4 (port 443) from /10.102.177.43 (port 48810)
10-10 17:58:00.171   542   542 I chatty  : uid=1000(system) hwservicemanage expire 24 lines
10-10 17:58:00.172 32188 32188 I Process : Sending signal. PID: 32188 SIG: 9
10-10 17:58:00.227   770   770 I Zygote  : Process 32188 exited due to signal (9)
10-10 17:58:01.790 10640 32594 I RM_POWER_NET: com.google.android.gms.persistent(10640) Sucess to connect  to mtalk.google.com/64.233.188.188 (port 5228) from /10.102.177.43 (port 42772)
10-10 17:58:01.923 32597 32597 E ndroid.calenda: Not starting debugger since process cannot load the jdwp agent.
10-10 17:58:01.926 10640 32596 E WakeLock: GCM_CONN_ALARM release without a matched acquire!
10-10 17:58:01.946   769   769 I Zygote  : Process 31724 exited due to signal (9)
10-10 17:58:01.959 32597 32611 I ndroid.calenda: The ClassLoaderContext is a special shared library.
10-10 17:58:01.978 32597 32597 I ndroid.calenda: The ClassLoaderContext is a special shared library.
10-10 17:58:01.988 32597 32597 I Perf    : Connecting to perf service.
10-10 17:58:02.008 32597 32597 D Bard_Injector: isFlipFontUsed = false
10-10 17:58:02.157 32621 32621 E viders.calenda: Not starting debugger since process cannot load the jdwp agent.
10-10 17:58:02.166 32597 32597 W Primes  : Primes not initialized, returning default (no-op) Primes instance which will ignore all calls. Please call Primes.initialize(...) before using any Primes API.
10-10 17:58:02.183 32621 32638 I viders.calenda: The ClassLoaderContext is a special shared library.
10-10 17:58:02.215 32621 32621 I viders.calenda: The ClassLoaderContext is a special shared library.
10-10 17:58:02.233 32621 32621 I Perf    : Connecting to perf service.
10-10 17:58:02.243  7320  7320 D Launcher.PackageUpdateHandler: onShortcutsChanged -- packageNames = com.google.android.calendar, shortcuts.size = 2, userHandle = UserHandle{0}
10-10 17:58:02.257 32621 32621 I CalendarProvider2: Created com.android.providers.calendar.a@90183e5(com.android.providers.calendar.CalendarProvider2@3f31eba)
10-10 17:58:02.262 32621 32621 D Bard_Injector: isFlipFontUsed = false
10-10 17:58:02.264 32621 32653 D CalendarProvider2: Initialize, Got local calendar id: 1
10-10 17:58:02.267 32621 32639 D OppoPermissionUtils: Check if system app, cost: [1] ms.
10-10 17:58:02.268 32597 32651 I a.x.s.s.a.AndroidDataba: Obtained writable database SQLiteDatabase/176160685 instance with path /data/user/0/com.google.android.calendar/databases/cal_v2a
10-10 17:58:02.273 10640 28309 E Parcel  : Reading a NULL string not supported here.
10-10 17:58:02.276 32597 32597 W GrowthKit: Failed to get phenotypeManager in PhenotypeBroadcastReceiver
10-10 17:58:02.276 32597 32597 W GrowthKit: java.lang.NullPointerException: Unable to get GrowthKit Component from host app.
10-10 17:58:02.276 32597 32597 W GrowthKit: 	at com.google.android.libraries.internal.growth.growthkit.inject.GrowthKit.get(GrowthKit.java:43)
10-10 17:58:02.276 32597 32597 W GrowthKit: 	at com.google.android.libraries.internal.growth.growthkit.internal.experiments.impl.PhenotypeBroadcastReceiver.onReceive(PhenotypeBroadcastReceiver.java:25)
10-10 17:58:02.276 32597 32597 W GrowthKit: 	at android.app.ActivityThread.handleReceiver(ActivityThread.java:3701)
10-10 17:58:02.276 32597 32597 W GrowthKit: 	at android.app.ActivityThread.access$1500(ActivityThread.java:225)
10-10 17:58:02.276 32597 32597 W GrowthKit: 	at android.app.ActivityThread$H.handleMessage(ActivityThread.java:1873)
10-10 17:58:02.276 32597 32597 W GrowthKit: 	at android.os.Handler.dispatchMessage(Handler.java:106)
10-10 17:58:02.276 32597 32597 W GrowthKit: 	at android.os.Looper.loop(Looper.java:216)
10-10 17:58:02.276 32597 32597 W GrowthKit: 	at android.app.ActivityThread.main(ActivityThread.java:7290)
10-10 17:58:02.276 32597 32597 W GrowthKit: 	at java.lang.reflect.Method.invoke(Native Method)
10-10 17:58:02.276 32597 32597 W GrowthKit: 	at com.android.internal.os.RuntimeInit$MethodAndArgsCaller.run(RuntimeInit.java:575)
10-10 17:58:02.276 32597 32597 W GrowthKit: 	at com.android.internal.os.ZygoteInit.main(ZygoteInit.java:914)
10-10 17:58:02.278 32597 32649 I a.x.s.s.MigrationRunner: The schema version is 13, the database version is 13, and there are 0 migrations
10-10 17:58:02.297 32597 32614 E Parcel  : Reading a NULL string not supported here.
10-10 17:58:02.307 32597 32597 W GrowthKit: Failed to initialize SyncGcoreGcmTaskService
10-10 17:58:02.307 32597 32597 W GrowthKit: java.lang.NullPointerException: Unable to get GrowthKit Component from host app.
10-10 17:58:02.307 32597 32597 W GrowthKit: 	at com.google.android.libraries.internal.growth.growthkit.inject.GrowthKit.get(GrowthKit.java:43)
10-10 17:58:02.307 32597 32597 W GrowthKit: 	at com.google.android.libraries.internal.growth.growthkit.internal.jobs.impl.GrowthKitJobService.onCreate(GrowthKitJobService.java:68)
10-10 17:58:02.307 32597 32597 W GrowthKit: 	at android.app.ActivityThread.handleCreateService(ActivityThread.java:3861)
10-10 17:58:02.307 32597 32597 W GrowthKit: 	at android.app.ActivityThread.access$1600(ActivityThread.java:225)
10-10 17:58:02.307 32597 32597 W GrowthKit: 	at android.app.ActivityThread$H.handleMessage(ActivityThread.java:1878)
10-10 17:58:02.307 32597 32597 W GrowthKit: 	at android.os.Handler.dispatchMessage(Handler.java:106)
10-10 17:58:02.307 32597 32597 W GrowthKit: 	at android.os.Looper.loop(Looper.java:216)
10-10 17:58:02.307 32597 32597 W GrowthKit: 	at android.app.ActivityThread.main(ActivityThread.java:7290)
10-10 17:58:02.307 32597 32597 W GrowthKit: 	at java.lang.reflect.Method.invoke(Native Method)
10-10 17:58:02.307 32597 32597 W GrowthKit: 	at com.android.internal.os.RuntimeInit$MethodAndArgsCaller.run(RuntimeInit.java:575)
10-10 17:58:02.307 32597 32597 W GrowthKit: 	at com.android.internal.os.ZygoteInit.main(ZygoteInit.java:914)
10-10 17:58:02.310 32597 32614 E Parcel  : Reading a NULL string not supported here.
10-10 17:58:02.380  1659  2143 I chatty  : uid=1000(system) SensorService expire 10 lines
10-10 17:58:03.842  1659  2188 I chatty  : uid=1000(system) WifiStateMachin expire 11 lines
10-10 17:58:04.896  5027  5028 E rutils  : releaseProcess gCount = 2
10-10 17:58:06.988 32597 32613 I ndroid.calenda: Waiting for a blocking GC ProfileSaver
10-10 17:58:07.017 32597 32613 I ndroid.calenda: WaitForGcToComplete blocked ProfileSaver on HeapTrim for 28.844ms
10-10 17:58:07.075 32597 32597 E Parcel  : Reading a NULL string not supported here.
10-10 17:58:34.897  5027  5028 E rutils  : releaseProcess gCount = 2
10-10 17:58:38.525   908  3455 I chatty  : uid=1000(system) ScreenShotThrea expire 12 lines
10-10 17:58:41.872   857   857 I chatty  : uid=1000(system) thermal@1.0-ser expire 10 lines
10-10 17:58:55.434  9667  9700 I d       : checkActiveCard() 
10-10 17:58:55.444  9667  9700 I b       : getCards()
10-10 17:58:58.873  1659  2188 I chatty  : uid=1000(system) WifiStateMachin expire 10 lines
10-10 17:58:59.099   908  3455 I chatty  : uid=1000(system) ScreenShotThrea expire 10 lines
10-10 17:59:00.027 27451 27462 I chatty  : uid=1000(system) elsa expire 10 lines
10-10 17:59:00.105   769   769 I Zygote  : Process 26532 exited due to signal (9)
10-10 17:59:04.900  5027  5028 E rutils  : releaseProcess gCount = 2
10-10 17:59:34.900  5027  5028 E rutils  : releaseProcess gCount = 2
10-10 17:59:35.103   908  3455 I chatty  : uid=1000(system) ScreenShotThrea expire 11 lines
10-10 17:59:48.883  1659  2188 I chatty  : uid=1000(system) WifiStateMachin expire 10 lines
10-10 17:59:55.445  9667  9700 I d       : checkActiveCard() 
10-10 17:59:55.457  9667  9700 I b       : getCards()
10-10 18:00:00.170  3490 32703 I chatty  : uid=1000(system) com.coloros.persist.system expire 46 lines
10-10 18:00:01.139   908  3455 I chatty  : uid=1000(system) ScreenShotThrea expire 18 lines
10-10 18:00:03.504 32508 32567 I ple.filemanage: destroy CommonDcsHelper
10-10 18:00:03.608  1659  2162 I chatty  : uid=1000(system) InputDispatcher expire 12 lines
10-10 18:00:03.610  1659  5761 I chatty  : uid=1000(system) Binder:1659_16 expire 11 lines
10-10 18:00:03.611  1659  1773 I chatty  : uid=1000(system) ActivityManager expire 26 lines
10-10 18:00:03.615   769   769 I Zygote  : Process 32508 exited cleanly (255)
10-10 18:00:03.618  1659  4221 I chatty  : uid=1000(system) Binder:1659_13 expire 10 lines
10-10 18:00:03.621 32435 32435 I StatusBar: setNavigationBarColor() vis:0 color:ff000000 expandNavBar:false mNavState:0
10-10 18:00:03.622 32435 32435 D BarTransitions.NavigationBarView: setForceOpaque forceOpaque:false color:0 @com.android.systemui.statusbar.phone.NavigationBarTransitions@4f7d510
10-10 18:00:03.636  1659  4195 I chatty  : uid=1000(system) Binder:1659_10 expire 17 lines
10-10 18:00:03.650  1659  2134 I chatty  : uid=1000(system) android.anim expire 5 lines
10-10 18:00:03.691   905  7526 D AudioPolicyService: UidPolicy::notifyService() uid=10160 active=0
10-10 18:00:03.700  2762  2762 E PhoneInterfaceManager: [PhoneIntfMgr] getCarrierPackageNamesForIntent: No UICC
10-10 18:00:03.700  2762  2762 D CarrierSvcBindHelper: No carrier app for: 0
10-10 18:00:03.701  2762  2762 E PhoneInterfaceManager: [PhoneIntfMgr] getCarrierPackageNamesForIntent: No UICC
10-10 18:00:03.701  2762  2762 D CarrierSvcBindHelper: No carrier app for: 1
10-10 18:00:03.709 32045 32045 I chatty  : uid=1000(system) expire 28 lines
10-10 18:00:03.715  3717  3717 D RegisteredNfcFServicesCache: Service unchanged, not updating
10-10 18:00:03.719  1659  4207 I chatty  : uid=1000(system) Binder:1659_12 expire 10 lines
10-10 18:00:03.720  7320  7320 D Launcher.Launcher:  onResume restoring = false, loading = false :ScreenState, visible = false, pause = true, screenOn = true, kgdLocked = false
10-10 18:00:03.721  7320  7320 D Launcher.Launcher: findLocation -- appInfo = App{T=FileManager U=true UN=0 CN=ComponentInfo{com.example.filemanager/com.example.filemanager.MainActivity} IS=-1 DP = 0 TP = 0 S=1001 C=-100 cell=2/4 span=1/1 rank=0 Limit = false uid=10160 isn=false, matchPC=false}
10-10 18:00:03.724  7320  7320 D Launcher.Workspace: onResume -- mCurrentPage = 1
10-10 18:00:03.724   857   857 I chatty  : uid=1000(system) thermal@1.0-ser expire 21 lines
10-10 18:00:03.725  7320  7320 D Launcher.Launcher: onResume end, this = com.oppo.launcher.Launcher@ebb8fab
10-10 18:00:03.726  3467  3514 D oiface  : forground package is com.oppo.launcher
10-10 18:00:03.730 32435 32435 I StatusBar: setNavigationBarColor() vis:2000000 color:ff000000 expandNavBar:false mNavState:0
10-10 18:00:03.733 32435 32435 D BarTransitions.NavigationBarView: setForceOpaque forceOpaque:false color:0 @com.android.systemui.statusbar.phone.NavigationBarTransitions@4f7d510
10-10 18:00:03.738  7320  7361 W Launcher.NotificationCenterServiceClient: getBadgeOption invalid value = -1000, key = PUKey:1903802288[com.android.vending/UserHandle{0}/10067]
10-10 18:00:03.745   908  3282 I chatty  : uid=1000(system) Binder:908_5 expire 10 lines
10-10 18:00:03.761   875   942 E ANDR-PERF-MPCTL: Invalid profile no. 0, total profiles 0 only
10-10 18:00:03.763 32435 32435 I StatusBar: setNavigationBarColor() vis:2000000 color:0 expandNavBar:false mNavState:0
10-10 18:00:03.764 32435 32435 D BarTransitions.NavigationBarView: setForceOpaque forceOpaque:false color:0 @com.android.systemui.statusbar.phone.NavigationBarTransitions@4f7d510
10-10 18:00:04.902  5027  5028 E rutils  : releaseProcess gCount = 2
10-10 18:00:06.818   908  1508 I chatty  : uid=1000(system) DispPerfHandler expire 9 lines
10-10 18:00:07.485 32759 32759 I studio.deploy: DeltaInstall found API level:28
10-10 18:00:07.485 32759 32759 I studio.deploy: -t
10-10 18:00:07.485 32759 32759 I studio.deploy: --full
10-10 18:00:07.485 32759 32759 I studio.deploy: -r
10-10 18:00:07.604 32759 32759 I studio.deploy: DeltaInstall created session: '1644114443'
10-10 18:00:07.604 32759 32759 I studio.deploy: package
10-10 18:00:07.604 32759 32759 I studio.deploy: install-write
10-10 18:00:07.604 32759 32759 I studio.deploy: -S
10-10 18:00:07.604 32759 32759 I studio.deploy: 3405607
10-10 18:00:07.604 32759 32759 I studio.deploy: 1644114443
10-10 18:00:07.604 32759 32759 I studio.deploy: base.apk
10-10 18:00:07.718 32759 32759 I studio.deploy: package
10-10 18:00:07.718 32759 32759 I studio.deploy: install-commit
10-10 18:00:07.718 32759 32759 I studio.deploy: 1644114443
10-10 18:00:07.774  1659  2131 I chatty  : uid=1000(system) PackageInstalle expire 1 line
10-10 18:00:07.778  7320  7320 D Launcher.PackageUpdateHandler: onReceive intent = Intent { act=oppo.intent.action.OPPO_START_INSTALL flg=0x10 pkg=com.oppo.launcher (has extras) }
10-10 18:00:07.778  7320  7320 D Launcher.PackageUpdateHandler: onReceive userHandle = UserHandle{0}
10-10 18:00:07.787   905  7526 D AudioPolicyService: UidPolicy::notifyService() uid=10028 active=1
10-10 18:00:07.787  1659  1659 I chatty  : uid=1000 system_server expire 10 lines
10-10 18:00:07.830   905  7526 D AudioPolicyService: UidPolicy::notifyService() uid=10067 active=1
10-10 18:00:07.830  1659  1878 I chatty  : uid=1000(system) PackageManager expire 10 lines
10-10 18:00:07.833 22538 22538 I Finsky  : [2] xsp.a(5): Verification requested, id = 79
10-10 18:00:07.844 22538 22538 E Finsky  : [2] ygg.b(2): Package name pc is not an installed package
10-10 18:00:07.847 22538 22569 I Finsky  : [2721] xur.a(9): Single user settings service is not running, bind it now
10-10 18:00:07.851 22538 22538 I Finsky  : [2] xuq.onServiceConnected(1): Single user settings service is connected
10-10 18:00:07.854   542   542 I chatty  : uid=1000(system) hwservicemanage expire 10 lines
10-10 18:00:07.855 22538 22569 W Settings: Setting install_non_market_apps has moved from android.provider.Settings.Global to android.provider.Settings.Secure, returning read-only value.
10-10 18:00:08.049 22538 22569 I Finsky  : [2721] kgm.a(3): Task 7 requested foreground
10-10 18:00:08.050 22538 22569 I Finsky  : [2721] kgm.a(17): Not entering foreground
10-10 18:00:09.895  1659   397 I chatty  : uid=1000 system_server expire 1 line
10-10 18:00:09.903  1659   389 I chatty  : uid=1000 system_server expire 1 line
10-10 18:00:09.959  1659   396 I chatty  : uid=1000 system_server expire 1 line
10-10 18:00:20.239 22538 22569 I Finsky  : [2721] ygg.b(4): PSIC verification started with installer uid: 2000 package name: pc, originating uid: -1
10-10 18:00:20.241 22538 22538 I Finsky  : [2] yby.c(8): Verifying id=79, result=1
10-10 18:00:20.243 22538 22538 I Finsky  : [2] yby.h(6): Verification complete: id=79, package_name=com.example.filemanager
10-10 18:00:20.246 22538 22562 E Parcel  : Reading a NULL string not supported here.
10-10 18:00:20.314 22538 22611 E Parcel  : Reading a NULL string not supported here.
10-10 18:00:20.391  1659  2276 I chatty  : uid=1000(system) OppoStamp expire 4 lines
10-10 18:00:20.896  1156 26498 E         : Couldn't opendir /data/app/vmdl1644114443.tmp: No such file or directory
10-10 18:00:20.896  1156 26498 E installd: Failed to delete /data/app/vmdl1644114443.tmp: No such file or directory
10-10 18:00:20.899  7320  7368 W Launcher.LauncherModel: onNewUpdatedAppsStarted pkgNames is invalid 
10-10 18:00:20.913  7320  7320 D Launcher.PackageUpdateHandler: onReceive intent = Intent { act=android.intent.action.PACKAGE_REMOVED dat=package:com.example.filemanager flg=0x4000010 (has extras) }
10-10 18:00:20.913  7320  7320 D Launcher.PackageUpdateHandler: onReceive userHandle = UserHandle{0}
10-10 18:00:20.915 31892 31892 I AstScreen.ApplicationStateChangeMonitor: ApplicationStateChangeReceiver onReceive, Intent { act=android.intent.action.PACKAGE_REMOVED dat=package:com.example.filemanager flg=0x4000010 (has extras) }
10-10 18:00:20.915 31892 31892 I AstScreen.ApplicationStateChangeMonitor: ApplicationStateChangeReceiver onReceive, action = android.intent.action.PACKAGE_REMOVED packageName = com.example.filemanager
10-10 18:00:20.917 32156 32173 D DateUtils: country : CN
10-10 18:00:20.919 32156 32173 D DateUtils: country : CN
10-10 18:00:20.921  1659  1666 I chatty  : uid=1000(system) FinalizerDaemon expire 10 lines
10-10 18:00:20.926 32435 32435 I EdgePanelDataUtil: onReceive update, return! pkg:com.example.filemanager
10-10 18:00:20.928  3717  3717 D RegisteredNfcServicesCache: uninstall packageName:com.example.filemanager
10-10 18:00:20.941  1659  2163 I chatty  : uid=1000(system) InputReader expire 18 lines
10-10 18:00:20.969  1659  5985 I chatty  : uid=1000(system) Binder:1659_1F expire 12 lines
10-10 18:00:20.971   542   542 I chatty  : uid=1000(system) hwservicemanage expire 92 lines
10-10 18:00:20.990 32490 32530 I chatty  : uid=1000(system) expire 4 lines
10-10 18:00:21.001  7320  7320 D Launcher.PackageUpdateHandler: onReceive intent = Intent { act=android.intent.action.PACKAGE_ADDED dat=package:com.example.filemanager flg=0x4000010 (has extras) }
10-10 18:00:21.001  7320  7320 D Launcher.PackageUpdateHandler: onReceive userHandle = UserHandle{0}
10-10 18:00:21.004 31892 31892 I AstScreen.ApplicationStateChangeMonitor: ApplicationStateChangeReceiver onReceive, Intent { act=android.intent.action.PACKAGE_ADDED dat=package:com.example.filemanager flg=0x4000010 (has extras) }
10-10 18:00:21.004 31892 31892 I AstScreen.ApplicationStateChangeMonitor: ApplicationStateChangeReceiver onReceive, action = android.intent.action.PACKAGE_ADDED packageName = com.example.filemanager
10-10 18:00:21.005 11723 11723 V PackageReceiver: (com.example.filemanager), at PackageReceiver.onReceive(PackageReceiver.java:31)
10-10 18:00:21.008  7320  7320 D Launcher.BadgeDataProviderCompatVP: onPackageUpdate, pkg = com.example.filemanager, userId = UserHandle{0}
10-10 18:00:21.009 32435 32435 I StatusBar: ACTION_PACKAGE_ADDED received. mSystemBarMultiColorList:[]
10-10 18:00:21.010 32435 32435 I EdgePanelDataUtil: onReceive update, return! pkg:com.example.filemanager
10-10 18:00:21.010 22538 22538 I Finsky  : [2] prh.a(7): PackageMonitor received: android.intent.action.PACKAGE_ADDED
10-10 18:00:21.010 22538 22538 I Finsky  : [2] psj.d(11): Invalidating cached PackageState for com.example.filemanager
10-10 18:00:21.013 22538 22538 I Finsky  : [2] zci.a(10): Do not start WearSupportService due to Wear service optimization
10-10 18:00:21.022 32156 32173 D DateUtils: country : CN
10-10 18:00:21.023  7320  7359 D Launcher.AllAppsList: updatePackage ---> packageName = com.example.filemanager, matches.size() = 1
10-10 18:00:21.025 32156 32173 D DateUtils: country : CN
10-10 18:00:21.032 22538 22538 I Finsky  : [2] pih.c(2): Frosting ID looked up on UI thread. Caller should move to a background thread.
10-10 18:00:21.039  7320  7320 D Launcher.Workspace: updateApps -- updated from open group = false
10-10 18:00:21.045  7320  7320 D Launcher.Workspace: updateApps -- updated from page = true
10-10 18:00:21.052  7320  7359 D Launcher.LauncherProvider: update uri content://com.oppo.launcher.settings/singledesktopitems/52?notify=false
10-10 18:00:21.066   905  7526 D AudioPolicyService: UidPolicy::notifyService() uid=10161 active=1
10-10 18:00:21.067 22538   520 I Finsky  : [2873] pid.run(16): Wrote row to frosting DB: 538
10-10 18:00:21.074 22538 22538 I Finsky  : [2] jtr.run(7): Package state data is missing for com.example.filemanager
10-10 18:00:21.088 11723 11723 I AppService: AppService on create, at AppService.onCreate(AppService.kt:45)
10-10 18:00:21.099 10624 10795 E Parcel  : Reading a NULL string not supported here.
10-10 18:00:21.104 10624 10795 E Parcel  : Reading a NULL string not supported here.
10-10 18:00:21.106  1659  1668 I chatty  : uid=1000(system) HeapTaskDaemon expire 10 lines
10-10 18:00:21.119 11723 11723 V TaskService: Action: ACTION_UPDATE_MOBILE_APP_STATUSKey: ACTION_UPDATE_MOBILE_APP_STATUS:com.example.filemanager, at TaskService.onStartCommand(TaskService.kt:22)
10-10 18:00:21.120 11723 11723 I TaskService: (ACTION_UPDATE_MOBILE_APP_STATUS:com.example.filemanager), at TaskService.onStartCommand(TaskService.kt:26)
10-10 18:00:21.120 11723 11723 V TaskService: Action: ACTION_CHECK_FOR_UPGRADEKey: ACTION_CHECK_FOR_UPGRADE:com.example.filemanager, at TaskService.onStartCommand(TaskService.kt:22)
10-10 18:00:21.120 11723   527 V TaskService: (ACTION_UPDATE_MOBILE_APP_STATUS:com.example.filemanager), at TaskService.onHandleIntent(TaskService.kt:46)
10-10 18:00:21.120 11723 11723 I TaskService: (ACTION_CHECK_FOR_UPGRADE:com.example.filemanager), at TaskService.onStartCommand(TaskService.kt:26)
10-10 18:00:21.121 11723 11723 V PackageService: PackageService create, at PackageService.onCreate(PackageService.kt:61)
10-10 18:00:21.125  7320  7320 D Launcher.Workspace: updateApps -- updated from open group = false
10-10 18:00:21.129  7320  7320 D Launcher.Workspace: updateApps -- updated from page = true
10-10 18:00:21.129  7320  7359 D Launcher.LauncherProvider: update uri content://com.oppo.launcher.settings/singledesktopitems/52?notify=false
10-10 18:00:21.136   875   942 E ANDR-PERF-MPCTL: Invalid profile no. 0, total profiles 0 only
10-10 18:00:21.142  1659  5909 I chatty  : uid=1000(system) Binder:1659_1C expire 11 lines
10-10 18:00:21.144 11723   527 D UpdateAppStatusAction: Get FileManager's MD5: 9b980bb66e3778e1914db4639b8a3794, at UpdateAppStatusAction.onHandleAction(UpdateAppStatusAction.kt:77)
10-10 18:00:21.144 11723   527 V UpdateAppStatusAction: Save FileManager's data, at UpdateAppStatusAction.onHandleAction(UpdateAppStatusAction.kt:93)
10-10 18:00:21.179  1659  1878 I chatty  : uid=1000(system) PackageManager expire 4 lines
10-10 18:00:21.179 11723 11723 V PackageAddedAction: [Packager added] Package Name: com.example.filemanager, key: 6576c4b3f035b78f34e77a020f77ec2b, at PackageAddedAction.getTaskKey(PackageAddedAction.kt:51)
10-10 18:00:21.179 11723 11723 V TaskService: Action: ACTION_PACKAGE_ADDEDKey: 6576c4b3f035b78f34e77a020f77ec2b, at TaskService.onStartCommand(TaskService.kt:22)
10-10 18:00:21.180 11723 11723 I TaskService: (6576c4b3f035b78f34e77a020f77ec2b), at TaskService.onStartCommand(TaskService.kt:26)
10-10 18:00:21.180 11723   543 V PackageAddedAction: [Packager added] Package Name: com.example.filemanager, key: 6576c4b3f035b78f34e77a020f77ec2b, at PackageAddedAction.getTaskKey(PackageAddedAction.kt:51)
10-10 18:00:21.180 11723   543 V TaskService: (6576c4b3f035b78f34e77a020f77ec2b), at TaskService.onHandleIntent(TaskService.kt:46)
10-10 18:00:21.180 11723   543 V PackageAddedAction: We have 's install state, at PackageAddedAction.doPackageAddedAction(PackageAddedAction.kt:96)
10-10 18:00:21.180 11723   543 V PackageAddedAction: We have 's install state, at PackageAddedAction.doPackageAddedAction(PackageAddedAction.kt:96)
10-10 18:00:21.180 11723   543 V PackageAddedAction: We have 's install state, at PackageAddedAction.doPackageAddedAction(PackageAddedAction.kt:96)
10-10 18:00:21.180 11723   543 V PackageAddedAction: We have 3 install state(s), at PackageAddedAction.doPackageAddedAction(PackageAddedAction.kt:103)
10-10 18:00:21.181 11723   527 V TaskService: (ACTION_CHECK_FOR_UPGRADE:com.example.filemanager), at TaskService.onHandleIntent(TaskService.kt:46)
10-10 18:00:21.181 11723   527 V CheckForUpgradeAction: com.example.filemanager, at CheckForUpgradeAction.onHandleAction(CheckForUpgradeAction.kt:56)
10-10 18:00:21.182 11723   527 D NATIVE-LIB: time 1570701621
10-10 18:00:21.182 11723   527 D NATIVE-LIB: time 5d9f0135
10-10 18:00:21.186 11723   527 V HttpClientFactory$CoolMarketCookieJar: Add cookies, host: api.coolapk.com, at HttpClientFactory$CoolMarketCookieJar.loadForRequest(HttpClientFactory.java:266)
10-10 18:00:21.199 22538 22538 I Finsky  : [2] prh.a(7): PackageMonitor received: android.intent.action.PACKAGE_ADDED
10-10 18:00:21.200 22538 22538 I Finsky  : [2] psj.d(11): Invalidating cached PackageState for com.example.filemanager
10-10 18:00:21.201 22538 22538 I Finsky  : [2] zci.a(10): Do not start WearSupportService due to Wear service optimization
10-10 18:00:21.209 22538 22538 I Finsky  : [2] pih.c(2): Frosting ID looked up on UI thread. Caller should move to a background thread.
10-10 18:00:21.210   908  1594 I chatty  : uid=1000(system) Binder:908_4 expire 13 lines
10-10 18:00:21.221 22538 22538 I Finsky  : [2] jtr.run(7): Package state data is missing for com.example.filemanager
10-10 18:00:21.225 31892 31892 I AstScreen.ApplicationStateChangeMonitor: ApplicationStateChangeReceiver onReceive, Intent { act=android.intent.action.PACKAGE_REPLACED dat=package:com.example.filemanager flg=0x4000010 (has extras) }
10-10 18:00:21.225 31892 31892 I AstScreen.ApplicationStateChangeMonitor: ApplicationStateChangeReceiver onReceive, action = android.intent.action.PACKAGE_REPLACED packageName = com.example.filemanager
10-10 18:00:21.226  1659  1659 I chatty  : uid=1000 system_server expire 10 lines
10-10 18:00:21.226 32435 32435 I StatusBar: ACTION_PACKAGE_ADDED received. mSystemBarMultiColorList:[]
10-10 18:00:21.226 11723 11723 V PackageService: PackageService destroy, at PackageService.onDestroy(PackageService.kt:89)
10-10 18:00:21.227 11723 11723 V PackageReceiver: (com.example.filemanager), at PackageReceiver.onReceive(PackageReceiver.java:61)
10-10 18:00:21.229 10624   456 I Auth    : [SupervisedAccountIntentOperation] onHandleIntent(): android.intent.action.PACKAGE_ADDED
10-10 18:00:21.232 11723   587 D NATIVE-LIB: time 1570701621
10-10 18:00:21.232 11723   587 D NATIVE-LIB: time 5d9f0135
10-10 18:00:21.234 10624   456 I ChromeSync: [Sync,SyncIntentOperation] Handling the intent: Intent { act=android.intent.action.PACKAGE_ADDED dat=package:com.example.filemanager flg=0x4000010 cmp=com.google.android.gms/.chimera.GmsIntentOperationService (has extras) }.
10-10 18:00:21.239  3717  3717 D RegisteredNfcFServicesCache: Service unchanged, not updating
10-10 18:00:21.241   588   588 I ple.filemanage: Late-enabling -Xcheck:jni
10-10 18:00:21.241 11723   587 V HttpClientFactory$CoolMarketCookieJar: Add cookies, host: api.coolapk.com, at HttpClientFactory$CoolMarketCookieJar.loadForRequest(HttpClientFactory.java:266)
10-10 18:00:21.243 22538   520 I Finsky  : [2873] pid.run(16): Wrote row to frosting DB: 539
10-10 18:00:21.245 31911 31911 I --nc--DataReceiver: onReceive intent= Intent { act=oppo.intent.action.PACKAGE_REMOVED dat=package:com.example.filemanager flg=0x5000010 cmp=com.coloros.notificationmanager/.receiver.DataReceiver (has extras) }
10-10 18:00:21.245 31911 31928 I --nc--DataReceiver: isreplace = true
10-10 18:00:21.246 11723   580 I RM_POWER_NET: com.coolapk.market(11723) Sucess to connect  to /203.107.1.65 (port 80) from /10.102.177.43 (port 42756)
10-10 18:00:21.252  1659  8418 I chatty  : uid=1000(system) Binder:1659_20 expire 16 lines
10-10 18:00:21.256 10624 26872 E Parcel  : Reading a NULL string not supported here.
10-10 18:00:21.262 10624 26872 I chatty  : uid=10032(com.google.android.gms) lowpool[29] identical 14 lines
10-10 18:00:21.263 10624 26872 E Parcel  : Reading a NULL string not supported here.
10-10 18:00:21.271 10624 11367 E Parcel  : Reading a NULL string not supported here.
10-10 18:00:21.273 10624 11367 E Parcel  : Reading a NULL string not supported here.
10-10 18:00:21.274 10624 11367 E Parcel  : Reading a NULL string not supported here.
10-10 18:00:21.275 10624 11367 E Parcel  : Reading a NULL string not supported here.
10-10 18:00:21.277  7320  7320 D Launcher.PackageUpdateHandler: onPackageChanged packageName = com.example.filemanager, user = UserHandle{0}
10-10 18:00:21.277 10624 11367 E Parcel  : Reading a NULL string not supported here.
10-10 18:00:21.280 10624 11367 E Parcel  : Reading a NULL string not supported here.
10-10 18:00:21.282 10624 11367 E Parcel  : Reading a NULL string not supported here.
10-10 18:00:21.294   905  7526 D AudioPolicyService: UidPolicy::notifyService() uid=10160 active=1
10-10 18:00:21.297   588   628 I ple.filemanage: The ClassLoaderContext is a special shared library.
10-10 18:00:21.302   857   857 I chatty  : uid=1000(system) thermal@1.0-ser expire 28 lines
10-10 18:00:21.304  3467  3514 D oiface  : forground package is com.example.filemanager
10-10 18:00:21.306 32435 32435 I StatusBar: setNavigationBarColor() vis:0 color:0 expandNavBar:false mNavState:0
10-10 18:00:21.307 32435 32435 D BarTransitions.NavigationBarView: setForceOpaque forceOpaque:false color:0 @com.android.systemui.statusbar.phone.NavigationBarTransitions@4f7d510
10-10 18:00:21.312 11723   527 I RM_POWER_NET: com.coolapk.market(11723) Sucess to connect  to api.coolapk.com/182.118.81.254 (port 443) from /10.102.177.43 (port 42368)
10-10 18:00:21.328   588   588 I System.out: Sending WAIT chunk
10-10 18:00:21.335   905  7526 D AudioPolicyService: UidPolicy::notifyService() uid=10091 active=1
10-10 18:00:21.337  3490  3490 I chatty  : uid=1000(system) com.coloros.persist.system expire 11 lines
10-10 18:00:21.346 32435 32435 D StatusBar: disable<E!i a s b h r c s > disable2<q i n >
10-10 18:00:21.346 32435 32435 V StatusBar: mStatusBarWindow: com.android.systemui.statusbar.phone.StatusBarWindowView{2aaa8b7 V.ED..... ........ 0,0-1080,84} canPanelBeCollapsed(): false
10-10 18:00:21.346 32435 32435 I StatusBar: setNavigationBarColor() vis:0 color:fffbfbfb expandNavBar:false mNavState:0
10-10 18:00:21.347 32435 32435 D BarTransitions.NavigationBarView: setForceOpaque forceOpaque:false color:0 @com.android.systemui.statusbar.phone.NavigationBarTransitions@4f7d510
10-10 18:00:21.368 11723   587 I RM_POWER_NET: com.coolapk.market(11723) Sucess to connect  to api.coolapk.com/182.118.81.254 (port 443) from /10.102.177.43 (port 42370)
10-10 18:00:21.380 20815 20815 D SecurePay.SecurePayService: onDestroy
10-10 18:00:21.394 10624 11048 I Icing   : IndexChimeraService.getServiceInterface callingPackage=com.google.android.gms componentName=AppsCorpus serviceId=36
10-10 18:00:21.395 10624   452 I FontsPackageChangeOp: Package com.example.filemanager has no metadata
10-10 18:00:21.406 10624 11367 E Parcel  : Reading a NULL string not supported here.
10-10 18:00:21.413 10624 11367 E Parcel  : Reading a NULL string not supported here.
10-10 18:00:21.423 10624 11367 E Parcel  : Reading a NULL string not supported here.
10-10 18:00:21.433 10624 11367 I chatty  : uid=10032(com.google.android.gms) identical 10 lines
10-10 18:00:21.435 10624 11367 E Parcel  : Reading a NULL string not supported here.
10-10 18:00:21.436 17384   652 I PhoneManager.ScannerImpl: [Mode] filterScanTask(): mLastMode - SCAN_PACKAGE, now mode - SCAN_PACKAGE, where - 3, state - 3
10-10 18:00:21.438 10624 11367 E Parcel  : Reading a NULL string not supported here.
10-10 18:00:21.440 17384   656 I PhoneManager.ScannerImpl: [Mode] New scanning, set mLastMode -> SCAN_PACKAGE
10-10 18:00:21.441 17384   656 W PhoneManager.VirusRomUpdateUtil: readCloudBlackList() VIRUS_CONFIG_LIST_FILE not exist.
10-10 18:00:21.442 17384 17413 I PhoneManager.AvastScanManager: getVirusBaseVersion avast = 191009-02
10-10 18:00:21.447 31911 31911 I --nc--DataReceiver: onReceive intent= Intent { act=oppo.intent.action.PACKAGE_ADDED dat=package:com.example.filemanager flg=0x5000010 cmp=com.coloros.notificationmanager/.receiver.DataReceiver (has extras) }
10-10 18:00:21.447 31911 31928 I --nc--DataReceiver: isreplace = true,pkg=com.example.filemanager
10-10 18:00:21.466 10624 10795 E Parcel  : Reading a NULL string not supported here.
10-10 18:00:21.475 32435 32435 D OppoStatusBarIconCtrl: not equal list1.size()=8, list2.size()=7
10-10 18:00:21.483 10624 28050 W Icing   : No valid account for uploading user actions: adgi: Not signed in
10-10 18:00:21.485  2762  2762 E PhoneInterfaceManager: [PhoneIntfMgr] getCarrierPackageNamesForIntent: No UICC
10-10 18:00:21.485  2762  2762 D CarrierSvcBindHelper: No carrier app for: 0
10-10 18:00:21.488  2762  2762 E PhoneInterfaceManager: [PhoneIntfMgr] getCarrierPackageNamesForIntent: No UICC
10-10 18:00:21.488  2762  2762 D CarrierSvcBindHelper: No carrier app for: 1
10-10 18:00:21.488  2762  2762 E PhoneInterfaceManager: [PhoneIntfMgr] getCarrierPackageNamesForIntent: No UICC
10-10 18:00:21.488  2762  2762 D CarrierSvcBindHelper: No carrier app for: 0
10-10 18:00:21.489  2762  2762 E PhoneInterfaceManager: [PhoneIntfMgr] getCarrierPackageNamesForIntent: No UICC
10-10 18:00:21.489  2762  2762 D CarrierSvcBindHelper: No carrier app for: 1
10-10 18:00:21.492  2762  2762 D ImsResolver: maybeAddedImsService, packageName: com.example.filemanager
10-10 18:00:21.494  2762  2762 D CarrierConfigLoader: mHandler: 9 phoneId: 0
10-10 18:00:21.500 20815 20815 D SecurePay.SecurePayService: onDestroy
10-10 18:00:21.503 10624 10795 E Parcel  : Reading a NULL string not supported here.
10-10 18:00:21.510 11723 11723 I AppService: AppService on destroy, at AppService.onDestroy(AppService.kt:70)
10-10 18:00:21.543 22538 22538 I Finsky  : [2] prh.a(7): PackageMonitor received: android.intent.action.PACKAGE_ADDED
10-10 18:00:21.543 22538 22538 I Finsky  : [2] psj.d(11): Invalidating cached PackageState for com.example.filemanager
10-10 18:00:21.543 32045 32045 I chatty  : uid=1000(system) expire 14 lines
10-10 18:00:21.544 22538 22538 I Finsky  : [2] zci.a(10): Do not start WearSupportService due to Wear service optimization
10-10 18:00:21.549 22538 22538 I Finsky  : [2] pih.c(2): Frosting ID looked up on UI thread. Caller should move to a background thread.
10-10 18:00:21.549   908   908 I chatty  : uid=1000(system) /system/bin/surfaceflinger expire 17 lines
10-10 18:00:21.558 22538 22538 I Finsky  : [2] jtr.run(7): Package state data is missing for com.example.filemanager
10-10 18:00:21.559 32435 32435 D OppoStatusBarIconCtrl: not equal list1.size()=7, list2.size()=8
10-10 18:00:21.562 10640 10775 E Parcel  : Reading a NULL string not supported here.
10-10 18:00:21.569 32435 32435 D OppoStatusBarIconCtrl: updateNotificationIcons-- not update notification icon
10-10 18:00:21.569 32435 32435 I Choreographer: Skipped 1 frames!  The application may be doing too much work on its main thread.
10-10 18:00:21.578 10624 11018 I Icing   : IndexChimeraService.getServiceInterface callingPackage=com.google.android.gms componentName=null serviceId=30
10-10 18:00:21.580 10640 29838 E Parcel  : Reading a NULL string not supported here.
10-10 18:00:21.581 10640 29838 E Parcel  : Reading a NULL string not supported here.
10-10 18:00:21.585  9028   706 E route   : try findMethod[market://PackageReceiverRouter/Void_onReceive_Context_Intent], result = null!!
10-10 18:00:21.594 10624 10636 I gle.android.gm: Background concurrent copying GC freed 46443(2MB) AllocSpace objects, 7(204KB) LOS objects, 50% free, 9MB/19MB, paused 1.008ms total 133.846ms
10-10 18:00:21.599  9028   710 W cdo_md5 : refreshAllAppMd5: start
10-10 18:00:21.600  9028  9117 W System.err: java.lang.IllegalArgumentException: Invalid path: /storage/emulated/0/ColorOS/Gamecenter/.dog
10-10 18:00:21.600  9028  9117 W System.err: 	at android.os.StatFs.doStat(StatFs.java:51)
10-10 18:00:21.600  9028  9117 W System.err: 	at android.os.StatFs.<init>(StatFs.java:41)
10-10 18:00:21.600  9028  9117 W System.err: 	at com.nearme.log.core.g.(LoganThread.java:317)
10-10 18:00:21.600  9028  9117 W System.err: 	at com.nearme.log.core.g.(LoganThread.java:191)
10-10 18:00:21.600  9028  9117 W System.err: 	at com.nearme.log.core.g.(LoganThread.java:122)
10-10 18:00:21.600  9028  9117 W System.err: 	at com.nearme.log.core.g.run(LoganThread.java:94)
10-10 18:00:21.600  9028  9117 W System.err: Caused by: android.system.ErrnoException: statvfs failed: ENOENT (No such file or directory)
10-10 18:00:21.600  9028  9117 W System.err: 	at libcore.io.Linux.statvfs(Native Method)
10-10 18:00:21.600  9028  9117 W System.err: 	at libcore.io.BlockGuardOs.statvfs(BlockGuardOs.java:333)
10-10 18:00:21.600  9028  9117 W System.err: 	at android.system.Os.statvfs(Os.java:570)
10-10 18:00:21.600  9028  9117 W System.err: 	at android.os.StatFs.doStat(StatFs.java:49)
10-10 18:00:21.600  9028  9117 W System.err: 	... 5 more
10-10 18:00:21.601  1659  2647 I chatty  : uid=1000(system) Binder:1659_7 expire 10 lines
10-10 18:00:21.601 22538   520 I Finsky  : [2873] pid.run(16): Wrote row to frosting DB: 540
10-10 18:00:21.602 32757   712 W cdo_md5 : refreshAllAppMd5: start
10-10 18:00:21.606 10624 28050 E Parcel  : Reading a NULL string not supported here.
10-10 18:00:21.615 10624 28050 I chatty  : uid=10032(com.google.android.gms) lowpool[31] identical 13 lines
10-10 18:00:21.616 10624 28050 E Parcel  : Reading a NULL string not supported here.
10-10 18:00:21.618 32435 32435 D OppoStatusBarIconCtrl: not equal list1.size()=8, list2.size()=7
10-10 18:00:21.618 10624 28050 E Parcel  : Reading a NULL string not supported here.
10-10 18:00:21.621 10624 28050 E Parcel  : Reading a NULL string not supported here.
10-10 18:00:21.621  1659  2928 I chatty  : uid=1000(system) Binder:1659_A expire 12 lines
10-10 18:00:21.624 10624 28050 E Parcel  : Reading a NULL string not supported here.
10-10 18:00:21.628  1659  2925 I chatty  : uid=1000(system) Binder:1659_9 expire 13 lines
10-10 18:00:21.629 32435 32435 I Choreographer: Skipped 2 frames!  The application may be doing too much work on its main thread.
10-10 18:00:21.630 32757   712 E Parcel  : Reading a NULL string not supported here.
10-10 18:00:21.632  9028   710 E Parcel  : Reading a NULL string not supported here.
10-10 18:00:21.636 32757   712 E Parcel  : Reading a NULL string not supported here.
10-10 18:00:21.638  9028   710 E Parcel  : Reading a NULL string not supported here.
10-10 18:00:21.638  9028   711 W cdo_md5 : refreshAppMd5compute: com.example.filemanager ,md5: 9b980bb66e3778e1914db4639b8a3794 ,status: 1_1570701620314_1570701607000 ,cost: 47
10-10 18:00:21.638  9028   711 W gamecenter_check_upgrade: startCheckUpgrade: part app: [com.example.filemanager] ,isCtaPass: false
10-10 18:00:21.644  9028   710 E Parcel  : Reading a NULL string not supported here.
10-10 18:00:21.645 32757   712 E Parcel  : Reading a NULL string not supported here.
10-10 18:00:21.646  9028   710 E Parcel  : Reading a NULL string not supported here.
10-10 18:00:21.648 32757   712 E Parcel  : Reading a NULL string not supported here.
10-10 18:00:21.649  9028   710 E Parcel  : Reading a NULL string not supported here.
10-10 18:00:21.654  9028   710 E Parcel  : Reading a NULL string not supported here.
10-10 18:00:21.658 10624 28050 E Parcel  : Reading a NULL string not supported here.
10-10 18:00:21.658 32757   712 E Parcel  : Reading a NULL string not supported here.
10-10 18:00:21.660 10624 28050 E Parcel  : Reading a NULL string not supported here.
10-10 18:00:21.664 32757   709 E route   : try findMethod[gamecenter://PackageReceiverRouter/Void_onReceive_Context_Intent], result = null!!
10-10 18:00:21.664  9028   710 E Parcel  : Reading a NULL string not supported here.
10-10 18:00:21.670 10624 28050 E Parcel  : Reading a NULL string not supported here.
10-10 18:00:21.671 32757   712 E Parcel  : Reading a NULL string not supported here.
10-10 18:00:21.672 32757   395 W httpdns : HttpDnsQuerier::query
10-10 18:00:21.678 32757   712 E Parcel  : Reading a NULL string not supported here.
10-10 18:00:21.678 10624 28050 E Parcel  : Reading a NULL string not supported here.
10-10 18:00:21.691 10624 28050 E Parcel  : Reading a NULL string not supported here.
10-10 18:00:21.698 10624 28050 I Icing   : Usage reports ok 3, Failed Usage reports 0, indexed 0, rejected 0
10-10 18:00:21.703 10624 28050 W Icing   : No valid account for uploading user actions: adgi: Not signed in
10-10 18:00:21.708  1659  4227 I chatty  : uid=1000(system) Binder:1659_14 expire 14 lines
10-10 18:00:21.711 10624 26872 E Parcel  : Reading a NULL string not supported here.
10-10 18:00:21.712 10624 28050 I Icing   : Usage reports ok 0, Failed Usage reports 0, indexed 0, rejected 0
10-10 18:00:21.716 10624 26872 E Parcel  : Reading a NULL string not supported here.
10-10 18:00:21.717  9028   710 W cdo_md5 : refreshAllAppMd5: cost: 116 ,installed count: 293 ,white app count: 33 ,update count: 1 ,delete count: 0 ,checkUpgradeAfterMd5: false
10-10 18:00:21.717 32757   715 W cdo_md5 : refreshAppMd5compute: com.example.filemanager ,md5: 9b980bb66e3778e1914db4639b8a3794 ,status: 1_1570701620314_1570701607000 ,cost: 52
10-10 18:00:21.718 32757   715 W market_check_upgrade: startCheckUpgrade: part app: [com.example.filemanager] ,isCtaPass: true
10-10 18:00:21.721 10624 26872 E Parcel  : Reading a NULL string not supported here.
10-10 18:00:21.724 10624 26872 E Parcel  : Reading a NULL string not supported here.
10-10 18:00:21.726 32435 32435 D OppoStatusBarIconCtrl: not equal list1.size()=7, list2.size()=8
10-10 18:00:21.726 10624 26872 E Parcel  : Reading a NULL string not supported here.
10-10 18:00:21.731 32757   715 W market_check_upgrade: type: 3 , checkUpgrade : old no ignore: 0
10-10 18:00:21.731 32757   712 W cdo_md5 : refreshAllAppMd5: cost: 129 ,installed count: 293 ,white app count: 33 ,update count: 1 ,delete count: 0 ,checkUpgradeAfterMd5: false
10-10 18:00:21.734 10624 26872 E Parcel  : Reading a NULL string not supported here.
10-10 18:00:21.735 32435 32435 D OppoStatusBarIconCtrl: updateNotificationIcons-- not update notification icon
10-10 18:00:21.737 10624 26872 E Parcel  : Reading a NULL string not supported here.
10-10 18:00:21.739 32757   715 W market_check_upgrade: type: 3 , createRequest: installed count: 1 ,white count: 1 ,request md5 count: 1 ,no md5 count: 0 ,cost: 5
10-10 18:00:21.742 32757   709 I RM_POWER_NET: com.oppo.market(32757) Sucess to connect  to igslb.cdo.oppomobile.com/13.250.92.24 (port 443) from /10.102.177.43 (port 40234)
10-10 18:00:21.772  3490   716 I chatty  : uid=1000(system) com.coloros.persist.system expire 3 lines
10-10 18:00:21.803  3490   639 I chatty  : uid=1000(system) com.coloros.persist.system expire 96 lines
10-10 18:00:21.855 32757   714 I RM_POWER_NET: com.oppo.market(32757) Sucess to connect  to in-store.realmemobile.com/149.129.169.4 (port 443) from /10.102.177.43 (port 47702)
10-10 18:00:21.872  1659  2371 I chatty  : uid=1000(system) Binder:1659_4 expire 10 lines
